   1                             		.file	"cpu_clock.c"
   2                             		.section P,"ax"
   3                             	.Ltext0:
   5                             	_out_w:
   6                             	.LFB0:
   7                             		.file 1 "d:\\tkernel_dev\\mtk3_bsp\\dev_bsp_b2_rskrx65n\\include\\tk\\sysdepend\\cpu\\rx65n\\sysli
   1:d:\tkernel_dev\mtk3_bsp\dev_bsp_b2_rskrx65n\include\tk\sysdepend\cpu\rx65n\syslib.h **** /*
   2:d:\tkernel_dev\mtk3_bsp\dev_bsp_b2_rskrx65n\include\tk\sysdepend\cpu\rx65n\syslib.h ****  *----------------------------------------------------------------------
   3:d:\tkernel_dev\mtk3_bsp\dev_bsp_b2_rskrx65n\include\tk\sysdepend\cpu\rx65n\syslib.h ****  *    micro T-Kernel 3.00.06.B0
   4:d:\tkernel_dev\mtk3_bsp\dev_bsp_b2_rskrx65n\include\tk\sysdepend\cpu\rx65n\syslib.h ****  *
   5:d:\tkernel_dev\mtk3_bsp\dev_bsp_b2_rskrx65n\include\tk\sysdepend\cpu\rx65n\syslib.h ****  *    Copyright (C) 2022 by Ken Sakamura.
   6:d:\tkernel_dev\mtk3_bsp\dev_bsp_b2_rskrx65n\include\tk\sysdepend\cpu\rx65n\syslib.h ****  *    This software is distributed under the T-License 2.2.
   7:d:\tkernel_dev\mtk3_bsp\dev_bsp_b2_rskrx65n\include\tk\sysdepend\cpu\rx65n\syslib.h ****  *----------------------------------------------------------------------
   8:d:\tkernel_dev\mtk3_bsp\dev_bsp_b2_rskrx65n\include\tk\sysdepend\cpu\rx65n\syslib.h ****  *
   9:d:\tkernel_dev\mtk3_bsp\dev_bsp_b2_rskrx65n\include\tk\sysdepend\cpu\rx65n\syslib.h ****  *    Released by TRON Forum(http://www.tron.org) at 2022/04.
  10:d:\tkernel_dev\mtk3_bsp\dev_bsp_b2_rskrx65n\include\tk\sysdepend\cpu\rx65n\syslib.h ****  *
  11:d:\tkernel_dev\mtk3_bsp\dev_bsp_b2_rskrx65n\include\tk\sysdepend\cpu\rx65n\syslib.h ****  *----------------------------------------------------------------------
  12:d:\tkernel_dev\mtk3_bsp\dev_bsp_b2_rskrx65n\include\tk\sysdepend\cpu\rx65n\syslib.h ****  */
  13:d:\tkernel_dev\mtk3_bsp\dev_bsp_b2_rskrx65n\include\tk\sysdepend\cpu\rx65n\syslib.h **** /*
  14:d:\tkernel_dev\mtk3_bsp\dev_bsp_b2_rskrx65n\include\tk\sysdepend\cpu\rx65n\syslib.h ****  *	syslib.h
  15:d:\tkernel_dev\mtk3_bsp\dev_bsp_b2_rskrx65n\include\tk\sysdepend\cpu\rx65n\syslib.h ****  *
  16:d:\tkernel_dev\mtk3_bsp\dev_bsp_b2_rskrx65n\include\tk\sysdepend\cpu\rx65n\syslib.h ****  *	micro T-Kernel System Library  (RX65N depended)
  17:d:\tkernel_dev\mtk3_bsp\dev_bsp_b2_rskrx65n\include\tk\sysdepend\cpu\rx65n\syslib.h ****  */
  18:d:\tkernel_dev\mtk3_bsp\dev_bsp_b2_rskrx65n\include\tk\sysdepend\cpu\rx65n\syslib.h **** 
  19:d:\tkernel_dev\mtk3_bsp\dev_bsp_b2_rskrx65n\include\tk\sysdepend\cpu\rx65n\syslib.h **** #ifndef __TK_SYSLIB_CPU_DEPEND_H__
  20:d:\tkernel_dev\mtk3_bsp\dev_bsp_b2_rskrx65n\include\tk\sysdepend\cpu\rx65n\syslib.h **** #define __TK_SYSLIB_CPU_DEPEND_H__
  21:d:\tkernel_dev\mtk3_bsp\dev_bsp_b2_rskrx65n\include\tk\sysdepend\cpu\rx65n\syslib.h **** 
  22:d:\tkernel_dev\mtk3_bsp\dev_bsp_b2_rskrx65n\include\tk\sysdepend\cpu\rx65n\syslib.h **** #include "../core/rxv2/syslib.h"
  23:d:\tkernel_dev\mtk3_bsp\dev_bsp_b2_rskrx65n\include\tk\sysdepend\cpu\rx65n\syslib.h **** 
  24:d:\tkernel_dev\mtk3_bsp\dev_bsp_b2_rskrx65n\include\tk\sysdepend\cpu\rx65n\syslib.h **** /*----------------------------------------------------------------------*/
  25:d:\tkernel_dev\mtk3_bsp\dev_bsp_b2_rskrx65n\include\tk\sysdepend\cpu\rx65n\syslib.h **** /*
  26:d:\tkernel_dev\mtk3_bsp\dev_bsp_b2_rskrx65n\include\tk\sysdepend\cpu\rx65n\syslib.h ****  * Interrupt controller Control
  27:d:\tkernel_dev\mtk3_bsp\dev_bsp_b2_rskrx65n\include\tk\sysdepend\cpu\rx65n\syslib.h ****  *
  28:d:\tkernel_dev\mtk3_bsp\dev_bsp_b2_rskrx65n\include\tk\sysdepend\cpu\rx65n\syslib.h ****  */
  29:d:\tkernel_dev\mtk3_bsp\dev_bsp_b2_rskrx65n\include\tk\sysdepend\cpu\rx65n\syslib.h **** #define IM_LEVEL	0x0004		/* Level trigger */
  30:d:\tkernel_dev\mtk3_bsp\dev_bsp_b2_rskrx65n\include\tk\sysdepend\cpu\rx65n\syslib.h **** #define IM_EDGE		0x0000		/* Edge trigger */
  31:d:\tkernel_dev\mtk3_bsp\dev_bsp_b2_rskrx65n\include\tk\sysdepend\cpu\rx65n\syslib.h **** 
  32:d:\tkernel_dev\mtk3_bsp\dev_bsp_b2_rskrx65n\include\tk\sysdepend\cpu\rx65n\syslib.h **** #define IM_HI		0x0000		/* H level/Interrupt at rising edge */
  33:d:\tkernel_dev\mtk3_bsp\dev_bsp_b2_rskrx65n\include\tk\sysdepend\cpu\rx65n\syslib.h **** #define IM_LOW		0x0001		/* L level/Interrupt at falling edge */
  34:d:\tkernel_dev\mtk3_bsp\dev_bsp_b2_rskrx65n\include\tk\sysdepend\cpu\rx65n\syslib.h **** #define IM_BOTH		0x0003		/* L level/Interrupt at both edge */
  35:d:\tkernel_dev\mtk3_bsp\dev_bsp_b2_rskrx65n\include\tk\sysdepend\cpu\rx65n\syslib.h **** 
  36:d:\tkernel_dev\mtk3_bsp\dev_bsp_b2_rskrx65n\include\tk\sysdepend\cpu\rx65n\syslib.h **** 
  37:d:\tkernel_dev\mtk3_bsp\dev_bsp_b2_rskrx65n\include\tk\sysdepend\cpu\rx65n\syslib.h **** /* 
  38:d:\tkernel_dev\mtk3_bsp\dev_bsp_b2_rskrx65n\include\tk\sysdepend\cpu\rx65n\syslib.h ****  * Set Software Configurable Interrupt (PERIA & PERIB)
  39:d:\tkernel_dev\mtk3_bsp\dev_bsp_b2_rskrx65n\include\tk\sysdepend\cpu\rx65n\syslib.h ****  */
  40:d:\tkernel_dev\mtk3_bsp\dev_bsp_b2_rskrx65n\include\tk\sysdepend\cpu\rx65n\syslib.h **** IMPORT ER SetPERI(UINT intno, UINT fctno);
  41:d:\tkernel_dev\mtk3_bsp\dev_bsp_b2_rskrx65n\include\tk\sysdepend\cpu\rx65n\syslib.h **** 
  42:d:\tkernel_dev\mtk3_bsp\dev_bsp_b2_rskrx65n\include\tk\sysdepend\cpu\rx65n\syslib.h **** 
  43:d:\tkernel_dev\mtk3_bsp\dev_bsp_b2_rskrx65n\include\tk\sysdepend\cpu\rx65n\syslib.h **** /* ------------------------------------------------------------------------ */
  44:d:\tkernel_dev\mtk3_bsp\dev_bsp_b2_rskrx65n\include\tk\sysdepend\cpu\rx65n\syslib.h **** /*
  45:d:\tkernel_dev\mtk3_bsp\dev_bsp_b2_rskrx65n\include\tk\sysdepend\cpu\rx65n\syslib.h ****  * I/O port access
  46:d:\tkernel_dev\mtk3_bsp\dev_bsp_b2_rskrx65n\include\tk\sysdepend\cpu\rx65n\syslib.h ****  *	for memory mapped I/O
  47:d:\tkernel_dev\mtk3_bsp\dev_bsp_b2_rskrx65n\include\tk\sysdepend\cpu\rx65n\syslib.h ****  */
  48:d:\tkernel_dev\mtk3_bsp\dev_bsp_b2_rskrx65n\include\tk\sysdepend\cpu\rx65n\syslib.h **** Inline void out_w( UW port, UW data )
  49:d:\tkernel_dev\mtk3_bsp\dev_bsp_b2_rskrx65n\include\tk\sysdepend\cpu\rx65n\syslib.h **** {
   8                             		.loc 1 49 1
   9 0000 7E AA                   		push.l	r10
  10                             	.LCFI0:
  11 0002 71 0A F8                		add	#-8, r0, r10
  12                             	.LCFI1:
  13 0005 EF A0                   		mov.L	r10, r0
  14 0007 E3 A1                   		mov.L	r1, [r10]
  15 0009 E7 A2 01                		mov.L	r2, 4[r10]
  50:d:\tkernel_dev\mtk3_bsp\dev_bsp_b2_rskrx65n\include\tk\sysdepend\cpu\rx65n\syslib.h **** 	*(_UW*)port = data;
  16                             		.loc 1 50 3
  17 000c EC A5                   		mov.L	[r10], r5
  18                             		.loc 1 50 14
  19 000e ED A4 01                		mov.L	4[r10], r4
  20 0011 E3 54                   		mov.L	r4, [r5]
  51:d:\tkernel_dev\mtk3_bsp\dev_bsp_b2_rskrx65n\include\tk\sysdepend\cpu\rx65n\syslib.h **** }
  21                             		.loc 1 51 1
  22 0013 03                      		nop
  23 0014 3F AA 03                		rtsd	#12, r10-r10
  24                             	.LFE0:
  27                             	_out_h:
  28                             	.LFB1:
  52:d:\tkernel_dev\mtk3_bsp\dev_bsp_b2_rskrx65n\include\tk\sysdepend\cpu\rx65n\syslib.h **** Inline void out_h( UW port, UH data )
  53:d:\tkernel_dev\mtk3_bsp\dev_bsp_b2_rskrx65n\include\tk\sysdepend\cpu\rx65n\syslib.h **** {
  29                             		.loc 1 53 1
  30 0017 7E AA                   		push.l	r10
  31                             	.LCFI2:
  32 0019 71 0A F8                		add	#-8, r0, r10
  33                             	.LCFI3:
  34 001c EF A0                   		mov.L	r10, r0
  35 001e E3 A1                   		mov.L	r1, [r10]
  36 0020 D7 A2 02                		mov.W	r2, 4[r10]
  54:d:\tkernel_dev\mtk3_bsp\dev_bsp_b2_rskrx65n\include\tk\sysdepend\cpu\rx65n\syslib.h **** 	*(_UH*)port = data;
  37                             		.loc 1 54 3
  38 0023 EC A5                   		mov.L	[r10], r5
  39                             		.loc 1 54 14
  40 0025 DD A4 02                		mov.W	4[r10], r4
  41 0028 D3 54                   		mov.W	r4, [r5]
  55:d:\tkernel_dev\mtk3_bsp\dev_bsp_b2_rskrx65n\include\tk\sysdepend\cpu\rx65n\syslib.h **** }
  42                             		.loc 1 55 1
  43 002a 03                      		nop
  44 002b 3F AA 03                		rtsd	#12, r10-r10
  45                             	.LFE1:
  48                             	_out_b:
  49                             	.LFB2:
  56:d:\tkernel_dev\mtk3_bsp\dev_bsp_b2_rskrx65n\include\tk\sysdepend\cpu\rx65n\syslib.h **** Inline void out_b( UW port, UB data )
  57:d:\tkernel_dev\mtk3_bsp\dev_bsp_b2_rskrx65n\include\tk\sysdepend\cpu\rx65n\syslib.h **** {
  50                             		.loc 1 57 1
  51 002e 7E AA                   		push.l	r10
  52                             	.LCFI4:
  53 0030 71 0A F8                		add	#-8, r0, r10
  54                             	.LCFI5:
  55 0033 EF A0                   		mov.L	r10, r0
  56 0035 E3 A1                   		mov.L	r1, [r10]
  57 0037 C7 A2 04                		mov.B	r2, 4[r10]
  58:d:\tkernel_dev\mtk3_bsp\dev_bsp_b2_rskrx65n\include\tk\sysdepend\cpu\rx65n\syslib.h **** 	*(_UB*)port = data;
  58                             		.loc 1 58 3
  59 003a EC A5                   		mov.L	[r10], r5
  60                             		.loc 1 58 14
  61 003c CD A4 04                		mov.B	4[r10], r4
  62 003f C3 54                   		mov.B	r4, [r5]
  59:d:\tkernel_dev\mtk3_bsp\dev_bsp_b2_rskrx65n\include\tk\sysdepend\cpu\rx65n\syslib.h **** }
  63                             		.loc 1 59 1
  64 0041 03                      		nop
  65 0042 3F AA 03                		rtsd	#12, r10-r10
  66                             	.LFE2:
  69                             	_in_b:
  70                             	.LFB5:
  60:d:\tkernel_dev\mtk3_bsp\dev_bsp_b2_rskrx65n\include\tk\sysdepend\cpu\rx65n\syslib.h **** 
  61:d:\tkernel_dev\mtk3_bsp\dev_bsp_b2_rskrx65n\include\tk\sysdepend\cpu\rx65n\syslib.h **** Inline UW in_w( UW port )
  62:d:\tkernel_dev\mtk3_bsp\dev_bsp_b2_rskrx65n\include\tk\sysdepend\cpu\rx65n\syslib.h **** {
  63:d:\tkernel_dev\mtk3_bsp\dev_bsp_b2_rskrx65n\include\tk\sysdepend\cpu\rx65n\syslib.h **** 	return *(_UW*)port;
  64:d:\tkernel_dev\mtk3_bsp\dev_bsp_b2_rskrx65n\include\tk\sysdepend\cpu\rx65n\syslib.h **** }
  65:d:\tkernel_dev\mtk3_bsp\dev_bsp_b2_rskrx65n\include\tk\sysdepend\cpu\rx65n\syslib.h **** Inline UH in_h( UW port )
  66:d:\tkernel_dev\mtk3_bsp\dev_bsp_b2_rskrx65n\include\tk\sysdepend\cpu\rx65n\syslib.h **** {
  67:d:\tkernel_dev\mtk3_bsp\dev_bsp_b2_rskrx65n\include\tk\sysdepend\cpu\rx65n\syslib.h **** 	return *(_UH*)port;
  68:d:\tkernel_dev\mtk3_bsp\dev_bsp_b2_rskrx65n\include\tk\sysdepend\cpu\rx65n\syslib.h **** }
  69:d:\tkernel_dev\mtk3_bsp\dev_bsp_b2_rskrx65n\include\tk\sysdepend\cpu\rx65n\syslib.h **** Inline UB in_b( UW port )
  70:d:\tkernel_dev\mtk3_bsp\dev_bsp_b2_rskrx65n\include\tk\sysdepend\cpu\rx65n\syslib.h **** {
  71                             		.loc 1 70 1
  72 0045 7E AA                   		push.l	r10
  73                             	.LCFI6:
  74 0047 71 0A FC                		add	#-4, r0, r10
  75                             	.LCFI7:
  76 004a EF A0                   		mov.L	r10, r0
  77 004c E3 A1                   		mov.L	r1, [r10]
  71:d:\tkernel_dev\mtk3_bsp\dev_bsp_b2_rskrx65n\include\tk\sysdepend\cpu\rx65n\syslib.h **** 	return *(_UB*)port;
  78                             		.loc 1 71 10
  79 004e EC A5                   		mov.L	[r10], r5
  80                             		.loc 1 71 9
  81 0050 CC 55                   		mov.B	[r5], r5
  82 0052 5B 55                   		movu.B	r5, r5
  72:d:\tkernel_dev\mtk3_bsp\dev_bsp_b2_rskrx65n\include\tk\sysdepend\cpu\rx65n\syslib.h **** }
  83                             		.loc 1 72 1
  84 0054 EF 51                   		mov.L	r5, r1
  85 0056 3F AA 02                		rtsd	#8, r10-r10
  86                             	.LFE5:
  88                             		.global	_startup_clock
  90                             	_startup_clock:
  91                             	.LFB7:
  92                             		.file 2 "../kernel/sysdepend/rsk_rx65n/cpu_clock.c"
   1:../kernel/sysdepend/rsk_rx65n/cpu_clock.c **** /*
   2:../kernel/sysdepend/rsk_rx65n/cpu_clock.c ****  *----------------------------------------------------------------------
   3:../kernel/sysdepend/rsk_rx65n/cpu_clock.c ****  *    micro T-Kernel 3.0 BSP
   4:../kernel/sysdepend/rsk_rx65n/cpu_clock.c ****  *
   5:../kernel/sysdepend/rsk_rx65n/cpu_clock.c ****  *    Copyright (C) 2022 by Ken Sakamura.
   6:../kernel/sysdepend/rsk_rx65n/cpu_clock.c ****  *    This software is distributed under the T-License 2.2.
   7:../kernel/sysdepend/rsk_rx65n/cpu_clock.c ****  *----------------------------------------------------------------------
   8:../kernel/sysdepend/rsk_rx65n/cpu_clock.c ****  *
   9:../kernel/sysdepend/rsk_rx65n/cpu_clock.c ****  *    Released by TRON Forum(http://www.tron.org) at 2022/04.
  10:../kernel/sysdepend/rsk_rx65n/cpu_clock.c ****  *
  11:../kernel/sysdepend/rsk_rx65n/cpu_clock.c ****  *----------------------------------------------------------------------
  12:../kernel/sysdepend/rsk_rx65n/cpu_clock.c ****  */
  13:../kernel/sysdepend/rsk_rx65n/cpu_clock.c **** 
  14:../kernel/sysdepend/rsk_rx65n/cpu_clock.c **** #include <sys/machine.h>
  15:../kernel/sysdepend/rsk_rx65n/cpu_clock.c **** #ifdef RSK_RX65N
  16:../kernel/sysdepend/rsk_rx65n/cpu_clock.c **** 
  17:../kernel/sysdepend/rsk_rx65n/cpu_clock.c **** /*
  18:../kernel/sysdepend/rsk_rx65n/cpu_clock.c ****  *	cpu_clock.c (Renesas Starter Kit+ for RX65N)
  19:../kernel/sysdepend/rsk_rx65n/cpu_clock.c ****  *	Clock Setting
  20:../kernel/sysdepend/rsk_rx65n/cpu_clock.c ****  */
  21:../kernel/sysdepend/rsk_rx65n/cpu_clock.c **** 
  22:../kernel/sysdepend/rsk_rx65n/cpu_clock.c **** #include <tk/tkernel.h>
  23:../kernel/sysdepend/rsk_rx65n/cpu_clock.c **** 
  24:../kernel/sysdepend/rsk_rx65n/cpu_clock.c **** #include "sysdepend.h"
  25:../kernel/sysdepend/rsk_rx65n/cpu_clock.c **** 
  26:../kernel/sysdepend/rsk_rx65n/cpu_clock.c **** /*
  27:../kernel/sysdepend/rsk_rx65n/cpu_clock.c ****  *  Startup System Clock
  28:../kernel/sysdepend/rsk_rx65n/cpu_clock.c ****  *    Used Main Clock(24MHz), Uesd PLL/UPLL, System Clock 120MHz
  29:../kernel/sysdepend/rsk_rx65n/cpu_clock.c ****  *    ICLK:120MHz, PCLKA:120MHz, PCLKB:60MHz, PCLKC:60MHz, PCLKD:60MHz, FCLK:60MHz, BCLK:60MHz, UCL
  30:../kernel/sysdepend/rsk_rx65n/cpu_clock.c ****  */
  31:../kernel/sysdepend/rsk_rx65n/cpu_clock.c **** EXPORT void startup_clock(void)
  32:../kernel/sysdepend/rsk_rx65n/cpu_clock.c **** {
  93                             		.loc 2 32 1
  94 0059 7E AA                   		push.l	r10
  95                             	.LCFI8:
  96 005b EF 0A                   		mov.L	r0, r10
  97                             	.LCFI9:
  33:../kernel/sysdepend/rsk_rx65n/cpu_clock.c **** 	out_h(SYSTEM_PRCR, 0xA503);			/* Register Protect Disable */
  98                             		.loc 2 33 2
  99 005d FB 2A 03 A5             		mov	#-23293, r2
 100 0061 FB 1E FE 03 08          		mov.L	#0x803fe, r1
 101 0066 39 B1 FF                		bsr	_out_h
  34:../kernel/sysdepend/rsk_rx65n/cpu_clock.c **** 
  35:../kernel/sysdepend/rsk_rx65n/cpu_clock.c **** 	out_b(SYSTEM_MOFCR, 0x00);			/* Set Main Clock (24MHz XTAL) */
 102                             		.loc 2 35 2
 103 0069 66 02                   		mov	#0, r2
 104 006b FB 1E 93 C2 08          		mov.L	#0x8c293, r1
 105 0070 39 BE FF                		bsr	_out_b
  36:../kernel/sysdepend/rsk_rx65n/cpu_clock.c **** 	out_b(SYSTEM_MOSCWTCR, 0x5C);			/* Set Main CLock Wait Time */
 106                             		.loc 2 36 2
 107 0073 75 42 5C                		mov	#0x5c, r2
 108 0076 FB 1E A2 00 08          		mov.L	#0x800a2, r1
 109 007b 39 B3 FF                		bsr	_out_b
  37:../kernel/sysdepend/rsk_rx65n/cpu_clock.c **** 	out_b(SYSTEM_MOSCCR, 0x00);			/* Enable Main Clock */
 110                             		.loc 2 37 2
 111 007e 66 02                   		mov	#0, r2
 112 0080 FB 1E 32 00 08          		mov.L	#0x80032, r1
 113 0085 39 A9 FF                		bsr	_out_b
  38:../kernel/sysdepend/rsk_rx65n/cpu_clock.c **** 	while(!(in_b(SYSTEM_OSCOVFSR) & 0x01));		/* Wait Main Clock Stabilization */
 114                             		.loc 2 38 7
 115 0088 03                      		nop
 116                             	.L7:
 117                             		.loc 2 38 10 discriminator 1
 118 0089 FB 1E 3C 00 08          		mov.L	#0x8003c, r1
 119 008e 39 B7 FF                		bsr	_in_b
 120 0091 EF 15                   		mov.L	r1, r5
 121                             		.loc 2 38 32 discriminator 1
 122 0093 5B 55                   		movu.B	r5, r5
 123 0095 64 15                   		and	#1, r5
 124                             		.loc 2 38 7 discriminator 1
 125 0097 61 05                   		cmp	#0, r5
 126 0099 20 F0                   		beq	.L7
  39:../kernel/sysdepend/rsk_rx65n/cpu_clock.c **** 
  40:../kernel/sysdepend/rsk_rx65n/cpu_clock.c **** 	out_b(SYSTEM_ROMWT, 0x02);			/* ROM wait 2 (120MHz) */
 127                             		.loc 2 40 2
 128 009b 66 22                   		mov	#2, r2
 129 009d FB 1E 1C 10 08          		mov.L	#0x8101c, r1
 130 00a2 39 8C FF                		bsr	_out_b
  41:../kernel/sysdepend/rsk_rx65n/cpu_clock.c **** 
  42:../kernel/sysdepend/rsk_rx65n/cpu_clock.c **** 	out_h(SYSTEM_PLLCR, 0x1301);			/* PLL 24MHz/2*10=120MHz */
 131                             		.loc 2 42 2
 132 00a5 FB 2A 01 13             		mov	#0x1301, r2
 133 00a9 FB 1E 28 00 08          		mov.L	#0x80028, r1
 134 00ae 39 69 FF                		bsr	_out_h
  43:../kernel/sysdepend/rsk_rx65n/cpu_clock.c **** 	out_b(SYSTEM_PLLCR2, 0x00);			/* Enable PLL */
 135                             		.loc 2 43 2
 136 00b1 66 02                   		mov	#0, r2
 137 00b3 FB 1E 2A 00 08          		mov.L	#0x8002a, r1
 138 00b8 39 76 FF                		bsr	_out_b
  44:../kernel/sysdepend/rsk_rx65n/cpu_clock.c **** 	while(!(in_b(SYSTEM_OSCOVFSR) & 0x04));		/* Wait PLL Stabilization */
 139                             		.loc 2 44 7
 140 00bb 03                      		nop
 141                             	.L8:
 142                             		.loc 2 44 10 discriminator 1
 143 00bc FB 1E 3C 00 08          		mov.L	#0x8003c, r1
 144 00c1 39 84 FF                		bsr	_in_b
 145 00c4 EF 15                   		mov.L	r1, r5
 146                             		.loc 2 44 32 discriminator 1
 147 00c6 5B 55                   		movu.B	r5, r5
 148 00c8 64 45                   		and	#4, r5
 149                             		.loc 2 44 7 discriminator 1
 150 00ca 61 05                   		cmp	#0, r5
 151 00cc 20 F0                   		beq	.L8
  45:../kernel/sysdepend/rsk_rx65n/cpu_clock.c **** 
  46:../kernel/sysdepend/rsk_rx65n/cpu_clock.c **** 	out_w(SYSTEM_SCKCR, 0x10010111);		/* ICLK=PCLKA:120MHz,FCLK=BCLK=PCLKB=PCLKC=PCLKD=60MHz */
 152                             		.loc 2 46 2
 153 00ce FB 22 11 01 01 10       		mov.L	#0x10010111, r2
 154 00d4 FB 1E 20 00 08          		mov.L	#0x80020, r1
 155 00d9 39 27 FF                		bsr	_out_w
  47:../kernel/sysdepend/rsk_rx65n/cpu_clock.c **** 	out_h(SYSTEM_SCKCR2, 0x0021);			/* UCLK:40MHz */
 156                             		.loc 2 47 2
 157 00dc 75 42 21                		mov	#33, r2
 158 00df FB 1E 24 00 08          		mov.L	#0x80024, r1
 159 00e4 39 33 FF                		bsr	_out_h
  48:../kernel/sysdepend/rsk_rx65n/cpu_clock.c **** 	out_h(SYSTEM_SCKCR3, 0x0400);			/* Select PLL */
 160                             		.loc 2 48 2
 161 00e7 FB 2A 00 04             		mov	#0x400, r2
 162 00eb FB 1E 26 00 08          		mov.L	#0x80026, r1
 163 00f0 39 27 FF                		bsr	_out_h
  49:../kernel/sysdepend/rsk_rx65n/cpu_clock.c **** 
  50:../kernel/sysdepend/rsk_rx65n/cpu_clock.c **** 	out_b(SYSTEM_LOCOCR, 0x01);			/* Disable LOCO */
 164                             		.loc 2 50 2
 165 00f3 66 12                   		mov	#1, r2
 166 00f5 FB 1E 34 00 08          		mov.L	#0x80034, r1
 167 00fa 39 34 FF                		bsr	_out_b
  51:../kernel/sysdepend/rsk_rx65n/cpu_clock.c **** 	out_b(RTC_RCR3, 0x06);				/* Disable Sub Clock */
 168                             		.loc 2 51 2
 169 00fd 66 62                   		mov	#6, r2
 170 00ff FB 1E 26 C4 08          		mov.L	#0x8c426, r1
 171 0104 39 2A FF                		bsr	_out_b
  52:../kernel/sysdepend/rsk_rx65n/cpu_clock.c **** 	out_b(SYSTEM_SOSCCR, 0x01);			/* Disable Sub Clock */
 172                             		.loc 2 52 2
 173 0107 66 12                   		mov	#1, r2
 174 0109 FB 1E 33 00 08          		mov.L	#0x80033, r1
 175 010e 39 20 FF                		bsr	_out_b
  53:../kernel/sysdepend/rsk_rx65n/cpu_clock.c **** 	while(!(in_b(SYSTEM_OSCOVFSR) & 0x02));		/* Wait Sub Clock Stoped */
 176                             		.loc 2 53 7
 177 0111 03                      		nop
 178                             	.L9:
 179                             		.loc 2 53 10 discriminator 1
 180 0112 FB 1E 3C 00 08          		mov.L	#0x8003c, r1
 181 0117 39 2E FF                		bsr	_in_b
 182 011a EF 15                   		mov.L	r1, r5
 183                             		.loc 2 53 32 discriminator 1
 184 011c 5B 55                   		movu.B	r5, r5
 185 011e 64 25                   		and	#2, r5
 186                             		.loc 2 53 7 discriminator 1
 187 0120 61 05                   		cmp	#0, r5
 188 0122 20 F0                   		beq	.L9
  54:../kernel/sysdepend/rsk_rx65n/cpu_clock.c **** 
  55:../kernel/sysdepend/rsk_rx65n/cpu_clock.c **** 	out_h(SYSTEM_PRCR, 0xA500);			/* Register protect Enable */
 189                             		.loc 2 55 2
 190 0124 FB 2A 00 A5             		mov	#-23296, r2
 191 0128 FB 1E FE 03 08          		mov.L	#0x803fe, r1
 192 012d 39 EA FE                		bsr	_out_h
  56:../kernel/sysdepend/rsk_rx65n/cpu_clock.c **** 
  57:../kernel/sysdepend/rsk_rx65n/cpu_clock.c **** 	return;
 193                             		.loc 2 57 2
 194 0130 03                      		nop
  58:../kernel/sysdepend/rsk_rx65n/cpu_clock.c **** }
 195                             		.loc 2 58 1
 196 0131 3F AA 01                		rtsd	#4, r10-r10
 197                             	.LFE7:
 199                             		.global	_shutdown_clock
 201                             	_shutdown_clock:
 202                             	.LFB8:
  59:../kernel/sysdepend/rsk_rx65n/cpu_clock.c **** 
  60:../kernel/sysdepend/rsk_rx65n/cpu_clock.c **** EXPORT void shutdown_clock(void)
  61:../kernel/sysdepend/rsk_rx65n/cpu_clock.c **** {
 203                             		.loc 2 61 1
 204 0134 7E AA                   		push.l	r10
 205                             	.LCFI10:
 206 0136 EF 0A                   		mov.L	r0, r10
 207                             	.LCFI11:
  62:../kernel/sysdepend/rsk_rx65n/cpu_clock.c **** }
 208                             		.loc 2 62 1
 209 0138 03                      		nop
 210 0139 3F AA 01                		rtsd	#4, r10-r10
 211                             	.LFE8:
 343                             	.Letext0:
 344                             		.file 3 "D:\\tkernel_dev\\mtk3_bsp\\dev_bsp_b2_rskrx65n\\include/tk/typedef.h"
 345                             		.file 4 "../kernel/sysdepend/rsk_rx65n/../cpu/rx65n/../core/rxv2/sysdepend.h"
 346                             		.file 5 "../kernel/sysdepend/rsk_rx65n/../cpu/rx65n/sysdepend.h"
