
Allocating common symbols
Common symbol       size              file

ll_devcb            0x60              ./device/i2c/sysdepend/rx65n/i2c_rx65n.o
flgid1              0x4               ./app_program/app_main.o
knl_lowmem_top      0x4               ./kernel/sysdepend/cpu/core/rxv2/reset_main.o
knl_lowmem_limit    0x4               ./kernel/sysdepend/cpu/core/rxv2/reset_main.o

Memory Configuration

Name             Origin             Length             Attributes
RAM              0x00000000         0x00040000
RAM2             0x00800000         0x00060000
ROM              0xffe00000         0x00200000
OFS              0xfe7f5d00         0x00000080
*default*        0x00000000         0xffffffff

Linker script and memory map

LOAD ./lib/libtm/sysdepend/nucleo_l476/tm_com.o
LOAD ./lib/libtm/sysdepend/nucleo_h723/tm_com.o
LOAD ./lib/libtm/sysdepend/no_device/tm_com.o
LOAD ./lib/libtm/sysdepend/iote_stm32l4/tm_com.o
LOAD ./lib/libtm/sysdepend/iote_rza2m/tm_com.o
LOAD ./lib/libtm/sysdepend/iote_rx231/tm_com.o
LOAD ./lib/libtm/sysdepend/iote_m367/tm_com.o
LOAD ./lib/libtm/libtm.o
LOAD ./lib/libtm/libtm_printf.o
LOAD ./lib/libtk/sysdepend/cpu/tx03_m367/int_m367.o
LOAD ./lib/libtk/sysdepend/cpu/tx03_m367/ptimer_m367.o
LOAD ./lib/libtk/sysdepend/cpu/stm32l4/int_stm32l4.o
LOAD ./lib/libtk/sysdepend/cpu/stm32l4/ptimer_stm32l4.o
LOAD ./lib/libtk/sysdepend/cpu/stm32h7/int_stm32h7.o
LOAD ./lib/libtk/sysdepend/cpu/stm32h7/ptimer_stm32h7.o
LOAD ./lib/libtk/sysdepend/cpu/rza2m/ptimer_rza2m.o
LOAD ./lib/libtk/sysdepend/cpu/rx65n/int_rx65n.o
LOAD ./lib/libtk/sysdepend/cpu/rx65n/ipr_rx65n.o
LOAD ./lib/libtk/sysdepend/cpu/rx65n/ptimer_rx65n.o
LOAD ./lib/libtk/sysdepend/cpu/rx231/int_rx231.o
LOAD ./lib/libtk/sysdepend/cpu/rx231/ipr_rx231.o
LOAD ./lib/libtk/sysdepend/cpu/rx231/ptimer_rx231.o
LOAD ./lib/libtk/sysdepend/cpu/core/rxv2/int_rxv2.o
LOAD ./lib/libtk/sysdepend/cpu/core/rxv2/wusec_rvx2.o
LOAD ./lib/libtk/sysdepend/cpu/core/armv7m/int_armv7m.o
LOAD ./lib/libtk/sysdepend/cpu/core/armv7m/wusec_armv7m.o
LOAD ./lib/libtk/sysdepend/cpu/core/armv7a/int_armv7a.o
LOAD ./lib/libtk/sysdepend/cpu/core/armv7a/wusec_armv7a.o
LOAD ./lib/libtk/fastlock.o
LOAD ./lib/libtk/fastmlock.o
LOAD ./lib/libtk/kmalloc.o
LOAD ./kernel/usermain/usermain.o
LOAD ./kernel/tstdlib/bitop.o
LOAD ./kernel/tstdlib/string.o
LOAD ./kernel/tkernel/cpuctl.o
LOAD ./kernel/tkernel/device.o
LOAD ./kernel/tkernel/deviceio.o
LOAD ./kernel/tkernel/eventflag.o
LOAD ./kernel/tkernel/int.o
LOAD ./kernel/tkernel/klock.o
LOAD ./kernel/tkernel/mailbox.o
LOAD ./kernel/tkernel/memory.o
LOAD ./kernel/tkernel/mempfix.o
LOAD ./kernel/tkernel/mempool.o
LOAD ./kernel/tkernel/messagebuf.o
LOAD ./kernel/tkernel/misc_calls.o
LOAD ./kernel/tkernel/mutex.o
LOAD ./kernel/tkernel/objname.o
LOAD ./kernel/tkernel/power.o
LOAD ./kernel/tkernel/rendezvous.o
LOAD ./kernel/tkernel/semaphore.o
LOAD ./kernel/tkernel/task.o
LOAD ./kernel/tkernel/task_manage.o
LOAD ./kernel/tkernel/task_sync.o
LOAD ./kernel/tkernel/time_calls.o
LOAD ./kernel/tkernel/timer.o
LOAD ./kernel/tkernel/tkinit.o
LOAD ./kernel/tkernel/wait.o
LOAD ./kernel/sysinit/sysinit.o
LOAD ./kernel/sysdepend/rtb_rx65n/cpu_clock.o
LOAD ./kernel/sysdepend/rtb_rx65n/devinit.o
LOAD ./kernel/sysdepend/rtb_rx65n/hw_setting.o
LOAD ./kernel/sysdepend/rtb_rx65n/power_save.o
LOAD ./kernel/sysdepend/nucleo_l476/devinit.o
LOAD ./kernel/sysdepend/nucleo_l476/hw_setting.o
LOAD ./kernel/sysdepend/nucleo_l476/power_save.o
LOAD ./kernel/sysdepend/nucleo_h723/devinit.o
LOAD ./kernel/sysdepend/nucleo_h723/hw_setting.o
LOAD ./kernel/sysdepend/nucleo_h723/power_save.o
LOAD ./kernel/sysdepend/iote_stm32l4/devinit.o
LOAD ./kernel/sysdepend/iote_stm32l4/hw_setting.o
LOAD ./kernel/sysdepend/iote_stm32l4/power_save.o
LOAD ./kernel/sysdepend/iote_rza2m/devinit.o
LOAD ./kernel/sysdepend/iote_rza2m/hw_setting.o
LOAD ./kernel/sysdepend/iote_rza2m/power_save.o
LOAD ./kernel/sysdepend/iote_rx231/devinit.o
LOAD ./kernel/sysdepend/iote_rx231/hw_setting.o
LOAD ./kernel/sysdepend/iote_rx231/power_save.o
LOAD ./kernel/sysdepend/iote_m367/devinit.o
LOAD ./kernel/sysdepend/iote_m367/hw_setting.o
LOAD ./kernel/sysdepend/iote_m367/power_save.o
LOAD ./kernel/sysdepend/cpu/tx03_m367/cpu_clock.o
LOAD ./kernel/sysdepend/cpu/tx03_m367/vector_tbl.o
LOAD ./kernel/sysdepend/cpu/stm32l4/cpu_clock.o
LOAD ./kernel/sysdepend/cpu/stm32l4/vector_tbl.o
LOAD ./kernel/sysdepend/cpu/stm32h7/cpu_clock.o
LOAD ./kernel/sysdepend/cpu/stm32h7/vector_tbl.o
LOAD ./kernel/sysdepend/cpu/rza2m/cpu_clock.o
LOAD ./kernel/sysdepend/cpu/rza2m/sf_boot.o
LOAD ./kernel/sysdepend/cpu/rza2m/ttb_ini.o
LOAD ./kernel/sysdepend/cpu/rx65n/hllint_ent.o
LOAD ./kernel/sysdepend/cpu/rx65n/hllint_tbl.o
LOAD ./kernel/sysdepend/cpu/rx65n/intvect_tbl.o
LOAD ./kernel/sysdepend/cpu/rx231/cpu_clock.o
LOAD ./kernel/sysdepend/cpu/rx231/hllint_ent.o
LOAD ./kernel/sysdepend/cpu/rx231/hllint_tbl.o
LOAD ./kernel/sysdepend/cpu/rx231/intvect_tbl.o
LOAD ./kernel/sysdepend/cpu/core/rxv2/cpu_cntl.o
LOAD ./kernel/sysdepend/cpu/core/rxv2/dispatch.o
LOAD ./kernel/sysdepend/cpu/core/rxv2/exc_hdr.o
LOAD ./kernel/sysdepend/cpu/core/rxv2/int_asm.o
LOAD ./kernel/sysdepend/cpu/core/rxv2/interrupt.o
LOAD ./kernel/sysdepend/cpu/core/rxv2/reset_hdl.o
LOAD ./kernel/sysdepend/cpu/core/rxv2/reset_main.o
LOAD ./kernel/sysdepend/cpu/core/rxv2/vector_tbl.o
LOAD ./kernel/sysdepend/cpu/core/armv7m/cpu_cntl.o
LOAD ./kernel/sysdepend/cpu/core/armv7m/dispatch.o
LOAD ./kernel/sysdepend/cpu/core/armv7m/exc_hdr.o
LOAD ./kernel/sysdepend/cpu/core/armv7m/interrupt.o
LOAD ./kernel/sysdepend/cpu/core/armv7m/reset_hdl.o
LOAD ./kernel/sysdepend/cpu/core/armv7a/cpu_cntl.o
LOAD ./kernel/sysdepend/cpu/core/armv7a/dispatch.o
LOAD ./kernel/sysdepend/cpu/core/armv7a/exc_entry.o
LOAD ./kernel/sysdepend/cpu/core/armv7a/exc_hdl.o
LOAD ./kernel/sysdepend/cpu/core/armv7a/int_asm.o
LOAD ./kernel/sysdepend/cpu/core/armv7a/interrupt.o
LOAD ./kernel/sysdepend/cpu/core/armv7a/reset_hdl.o
LOAD ./kernel/sysdepend/cpu/core/armv7a/reset_main.o
LOAD ./kernel/sysdepend/cpu/core/armv7a/vector_tbl.o
LOAD ./kernel/inittask/inittask.o
LOAD ./device/ser/sysdepend/tx03_m367/ser_m367.o
LOAD ./device/ser/sysdepend/stm32l4/ser_stm32l4.o
LOAD ./device/ser/sysdepend/stm32h7/ser_stm32h7.o
LOAD ./device/ser/sysdepend/rza2m/ser_rza2m.o
LOAD ./device/ser/sysdepend/rx65n/ser_rx65n.o
LOAD ./device/ser/sysdepend/rx231/ser_rx231.o
LOAD ./device/ser/ser.o
LOAD ./device/i2c/sysdepend/tx03_m367/i2c_m367.o
LOAD ./device/i2c/sysdepend/stm32l4/i2c_stm32l4.o
LOAD ./device/i2c/sysdepend/stm32h7/i2c_stm32h7.o
LOAD ./device/i2c/sysdepend/rza2m/i2c_rza2m.o
LOAD ./device/i2c/sysdepend/rx65n/i2c_rx65n.o
LOAD ./device/i2c/sysdepend/rx231/i2c_rx231.o
LOAD ./device/i2c/i2c.o
LOAD ./device/common/drvif/msdrvif.o
LOAD ./device/adc/sysdepend/tx03_m367/adc_m367.o
LOAD ./device/adc/sysdepend/stm32l4/adc_stm32l4.o
LOAD ./device/adc/sysdepend/stm32h7/adc_stm32h7.o
LOAD ./device/adc/sysdepend/rza2m/adc_rza2m.o
LOAD ./device/adc/sysdepend/rx65n/adc_rx65n.o
LOAD ./device/adc/sysdepend/rx231/adc_rx231.o
LOAD ./device/adc/adc.o
LOAD ./app_program/app_main.o
LOAD ./app_program/gesture.o
START GROUP
LOAD d:/tkernel_dev/tools_rx/gcc for renesas rx 8.3.0.202004-gnurx-elf/rx-elf/rx-elf/bin/../lib/gcc/rx-elf/8.3.0.202004-GNURX/../../../../rx-elf/lib/rxv2\libm.a
LOAD d:/tkernel_dev/tools_rx/gcc for renesas rx 8.3.0.202004-gnurx-elf/rx-elf/rx-elf/bin/../lib/gcc/rx-elf/8.3.0.202004-GNURX/../../../../rx-elf/lib/rxv2\libc.a
LOAD d:/tkernel_dev/tools_rx/gcc for renesas rx 8.3.0.202004-gnurx-elf/rx-elf/rx-elf/bin/../lib/gcc/rx-elf/8.3.0.202004-GNURX/rxv2\libgcc.a
END GROUP

.exvectors      0xffffff80       0x7c
                0xffffff80                _exvectors_start = .
 *(.exvectors)
 .exvectors     0xffffff80       0x7c ./kernel/sysdepend/cpu/core/rxv2/vector_tbl.o
                0xffffff80                exvect_tbl
                0xfffffffc                _exvectors_end = .

.fvectors       0xfffffffc        0x4
 *(.fvectors)
 .fvectors      0xfffffffc        0x4 ./kernel/sysdepend/cpu/core/rxv2/vector_tbl.o
                0xfffffffc                reset_vect

.text           0xfff80000     0xe0de
 *(.text)
 .text          0xfff80000      0xcf0 ./kernel/sysdepend/cpu/rx65n/hllint_ent.o
                0xfff80000                hll_inthdr_entry_0
                0xfff8000c                hll_inthdr_entry_1
                0xfff80018                hll_inthdr_entry_2
                0xfff80024                hll_inthdr_entry_3
                0xfff80030                hll_inthdr_entry_4
                0xfff8003c                hll_inthdr_entry_5
                0xfff80048                hll_inthdr_entry_6
                0xfff80054                hll_inthdr_entry_7
                0xfff80060                hll_inthdr_entry_8
                0xfff8006c                hll_inthdr_entry_9
                0xfff80078                hll_inthdr_entry_10
                0xfff80084                hll_inthdr_entry_11
                0xfff80090                hll_inthdr_entry_12
                0xfff8009c                hll_inthdr_entry_13
                0xfff800a8                hll_inthdr_entry_14
                0xfff800b4                hll_inthdr_entry_15
                0xfff800c0                hll_inthdr_entry_16
                0xfff800cd                hll_inthdr_entry_17
                0xfff800da                hll_inthdr_entry_18
                0xfff800e7                hll_inthdr_entry_19
                0xfff800f4                hll_inthdr_entry_20
                0xfff80101                hll_inthdr_entry_21
                0xfff8010e                hll_inthdr_entry_22
                0xfff8011b                hll_inthdr_entry_23
                0xfff80128                hll_inthdr_entry_24
                0xfff80135                hll_inthdr_entry_25
                0xfff80142                hll_inthdr_entry_26
                0xfff8014f                hll_inthdr_entry_27
                0xfff8015c                hll_inthdr_entry_28
                0xfff80169                hll_inthdr_entry_29
                0xfff80176                hll_inthdr_entry_30
                0xfff80183                hll_inthdr_entry_31
                0xfff80190                hll_inthdr_entry_32
                0xfff8019d                hll_inthdr_entry_33
                0xfff801aa                hll_inthdr_entry_34
                0xfff801b7                hll_inthdr_entry_35
                0xfff801c4                hll_inthdr_entry_36
                0xfff801d1                hll_inthdr_entry_37
                0xfff801de                hll_inthdr_entry_38
                0xfff801eb                hll_inthdr_entry_39
                0xfff801f8                hll_inthdr_entry_40
                0xfff80205                hll_inthdr_entry_41
                0xfff80212                hll_inthdr_entry_42
                0xfff8021f                hll_inthdr_entry_43
                0xfff8022c                hll_inthdr_entry_44
                0xfff80239                hll_inthdr_entry_45
                0xfff80246                hll_inthdr_entry_46
                0xfff80253                hll_inthdr_entry_47
                0xfff80260                hll_inthdr_entry_48
                0xfff8026d                hll_inthdr_entry_49
                0xfff8027a                hll_inthdr_entry_50
                0xfff80287                hll_inthdr_entry_51
                0xfff80294                hll_inthdr_entry_52
                0xfff802a1                hll_inthdr_entry_53
                0xfff802ae                hll_inthdr_entry_54
                0xfff802bb                hll_inthdr_entry_55
                0xfff802c8                hll_inthdr_entry_56
                0xfff802d5                hll_inthdr_entry_57
                0xfff802e2                hll_inthdr_entry_58
                0xfff802ef                hll_inthdr_entry_59
                0xfff802fc                hll_inthdr_entry_60
                0xfff80309                hll_inthdr_entry_61
                0xfff80316                hll_inthdr_entry_62
                0xfff80323                hll_inthdr_entry_63
                0xfff80330                hll_inthdr_entry_64
                0xfff8033d                hll_inthdr_entry_65
                0xfff8034a                hll_inthdr_entry_66
                0xfff80357                hll_inthdr_entry_67
                0xfff80364                hll_inthdr_entry_68
                0xfff80371                hll_inthdr_entry_69
                0xfff8037e                hll_inthdr_entry_70
                0xfff8038b                hll_inthdr_entry_71
                0xfff80398                hll_inthdr_entry_72
                0xfff803a5                hll_inthdr_entry_73
                0xfff803b2                hll_inthdr_entry_74
                0xfff803bf                hll_inthdr_entry_75
                0xfff803cc                hll_inthdr_entry_76
                0xfff803d9                hll_inthdr_entry_77
                0xfff803e6                hll_inthdr_entry_78
                0xfff803f3                hll_inthdr_entry_79
                0xfff80400                hll_inthdr_entry_80
                0xfff8040d                hll_inthdr_entry_81
                0xfff8041a                hll_inthdr_entry_82
                0xfff80427                hll_inthdr_entry_83
                0xfff80434                hll_inthdr_entry_84
                0xfff80441                hll_inthdr_entry_85
                0xfff8044e                hll_inthdr_entry_86
                0xfff8045b                hll_inthdr_entry_87
                0xfff80468                hll_inthdr_entry_88
                0xfff80475                hll_inthdr_entry_89
                0xfff80482                hll_inthdr_entry_90
                0xfff8048f                hll_inthdr_entry_91
                0xfff8049c                hll_inthdr_entry_92
                0xfff804a9                hll_inthdr_entry_93
                0xfff804b6                hll_inthdr_entry_94
                0xfff804c3                hll_inthdr_entry_95
                0xfff804d0                hll_inthdr_entry_96
                0xfff804dd                hll_inthdr_entry_97
                0xfff804ea                hll_inthdr_entry_98
                0xfff804f7                hll_inthdr_entry_99
                0xfff80504                hll_inthdr_entry_100
                0xfff80511                hll_inthdr_entry_101
                0xfff8051e                hll_inthdr_entry_102
                0xfff8052b                hll_inthdr_entry_103
                0xfff80538                hll_inthdr_entry_104
                0xfff80545                hll_inthdr_entry_105
                0xfff80552                hll_inthdr_entry_106
                0xfff8055f                hll_inthdr_entry_107
                0xfff8056c                hll_inthdr_entry_108
                0xfff80579                hll_inthdr_entry_109
                0xfff80586                hll_inthdr_entry_110
                0xfff80593                hll_inthdr_entry_111
                0xfff805a0                hll_inthdr_entry_112
                0xfff805ad                hll_inthdr_entry_113
                0xfff805ba                hll_inthdr_entry_114
                0xfff805c7                hll_inthdr_entry_115
                0xfff805d4                hll_inthdr_entry_116
                0xfff805e1                hll_inthdr_entry_117
                0xfff805ee                hll_inthdr_entry_118
                0xfff805fb                hll_inthdr_entry_119
                0xfff80608                hll_inthdr_entry_120
                0xfff80615                hll_inthdr_entry_121
                0xfff80622                hll_inthdr_entry_122
                0xfff8062f                hll_inthdr_entry_123
                0xfff8063c                hll_inthdr_entry_124
                0xfff80649                hll_inthdr_entry_125
                0xfff80656                hll_inthdr_entry_126
                0xfff80663                hll_inthdr_entry_127
                0xfff80670                hll_inthdr_entry_128
                0xfff8067d                hll_inthdr_entry_129
                0xfff8068a                hll_inthdr_entry_130
                0xfff80697                hll_inthdr_entry_131
                0xfff806a4                hll_inthdr_entry_132
                0xfff806b1                hll_inthdr_entry_133
                0xfff806be                hll_inthdr_entry_134
                0xfff806cb                hll_inthdr_entry_135
                0xfff806d8                hll_inthdr_entry_136
                0xfff806e5                hll_inthdr_entry_137
                0xfff806f2                hll_inthdr_entry_138
                0xfff806ff                hll_inthdr_entry_139
                0xfff8070c                hll_inthdr_entry_140
                0xfff80719                hll_inthdr_entry_141
                0xfff80726                hll_inthdr_entry_142
                0xfff80733                hll_inthdr_entry_143
                0xfff80740                hll_inthdr_entry_144
                0xfff8074d                hll_inthdr_entry_145
                0xfff8075a                hll_inthdr_entry_146
                0xfff80767                hll_inthdr_entry_147
                0xfff80774                hll_inthdr_entry_148
                0xfff80781                hll_inthdr_entry_149
                0xfff8078e                hll_inthdr_entry_150
                0xfff8079b                hll_inthdr_entry_151
                0xfff807a8                hll_inthdr_entry_152
                0xfff807b5                hll_inthdr_entry_153
                0xfff807c2                hll_inthdr_entry_154
                0xfff807cf                hll_inthdr_entry_155
                0xfff807dc                hll_inthdr_entry_156
                0xfff807e9                hll_inthdr_entry_157
                0xfff807f6                hll_inthdr_entry_158
                0xfff80803                hll_inthdr_entry_159
                0xfff80810                hll_inthdr_entry_160
                0xfff8081d                hll_inthdr_entry_161
                0xfff8082a                hll_inthdr_entry_162
                0xfff80837                hll_inthdr_entry_163
                0xfff80844                hll_inthdr_entry_164
                0xfff80851                hll_inthdr_entry_165
                0xfff8085e                hll_inthdr_entry_166
                0xfff8086b                hll_inthdr_entry_167
                0xfff80878                hll_inthdr_entry_168
                0xfff80885                hll_inthdr_entry_169
                0xfff80892                hll_inthdr_entry_170
                0xfff8089f                hll_inthdr_entry_171
                0xfff808ac                hll_inthdr_entry_172
                0xfff808b9                hll_inthdr_entry_173
                0xfff808c6                hll_inthdr_entry_174
                0xfff808d3                hll_inthdr_entry_175
                0xfff808e0                hll_inthdr_entry_176
                0xfff808ed                hll_inthdr_entry_177
                0xfff808fa                hll_inthdr_entry_178
                0xfff80907                hll_inthdr_entry_179
                0xfff80914                hll_inthdr_entry_180
                0xfff80921                hll_inthdr_entry_181
                0xfff8092e                hll_inthdr_entry_182
                0xfff8093b                hll_inthdr_entry_183
                0xfff80948                hll_inthdr_entry_184
                0xfff80955                hll_inthdr_entry_185
                0xfff80962                hll_inthdr_entry_186
                0xfff8096f                hll_inthdr_entry_187
                0xfff8097c                hll_inthdr_entry_188
                0xfff80989                hll_inthdr_entry_189
                0xfff80996                hll_inthdr_entry_190
                0xfff809a3                hll_inthdr_entry_191
                0xfff809b0                hll_inthdr_entry_192
                0xfff809bd                hll_inthdr_entry_193
                0xfff809ca                hll_inthdr_entry_194
                0xfff809d7                hll_inthdr_entry_195
                0xfff809e4                hll_inthdr_entry_196
                0xfff809f1                hll_inthdr_entry_197
                0xfff809fe                hll_inthdr_entry_198
                0xfff80a0b                hll_inthdr_entry_199
                0xfff80a18                hll_inthdr_entry_200
                0xfff80a25                hll_inthdr_entry_201
                0xfff80a32                hll_inthdr_entry_202
                0xfff80a3f                hll_inthdr_entry_203
                0xfff80a4c                hll_inthdr_entry_204
                0xfff80a59                hll_inthdr_entry_205
                0xfff80a66                hll_inthdr_entry_206
                0xfff80a73                hll_inthdr_entry_207
                0xfff80a80                hll_inthdr_entry_208
                0xfff80a8d                hll_inthdr_entry_209
                0xfff80a9a                hll_inthdr_entry_210
                0xfff80aa7                hll_inthdr_entry_211
                0xfff80ab4                hll_inthdr_entry_212
                0xfff80ac1                hll_inthdr_entry_213
                0xfff80ace                hll_inthdr_entry_214
                0xfff80adb                hll_inthdr_entry_215
                0xfff80ae8                hll_inthdr_entry_216
                0xfff80af5                hll_inthdr_entry_217
                0xfff80b02                hll_inthdr_entry_218
                0xfff80b0f                hll_inthdr_entry_219
                0xfff80b1c                hll_inthdr_entry_220
                0xfff80b29                hll_inthdr_entry_221
                0xfff80b36                hll_inthdr_entry_222
                0xfff80b43                hll_inthdr_entry_223
                0xfff80b50                hll_inthdr_entry_224
                0xfff80b5d                hll_inthdr_entry_225
                0xfff80b6a                hll_inthdr_entry_226
                0xfff80b77                hll_inthdr_entry_227
                0xfff80b84                hll_inthdr_entry_228
                0xfff80b91                hll_inthdr_entry_229
                0xfff80b9e                hll_inthdr_entry_230
                0xfff80bab                hll_inthdr_entry_231
                0xfff80bb8                hll_inthdr_entry_232
                0xfff80bc5                hll_inthdr_entry_233
                0xfff80bd2                hll_inthdr_entry_234
                0xfff80bdf                hll_inthdr_entry_235
                0xfff80bec                hll_inthdr_entry_236
                0xfff80bf9                hll_inthdr_entry_237
                0xfff80c06                hll_inthdr_entry_238
                0xfff80c13                hll_inthdr_entry_239
                0xfff80c20                hll_inthdr_entry_240
                0xfff80c2d                hll_inthdr_entry_241
                0xfff80c3a                hll_inthdr_entry_242
                0xfff80c47                hll_inthdr_entry_243
                0xfff80c54                hll_inthdr_entry_244
                0xfff80c61                hll_inthdr_entry_245
                0xfff80c6e                hll_inthdr_entry_246
                0xfff80c7b                hll_inthdr_entry_247
                0xfff80c88                hll_inthdr_entry_248
                0xfff80c95                hll_inthdr_entry_249
                0xfff80ca2                hll_inthdr_entry_250
                0xfff80caf                hll_inthdr_entry_251
                0xfff80cbc                hll_inthdr_entry_252
                0xfff80cc9                hll_inthdr_entry_253
                0xfff80cd6                hll_inthdr_entry_254
                0xfff80ce3                hll_inthdr_entry_255
 .text          0xfff80cf0       0x78 ./kernel/sysdepend/cpu/core/rxv2/dispatch.o
                0xfff80cf0                knl_dispatch_to_schedtsk
                0xfff80d0d                knl_dispatch_entry
                0xfff80d18                ret_int_dispatch
 .text          0xfff80d68       0x88 ./kernel/sysdepend/cpu/core/rxv2/int_asm.o
                0xfff80d68                knl_hll_inthdr
                0xfff80db9                knl_return_inthdr
 .text          0xfff80df0       0x23 ./kernel/sysdepend/cpu/core/rxv2/reset_hdl.o
                0xfff80df0                Reset_Handler
 *(.text.*)
 *(P)
 P              0xfff80e13        0x0 ./lib/libtm/sysdepend/nucleo_l476/tm_com.o
 P              0xfff80e13        0x0 ./lib/libtm/sysdepend/nucleo_h723/tm_com.o
 P              0xfff80e13       0x28 ./lib/libtm/sysdepend/no_device/tm_com.o
                0xfff80e13                tm_snd_dat
                0xfff80e23                tm_rcv_dat
                0xfff80e33                tm_com_init
 P              0xfff80e3b        0x0 ./lib/libtm/sysdepend/iote_stm32l4/tm_com.o
 P              0xfff80e3b        0x0 ./lib/libtm/sysdepend/iote_rza2m/tm_com.o
 P              0xfff80e3b        0x0 ./lib/libtm/sysdepend/iote_rx231/tm_com.o
 P              0xfff80e3b        0x0 ./lib/libtm/sysdepend/iote_m367/tm_com.o
 P              0xfff80e3b      0x13c ./lib/libtm/libtm.o
                0xfff80e3b                libtm_init
                0xfff80e47                tm_getchar
                0xfff80e72                tm_getline
                0xfff80eeb                tm_putchar
                0xfff80f32                tm_putstring
 *fill*         0xfff80f77        0x1 
 P              0xfff80f78      0x750 ./lib/libtm/libtm_printf.o
                0xfff81603                tm_printf
                0xfff81681                tm_sprintf
 P              0xfff816c8        0x0 ./lib/libtk/sysdepend/cpu/tx03_m367/int_m367.o
 P              0xfff816c8        0x0 ./lib/libtk/sysdepend/cpu/tx03_m367/ptimer_m367.o
 P              0xfff816c8        0x0 ./lib/libtk/sysdepend/cpu/stm32l4/int_stm32l4.o
 P              0xfff816c8        0x0 ./lib/libtk/sysdepend/cpu/stm32l4/ptimer_stm32l4.o
 P              0xfff816c8        0x0 ./lib/libtk/sysdepend/cpu/stm32h7/int_stm32h7.o
 P              0xfff816c8        0x0 ./lib/libtk/sysdepend/cpu/stm32h7/ptimer_stm32h7.o
 P              0xfff816c8        0x0 ./lib/libtk/sysdepend/cpu/rza2m/ptimer_rza2m.o
 P              0xfff816c8      0x12c ./lib/libtk/sysdepend/cpu/rx65n/int_rx65n.o
                0xfff816f3                SetPERI
 P              0xfff817f4        0x0 ./lib/libtk/sysdepend/cpu/rx65n/ipr_rx65n.o
 *fill*         0xfff817f4        0x4 
 P              0xfff817f8      0x390 ./lib/libtk/sysdepend/cpu/rx65n/ptimer_rx65n.o
                0xfff818b4                StartPhysicalTimer
                0xfff819e9                StopPhysicalTimer
                0xfff81a32                GetPhysicalTimerCount
                0xfff81a88                DefinePhysicalTimerHandler
                0xfff81adc                GetPhysicalTimerConfig
 P              0xfff81b88        0x0 ./lib/libtk/sysdepend/cpu/rx231/int_rx231.o
 P              0xfff81b88        0x0 ./lib/libtk/sysdepend/cpu/rx231/ipr_rx231.o
 P              0xfff81b88        0x0 ./lib/libtk/sysdepend/cpu/rx231/ptimer_rx231.o
 P              0xfff81b88      0x2b8 ./lib/libtk/sysdepend/cpu/core/rxv2/int_rxv2.o
                0xfff81b88                disint
                0xfff81bb4                setint
                0xfff81bdf                SetCpuIntLevel
                0xfff81c06                GetCpuIntLevel
                0xfff81c1f                EnableInt
                0xfff81cda                DisableInt
                0xfff81d35                ClearInt
                0xfff81d4c                EndOfInt
                0xfff81d59                CheckInt
                0xfff81d72                SetIntMode
 P              0xfff81e40       0xff ./lib/libtk/sysdepend/cpu/core/rxv2/wusec_rvx2.o
                0xfff81ecf                WaitUsec
                0xfff81efa                WaitNsec
 P              0xfff81f3f        0x0 ./lib/libtk/sysdepend/cpu/core/armv7m/int_armv7m.o
 P              0xfff81f3f        0x0 ./lib/libtk/sysdepend/cpu/core/armv7m/wusec_armv7m.o
 P              0xfff81f3f        0x0 ./lib/libtk/sysdepend/cpu/core/armv7a/int_armv7a.o
 P              0xfff81f3f        0x0 ./lib/libtk/sysdepend/cpu/core/armv7a/wusec_armv7a.o
 P              0xfff81f3f      0x153 ./lib/libtk/fastlock.o
                0xfff81fa0                Lock
                0xfff81fc7                Unlock
                0xfff81feb                CreateLock
                0xfff8206e                DeleteLock
 P              0xfff82092      0x270 ./lib/libtk/fastmlock.o
                0xfff82163                MLockTmo
                0xfff821d7                MLock
                0xfff821f6                MUnlock
                0xfff82242                CreateMLock
                0xfff822c7                DeleteMLock
 P              0xfff82302       0x61 ./lib/libtk/kmalloc.o
                0xfff82302                Kmalloc
                0xfff82318                Kcalloc
                0xfff82334                Krealloc
                0xfff82350                Kfree
 P              0xfff82363        0xb ./kernel/usermain/usermain.o
 P              0xfff8236e        0x0 ./kernel/tstdlib/bitop.o
 P              0xfff8236e      0x22e ./kernel/tstdlib/string.o
                0xfff8236e                knl_memset
                0xfff82407                knl_memcpy
                0xfff8243f                knl_strlen
                0xfff82465                knl_strcpy
                0xfff8249d                knl_strncpy
                0xfff824ff                knl_strcmp
                0xfff82554                knl_strcat
 *fill*         0xfff8259c        0x4 
 P              0xfff825a0      0x2b8 ./kernel/tkernel/cpuctl.o
                0xfff825b8                tk_dis_dsp
                0xfff825f0                tk_ena_dsp
                0xfff8263f                tk_set_reg
                0xfff82748                tk_get_reg
 P              0xfff82858      0x970 ./kernel/tkernel/device.o
                0xfff82946                knl_searchDevCB
                0xfff82a13                tk_def_dev
                0xfff82b85                tk_ref_idv
                0xfff82bb9                knl_phydevnm
                0xfff82cf1                tk_get_dev
                0xfff82d9f                tk_ref_dev
                0xfff82e51                tk_oref_dev
                0xfff82efa                tk_lst_dev
                0xfff82fe0                tk_evt_dev
                0xfff8312f                knl_initialize_devmgr
                0xfff8319c                knl_finish_devmgr
 P              0xfff831c8     0x12b8 ./kernel/tkernel/deviceio.o
                0xfff83290                knl_GetResCB
                0xfff832cb                knl_check_devdesc
                0xfff83333                knl_delOpnCB
                0xfff8336c                knl_delReqCB
                0xfff83392                knl_chkopen
                0xfff83567                tk_opn_dev
                0xfff83933                knl_close_device
                0xfff83a4e                tk_cls_dev
                0xfff83aed                knl_request
                0xfff83cd5                tk_rea_dev
                0xfff83d0e                tk_srea_dev
                0xfff83d73                tk_wri_dev
                0xfff83dac                tk_swri_dev
                0xfff83e56                tk_wai_dev
                0xfff841fd                tk_sus_dev
                0xfff84319                knl_devmgr_startup
                0xfff8434b                knl_devmgr_cleanup
                0xfff843e3                knl_initDevIO
                0xfff84474                knl_finishDevIO
 P              0xfff84480      0x708 ./kernel/tkernel/eventflag.o
                0xfff84577                knl_eventflag_initialize
                0xfff845bf                tk_cre_flg
                0xfff8468c                tk_del_flg
                0xfff84731                tk_set_flg
                0xfff8485a                tk_clr_flg
                0xfff8491f                tk_wai_flg
                0xfff84ad4                tk_ref_flg
 P              0xfff84b88       0xc8 ./kernel/tkernel/int.o
                0xfff84ba0                tk_def_int
                0xfff84c43                tk_ret_int
 P              0xfff84c50      0x408 ./kernel/tkernel/klock.o
                0xfff84eb3                knl_LockOBJ
                0xfff84fa3                knl_UnlockOBJ
 P              0xfff85058      0x5d8 ./kernel/tkernel/mailbox.o
                0xfff85158                knl_mailbox_initialize
                0xfff851a0                tk_cre_mbx
                0xfff85269                tk_del_mbx
                0xfff8530e                tk_snd_mbx
                0xfff8544d                tk_rcv_mbx
                0xfff8557d                tk_ref_mbx
 P              0xfff85630      0x5e0 ./kernel/tkernel/memory.o
                0xfff856a4                knl_searchFreeArea
                0xfff85746                knl_appendFreeArea
                0xfff8580a                knl_removeFreeQue
                0xfff85873                knl_insertAreaQue
                0xfff858ad                knl_removeAreaQue
                0xfff858e0                knl_Imalloc
                0xfff859a0                knl_Icalloc
                0xfff859dd                knl_Irealloc
                0xfff85a4d                knl_Ifree
                0xfff85afb                knl_init_Imalloc
 P              0xfff85c10      0x748 ./kernel/tkernel/mempfix.o
                0xfff85cef                knl_fix_memorypool_initialize
                0xfff85d41                tk_cre_mpf
                0xfff85ed5                tk_del_mpf
                0xfff85fe5                tk_get_mpf
                0xfff8616b                tk_rel_mpf
                0xfff86298                tk_ref_mpf
 P              0xfff86358      0xb18 ./kernel/tkernel/mempool.o
                0xfff86453                knl_memorypool_initialize
                0xfff8671c                knl_mpl_wakeup
                0xfff867c0                tk_cre_mpl
                0xfff86948                tk_del_mpl
                0xfff86a9b                tk_get_mpl
                0xfff86c2f                tk_rel_mpl
                0xfff86d2b                tk_ref_mpl
 P              0xfff86e70      0xa98 ./kernel/tkernel/messagebuf.o
                0xfff86f63                knl_messagebuffer_initialize
                0xfff870d6                tk_cre_mbf
                0xfff87268                tk_del_mbf
                0xfff87389                tk_snd_mbf
                0xfff87646                tk_rcv_mbf
                0xfff877f2                tk_ref_mbf
 P              0xfff87908      0x168 ./kernel/tkernel/misc_calls.o
                0xfff87920                tk_ref_sys
                0xfff87a36                tk_ref_ver
 P              0xfff87a70      0xa50 ./kernel/tkernel/mutex.o
                0xfff87b86                knl_mutex_initialize
                0xfff87bce                knl_release_mutex
                0xfff87c89                knl_signal_all_mutex
                0xfff87d20                knl_chg_pri_mutex
                0xfff87e12                tk_cre_mtx
                0xfff87f18                tk_del_mtx
                0xfff8808e                tk_loc_mtx
                0xfff882cf                tk_unl_mtx
                0xfff88402                tk_ref_mtx
 P              0xfff884c0        0x0 ./kernel/tkernel/objname.o
 P              0xfff884c0        0x0 ./kernel/tkernel/power.o
 P              0xfff884c0        0x0 ./kernel/tkernel/rendezvous.o
 P              0xfff884c0      0x678 ./kernel/tkernel/semaphore.o
                0xfff8855a                knl_semaphore_initialize
                0xfff885a2                tk_cre_sem
                0xfff886ab                tk_del_sem
                0xfff88750                tk_sig_sem
                0xfff88910                tk_wai_sem
                0xfff88a85                tk_ref_sem
 P              0xfff88b38      0x570 ./kernel/tkernel/task.o
                0xfff88e8b                knl_task_initialize
                0xfff88f13                knl_make_dormant
                0xfff88f74                knl_make_ready
                0xfff88fa2                knl_make_non_ready
                0xfff88fdb                knl_change_task_priority
                0xfff8905c                knl_rotate_ready_queue
                0xfff89077                knl_rotate_ready_queue_run
 P              0xfff890a8      0xb48 ./kernel/tkernel/task_manage.o
                0xfff891d6                tk_cre_tsk
                0xfff89382                tk_del_tsk
                0xfff89470                tk_sta_tsk
                0xfff895c6                tk_ext_tsk
                0xfff8964e                tk_exd_tsk
                0xfff896cf                tk_ter_tsk
                0xfff897de                tk_chg_pri
                0xfff898fd                tk_rot_rdq
                0xfff899a9                tk_get_tid
                0xfff899cb                tk_ref_tsk
                0xfff89b1e                tk_rel_wai
 P              0xfff89bf0      0x7c0 ./kernel/tkernel/task_sync.o
                0xfff89c3a                tk_sus_tsk
                0xfff89d8e                tk_rsm_tsk
                0xfff89ec9                tk_frsm_tsk
                0xfff89fdf                tk_slp_tsk
                0xfff8a0da                tk_wup_tsk
                0xfff8a206                tk_can_wup
                0xfff8a2d3                tk_dly_tsk
 P              0xfff8a3b0      0xf08 ./kernel/tkernel/time_calls.o
                0xfff8a61f                tk_set_utc
                0xfff8a6a3                tk_get_utc
                0xfff8a720                tk_set_tim
                0xfff8a7be                tk_get_tim
                0xfff8a853                tk_get_otm
                0xfff8a8c4                knl_cyclichandler_initialize
                0xfff8a90a                knl_call_cychdr
                0xfff8a968                tk_cre_cyc
                0xfff8aab3                tk_del_cyc
                0xfff8ab62                tk_sta_cyc
                0xfff8ac76                tk_stp_cyc
                0xfff8ad22                tk_ref_cyc
                0xfff8ae27                knl_alarmhandler_initialize
                0xfff8ae6d                knl_call_almhdr
                0xfff8ae9d                tk_cre_alm
                0xfff8af6b                tk_del_alm
                0xfff8b046                tk_sta_alm
                0xfff8b118                tk_stp_alm
                0xfff8b1c4                tk_ref_alm
 P              0xfff8b2b8      0x3b0 ./kernel/tkernel/timer.o
                0xfff8b420                knl_timer_startup
                0xfff8b45b                knl_timer_shutdown
                0xfff8b4ce                knl_timer_insert
                0xfff8b526                knl_timer_insert_reltim
                0xfff8b56b                knl_timer_insert_abs
                0xfff8b59b                knl_timer_handler
 P              0xfff8b668       0xb0 ./kernel/tkernel/tkinit.o
                0xfff8b668                knl_init_object
 P              0xfff8b718      0x3e0 ./kernel/tkernel/wait.o
                0xfff8b84a                knl_wait_release_ok
                0xfff8b863                knl_wait_release_ok_ercd
                0xfff8b881                knl_wait_release_ng
                0xfff8b8b3                knl_wait_release_tmout
                0xfff8b8e0                knl_make_wait
                0xfff8b950                knl_make_wait_reltim
                0xfff8b9c0                knl_wait_delete
                0xfff8b9ef                knl_wait_tskid
                0xfff8ba10                knl_gcb_make_wait
                0xfff8ba7d                knl_gcb_change_priority
                0xfff8ba9f                knl_gcb_top_of_wait_queue
 P              0xfff8baf8       0xe0 ./kernel/sysinit/sysinit.o
                0xfff8baf8                main
                0xfff8bbca                knl_tkernel_exit
 P              0xfff8bbd8      0x108 ./kernel/sysdepend/rtb_rx65n/cpu_clock.o
                0xfff8bc31                startup_clock
                0xfff8bcd8                shutdown_clock
 P              0xfff8bce0       0x47 ./kernel/sysdepend/rtb_rx65n/devinit.o
                0xfff8bce0                knl_init_device
                0xfff8bceb                knl_start_device
                0xfff8bd1c                knl_finish_device
 *fill*         0xfff8bd27        0x1 
 P              0xfff8bd28      0x160 ./kernel/sysdepend/rtb_rx65n/hw_setting.o
                0xfff8bd6d                knl_startup_hw
                0xfff8be23                knl_shutdown_hw
                0xfff8be31                knl_restart_hw
 P              0xfff8be88       0x10 ./kernel/sysdepend/rtb_rx65n/power_save.o
                0xfff8be88                low_pow
                0xfff8be90                off_pow
 P              0xfff8be98        0x0 ./kernel/sysdepend/nucleo_l476/devinit.o
 P              0xfff8be98        0x0 ./kernel/sysdepend/nucleo_l476/hw_setting.o
 P              0xfff8be98        0x0 ./kernel/sysdepend/nucleo_l476/power_save.o
 P              0xfff8be98        0x0 ./kernel/sysdepend/nucleo_h723/devinit.o
 P              0xfff8be98        0x0 ./kernel/sysdepend/nucleo_h723/hw_setting.o
 P              0xfff8be98        0x0 ./kernel/sysdepend/nucleo_h723/power_save.o
 P              0xfff8be98        0x0 ./kernel/sysdepend/iote_stm32l4/devinit.o
 P              0xfff8be98        0x0 ./kernel/sysdepend/iote_stm32l4/hw_setting.o
 P              0xfff8be98        0x0 ./kernel/sysdepend/iote_stm32l4/power_save.o
 P              0xfff8be98        0x0 ./kernel/sysdepend/iote_rza2m/devinit.o
 P              0xfff8be98        0x0 ./kernel/sysdepend/iote_rza2m/hw_setting.o
 P              0xfff8be98        0x0 ./kernel/sysdepend/iote_rza2m/power_save.o
 P              0xfff8be98        0x0 ./kernel/sysdepend/iote_rx231/devinit.o
 P              0xfff8be98        0x0 ./kernel/sysdepend/iote_rx231/hw_setting.o
 P              0xfff8be98        0x0 ./kernel/sysdepend/iote_rx231/power_save.o
 P              0xfff8be98        0x0 ./kernel/sysdepend/iote_m367/devinit.o
 P              0xfff8be98        0x0 ./kernel/sysdepend/iote_m367/hw_setting.o
 P              0xfff8be98        0x0 ./kernel/sysdepend/iote_m367/power_save.o
 P              0xfff8be98        0x0 ./kernel/sysdepend/cpu/tx03_m367/cpu_clock.o
 P              0xfff8be98        0x0 ./kernel/sysdepend/cpu/tx03_m367/vector_tbl.o
 P              0xfff8be98        0x0 ./kernel/sysdepend/cpu/stm32l4/cpu_clock.o
 P              0xfff8be98        0x0 ./kernel/sysdepend/cpu/stm32l4/vector_tbl.o
 P              0xfff8be98        0x0 ./kernel/sysdepend/cpu/stm32h7/cpu_clock.o
 P              0xfff8be98        0x0 ./kernel/sysdepend/cpu/stm32h7/vector_tbl.o
 P              0xfff8be98        0x0 ./kernel/sysdepend/cpu/rza2m/cpu_clock.o
 P              0xfff8be98        0x0 ./kernel/sysdepend/cpu/rza2m/sf_boot.o
 P              0xfff8be98        0x0 ./kernel/sysdepend/cpu/rza2m/ttb_ini.o
 P              0xfff8be98        0x0 ./kernel/sysdepend/cpu/rx65n/hllint_ent.o
 P              0xfff8be98        0x0 ./kernel/sysdepend/cpu/rx65n/hllint_tbl.o
 P              0xfff8be98        0x0 ./kernel/sysdepend/cpu/rx65n/intvect_tbl.o
 P              0xfff8be98        0x0 ./kernel/sysdepend/cpu/rx231/cpu_clock.o
 P              0xfff8be98        0x0 ./kernel/sysdepend/cpu/rx231/hllint_ent.o
 P              0xfff8be98        0x0 ./kernel/sysdepend/cpu/rx231/hllint_tbl.o
 P              0xfff8be98        0x0 ./kernel/sysdepend/cpu/rx231/intvect_tbl.o
 P              0xfff8be98      0x113 ./kernel/sysdepend/cpu/core/rxv2/cpu_cntl.o
                0xfff8be98                knl_set_reg
                0xfff8bf17                knl_get_reg
                0xfff8bf8a                knl_force_dispatch
                0xfff8bf9f                knl_dispatch
 P              0xfff8bfab        0x0 ./kernel/sysdepend/cpu/core/rxv2/dispatch.o
 P              0xfff8bfab       0x74 ./kernel/sysdepend/cpu/core/rxv2/exc_hdr.o
                0xfff8bfab                NMI_Handler
                0xfff8bfbd                SuperVisorInst_Handler
                0xfff8bfcf                AccessInst_Handler
                0xfff8bfe1                UndefinedInst_Handler
                0xfff8bff3                FloatingPoint_Handler
                0xfff8c005                Default_Handler
 P              0xfff8c01f        0x0 ./kernel/sysdepend/cpu/core/rxv2/int_asm.o
 P              0xfff8c01f       0x94 ./kernel/sysdepend/cpu/core/rxv2/interrupt.o
                0xfff8c01f                knl_define_inthdr
                0xfff8c0a8                knl_init_interrupt
 P              0xfff8c0b3        0x0 ./kernel/sysdepend/cpu/core/rxv2/reset_hdl.o
 P              0xfff8c0b3      0x13c ./kernel/sysdepend/cpu/core/rxv2/reset_main.o
                0xfff8c0c5                reset_main
 P              0xfff8c1ef        0x0 ./kernel/sysdepend/cpu/core/rxv2/vector_tbl.o
 P              0xfff8c1ef        0x0 ./kernel/sysdepend/cpu/core/armv7m/cpu_cntl.o
 P              0xfff8c1ef        0x0 ./kernel/sysdepend/cpu/core/armv7m/dispatch.o
 P              0xfff8c1ef        0x0 ./kernel/sysdepend/cpu/core/armv7m/exc_hdr.o
 P              0xfff8c1ef        0x0 ./kernel/sysdepend/cpu/core/armv7m/interrupt.o
 P              0xfff8c1ef        0x0 ./kernel/sysdepend/cpu/core/armv7m/reset_hdl.o
 P              0xfff8c1ef        0x0 ./kernel/sysdepend/cpu/core/armv7a/cpu_cntl.o
 P              0xfff8c1ef        0x0 ./kernel/sysdepend/cpu/core/armv7a/dispatch.o
 P              0xfff8c1ef        0x0 ./kernel/sysdepend/cpu/core/armv7a/exc_entry.o
 P              0xfff8c1ef        0x0 ./kernel/sysdepend/cpu/core/armv7a/exc_hdl.o
 P              0xfff8c1ef        0x0 ./kernel/sysdepend/cpu/core/armv7a/int_asm.o
 P              0xfff8c1ef        0x0 ./kernel/sysdepend/cpu/core/armv7a/interrupt.o
 P              0xfff8c1ef        0x0 ./kernel/sysdepend/cpu/core/armv7a/reset_hdl.o
 P              0xfff8c1ef        0x0 ./kernel/sysdepend/cpu/core/armv7a/reset_main.o
 P              0xfff8c1ef        0x0 ./kernel/sysdepend/cpu/core/armv7a/vector_tbl.o
 P              0xfff8c1ef       0x9d ./kernel/inittask/inittask.o
 P              0xfff8c28c        0x0 ./device/ser/sysdepend/tx03_m367/ser_m367.o
 P              0xfff8c28c        0x0 ./device/ser/sysdepend/stm32l4/ser_stm32l4.o
 P              0xfff8c28c        0x0 ./device/ser/sysdepend/stm32h7/ser_stm32h7.o
 P              0xfff8c28c        0x0 ./device/ser/sysdepend/rza2m/ser_rza2m.o
 P              0xfff8c28c        0x0 ./device/ser/sysdepend/rx65n/ser_rx65n.o
 P              0xfff8c28c        0x0 ./device/ser/sysdepend/rx231/ser_rx231.o
 P              0xfff8c28c        0x0 ./device/ser/ser.o
 P              0xfff8c28c        0x0 ./device/i2c/sysdepend/tx03_m367/i2c_m367.o
 P              0xfff8c28c        0x0 ./device/i2c/sysdepend/stm32l4/i2c_stm32l4.o
 P              0xfff8c28c        0x0 ./device/i2c/sysdepend/stm32h7/i2c_stm32h7.o
 P              0xfff8c28c        0x0 ./device/i2c/sysdepend/rza2m/i2c_rza2m.o
 *fill*         0xfff8c28c        0x4 
 P              0xfff8c290      0xba8 ./device/i2c/sysdepend/rx65n/i2c_rx65n.o
                0xfff8ca8b                dev_i2c_llctl
                0xfff8cd36                dev_i2c_llinit
 P              0xfff8ce38        0x0 ./device/i2c/sysdepend/rx231/i2c_rx231.o
 P              0xfff8ce38      0x4d8 ./device/i2c/i2c.o
                0xfff8d06b                dev_i2c_openfn
                0xfff8d0a8                dev_i2c_closefn
                0xfff8d0de                dev_i2c_readfn
                0xfff8d11b                dev_i2c_writefn
                0xfff8d158                dev_i2c_eventfn
                0xfff8d16f                dev_init_i2c
                0xfff8d27d                i2c_read_reg
                0xfff8d2cb                i2c_write_reg
 P              0xfff8d310      0x2c7 ./device/common/drvif/msdrvif.o
                0xfff8d49f                msdi_def_dev
                0xfff8d599                msdi_del_dev
 P              0xfff8d5d7        0x0 ./device/adc/sysdepend/tx03_m367/adc_m367.o
 P              0xfff8d5d7        0x0 ./device/adc/sysdepend/stm32l4/adc_stm32l4.o
 P              0xfff8d5d7        0x0 ./device/adc/sysdepend/stm32h7/adc_stm32h7.o
 P              0xfff8d5d7        0x0 ./device/adc/sysdepend/rza2m/adc_rza2m.o
 *fill*         0xfff8d5d7        0x1 
 P              0xfff8d5d8      0x550 ./device/adc/sysdepend/rx65n/adc_rx65n.o
                0xfff8d603                adc_inthdr
                0xfff8d7f0                dev_adc_llctl
                0xfff8d8ef                dev_adc_llinit
 P              0xfff8db28        0x0 ./device/adc/sysdepend/rx231/adc_rx231.o
 P              0xfff8db28      0x348 ./device/adc/adc.o
                0xfff8dc51                dev_adc_openfn
                0xfff8dc8e                dev_adc_closefn
                0xfff8dcc4                dev_adc_readfn
                0xfff8dd11                dev_adc_writefn
                0xfff8dd46                dev_adc_eventfn
                0xfff8dd5d                dev_init_adc
 P              0xfff8de70      0x1ba ./app_program/app_main.o
                0xfff8dead                tsk1
                0xfff8df12                tsk2
                0xfff8df98                tsk3
                0xfff8dfd5                usermain
 P              0xfff8e02a       0xb4 ./app_program/gesture.o
                0xfff8e02a                gesture_sensor_init
                0xfff8e087                gesture_sensor_get
                0xfff8e0de                etext = .

.rvectors       0xfff8e0e0      0x800
                0xfff8e0e0                _rvectors_start = .
 *(.rvectors)
 .rvectors      0xfff8e0e0      0x400 ./kernel/sysdepend/cpu/rx65n/intvect_tbl.o
                0xfff8e0e0                knl_int_vect_rom
                0xfff8e4e0                _rvectors_end = .
                0xfff8e4e0                . = ALIGN (0x4)
 *(.hvectors)
 .hvectors      0xfff8e4e0      0x400 ./kernel/sysdepend/cpu/rx65n/hllint_tbl.o
                0xfff8e4e0                knl_hll_inthdr_rom

.init           0xfff8e8e0        0x0
 *(.init)
                0xfff8e8e0                __preinit_array_start = .
 *(.preinit_array)
                0xfff8e8e0                __preinit_array_end = .
                0xfff8e8e0                __init_array_start = ((. + 0x3) & 0xfffffffc)
 *(.init_array)
 *(SORT(.init_array.*))
                0xfff8e8e0                __init_array_end = .
                0xfff8e8e0                __fini_array_start = .
 *(.fini_array)
 *(SORT(.fini_array.*))
                0xfff8e8e0                __fini_array_end = .

.fini
 *(.fini)

.got
 *(.got)
 *(.got.plt)

.rodata         0xfff8e8e0      0x754
 *(.rodata)
 *(.rodata.*)
 *(C_1)
 *(C_2)
 *(C)
 C              0xfff8e8e0        0x4 ./lib/libtm/libtm.o
 C              0xfff8e8e4       0x28 ./lib/libtm/libtm_printf.o
 C              0xfff8e90c      0x1e0 ./lib/libtk/sysdepend/cpu/rx65n/ipr_rx65n.o
                0xfff8e90c                IPR_index
 C              0xfff8eaec        0x8 ./lib/libtk/sysdepend/cpu/rx65n/ptimer_rx65n.o
 C              0xfff8eaf4        0x8 ./lib/libtk/fastlock.o
 C              0xfff8eafc        0x8 ./lib/libtk/fastmlock.o
 C              0xfff8eb04        0x8 ./kernel/tkernel/device.o
 C              0xfff8eb0c       0x10 ./kernel/tkernel/deviceio.o
 C              0xfff8eb1c       0x18 ./kernel/tkernel/eventflag.o
 C              0xfff8eb34       0x18 ./kernel/tkernel/mailbox.o
 C              0xfff8eb4c       0x18 ./kernel/tkernel/mempfix.o
 C              0xfff8eb64       0x18 ./kernel/tkernel/mempool.o
 C              0xfff8eb7c       0x24 ./kernel/tkernel/messagebuf.o
 C              0xfff8eba0       0x24 ./kernel/tkernel/mutex.o
 C              0xfff8ebc4       0x18 ./kernel/tkernel/semaphore.o
 C              0xfff8ebdc       0xc0 ./kernel/tkernel/task_manage.o
 C              0xfff8ec9c       0x18 ./kernel/tkernel/task_sync.o
 C              0xfff8ecb4       0xcc ./kernel/sysinit/sysinit.o
 C              0xfff8ed80       0xd4 ./kernel/sysdepend/rtb_rx65n/hw_setting.o
 C              0xfff8ee54       0xa8 ./kernel/sysdepend/cpu/core/rxv2/exc_hdr.o
 C              0xfff8eefc       0x6c ./kernel/inittask/inittask.o
                0xfff8eefc                knl_init_ctsk
 C              0xfff8ef68       0x3c ./device/i2c/sysdepend/rx65n/i2c_rx65n.o
 C              0xfff8efa4        0x4 ./device/i2c/i2c.o
 C              0xfff8efa8        0x8 ./device/adc/sysdepend/rx65n/adc_rx65n.o
 C              0xfff8efb0        0x4 ./device/adc/adc.o
 C              0xfff8efb4       0x80 ./app_program/app_main.o
                0xfff8efec                ctsk1
                0xfff8f004                ctsk2
                0xfff8f01c                ctsk3
                0xfff8f034                _erodata = .

.eh_frame_hdr
 *(.eh_frame_hdr)

.eh_frame
 *(.eh_frame)

.jcr
 *(.jcr)

.tors           0xfff8f034        0x0
                0xfff8f034                __CTOR_LIST__ = .
                0xfff8f034                . = ALIGN (0x2)
                0xfff8f034                ___ctors = .
 *(.ctors)
                0xfff8f034                ___ctors_end = .
                0xfff8f034                __CTOR_END__ = .
                0xfff8f034                __DTOR_LIST__ = .
                0xfff8f034                ___dtors = .
 *(.dtors)
                0xfff8f034                ___dtors_end = .
                0xfff8f034                __DTOR_END__ = .
                0xfff8f034                . = ALIGN (0x2)
                0xfff8f034                __data_org = .

.vector         0x00000000      0x800
                0x00000000                . = ALIGN (0x4)
 *(.data_ivector)
 .data_ivector  0x00000000      0x400 ./kernel/sysdepend/cpu/core/rxv2/interrupt.o
                0x00000000                knl_int_vect_ram
                0x00000400                . = ALIGN (0x4)
 *(.data_hvector)
 .data_hvector  0x00000400      0x400 ./kernel/sysdepend/cpu/core/rxv2/interrupt.o
                0x00000400                knl_hll_inthdr_ram

.data           0x00000800      0x1f8 load address 0xfff8f034
                0x00000800                . = ALIGN (0x4)
                0x00000800                __data_start = .
 *(.data)
 *(.data.*)
 *(D)
 D              0x00000800       0x40 ./lib/libtk/sysdepend/cpu/rx65n/ptimer_rx65n.o
                0x00000800                ptmrcb
 D              0x00000840      0x1b8 ./app_program/gesture.o
 *(D_1)
 D_1            0x000009f8        0x0 ./lib/libtm/sysdepend/nucleo_l476/tm_com.o
 D_1            0x000009f8        0x0 ./lib/libtm/sysdepend/nucleo_h723/tm_com.o
 D_1            0x000009f8        0x0 ./lib/libtm/sysdepend/no_device/tm_com.o
 D_1            0x000009f8        0x0 ./lib/libtm/sysdepend/iote_stm32l4/tm_com.o
 D_1            0x000009f8        0x0 ./lib/libtm/sysdepend/iote_rza2m/tm_com.o
 D_1            0x000009f8        0x0 ./lib/libtm/sysdepend/iote_rx231/tm_com.o
 D_1            0x000009f8        0x0 ./lib/libtm/sysdepend/iote_m367/tm_com.o
 D_1            0x000009f8        0x0 ./lib/libtm/libtm.o
 D_1            0x000009f8        0x0 ./lib/libtm/libtm_printf.o
 D_1            0x000009f8        0x0 ./lib/libtk/sysdepend/cpu/tx03_m367/int_m367.o
 D_1            0x000009f8        0x0 ./lib/libtk/sysdepend/cpu/tx03_m367/ptimer_m367.o
 D_1            0x000009f8        0x0 ./lib/libtk/sysdepend/cpu/stm32l4/int_stm32l4.o
 D_1            0x000009f8        0x0 ./lib/libtk/sysdepend/cpu/stm32l4/ptimer_stm32l4.o
 D_1            0x000009f8        0x0 ./lib/libtk/sysdepend/cpu/stm32h7/int_stm32h7.o
 D_1            0x000009f8        0x0 ./lib/libtk/sysdepend/cpu/stm32h7/ptimer_stm32h7.o
 D_1            0x000009f8        0x0 ./lib/libtk/sysdepend/cpu/rza2m/ptimer_rza2m.o
 D_1            0x000009f8        0x0 ./lib/libtk/sysdepend/cpu/rx65n/int_rx65n.o
 D_1            0x000009f8        0x0 ./lib/libtk/sysdepend/cpu/rx65n/ipr_rx65n.o
 D_1            0x000009f8        0x0 ./lib/libtk/sysdepend/cpu/rx65n/ptimer_rx65n.o
 D_1            0x000009f8        0x0 ./lib/libtk/sysdepend/cpu/rx231/int_rx231.o
 D_1            0x000009f8        0x0 ./lib/libtk/sysdepend/cpu/rx231/ipr_rx231.o
 D_1            0x000009f8        0x0 ./lib/libtk/sysdepend/cpu/rx231/ptimer_rx231.o
 D_1            0x000009f8        0x0 ./lib/libtk/sysdepend/cpu/core/rxv2/int_rxv2.o
 D_1            0x000009f8        0x0 ./lib/libtk/sysdepend/cpu/core/rxv2/wusec_rvx2.o
 D_1            0x000009f8        0x0 ./lib/libtk/sysdepend/cpu/core/armv7m/int_armv7m.o
 D_1            0x000009f8        0x0 ./lib/libtk/sysdepend/cpu/core/armv7m/wusec_armv7m.o
 D_1            0x000009f8        0x0 ./lib/libtk/sysdepend/cpu/core/armv7a/int_armv7a.o
 D_1            0x000009f8        0x0 ./lib/libtk/sysdepend/cpu/core/armv7a/wusec_armv7a.o
 D_1            0x000009f8        0x0 ./lib/libtk/fastlock.o
 D_1            0x000009f8        0x0 ./lib/libtk/fastmlock.o
 D_1            0x000009f8        0x0 ./lib/libtk/kmalloc.o
 D_1            0x000009f8        0x0 ./kernel/usermain/usermain.o
 D_1            0x000009f8        0x0 ./kernel/tstdlib/bitop.o
 D_1            0x000009f8        0x0 ./kernel/tstdlib/string.o
 D_1            0x000009f8        0x0 ./kernel/tkernel/cpuctl.o
 D_1            0x000009f8        0x0 ./kernel/tkernel/device.o
 D_1            0x000009f8        0x0 ./kernel/tkernel/deviceio.o
 D_1            0x000009f8        0x0 ./kernel/tkernel/eventflag.o
 D_1            0x000009f8        0x0 ./kernel/tkernel/int.o
 D_1            0x000009f8        0x0 ./kernel/tkernel/klock.o
 D_1            0x000009f8        0x0 ./kernel/tkernel/mailbox.o
 D_1            0x000009f8        0x0 ./kernel/tkernel/memory.o
 D_1            0x000009f8        0x0 ./kernel/tkernel/mempfix.o
 D_1            0x000009f8        0x0 ./kernel/tkernel/mempool.o
 D_1            0x000009f8        0x0 ./kernel/tkernel/messagebuf.o
 D_1            0x000009f8        0x0 ./kernel/tkernel/misc_calls.o
 D_1            0x000009f8        0x0 ./kernel/tkernel/mutex.o
 D_1            0x000009f8        0x0 ./kernel/tkernel/objname.o
 D_1            0x000009f8        0x0 ./kernel/tkernel/power.o
 D_1            0x000009f8        0x0 ./kernel/tkernel/rendezvous.o
 D_1            0x000009f8        0x0 ./kernel/tkernel/semaphore.o
 D_1            0x000009f8        0x0 ./kernel/tkernel/task.o
 D_1            0x000009f8        0x0 ./kernel/tkernel/task_manage.o
 D_1            0x000009f8        0x0 ./kernel/tkernel/task_sync.o
 D_1            0x000009f8        0x0 ./kernel/tkernel/time_calls.o
 D_1            0x000009f8        0x0 ./kernel/tkernel/timer.o
 D_1            0x000009f8        0x0 ./kernel/tkernel/tkinit.o
 D_1            0x000009f8        0x0 ./kernel/tkernel/wait.o
 D_1            0x000009f8        0x0 ./kernel/sysinit/sysinit.o
 D_1            0x000009f8        0x0 ./kernel/sysdepend/rtb_rx65n/cpu_clock.o
 D_1            0x000009f8        0x0 ./kernel/sysdepend/rtb_rx65n/devinit.o
 D_1            0x000009f8        0x0 ./kernel/sysdepend/rtb_rx65n/hw_setting.o
 D_1            0x000009f8        0x0 ./kernel/sysdepend/rtb_rx65n/power_save.o
 D_1            0x000009f8        0x0 ./kernel/sysdepend/nucleo_l476/devinit.o
 D_1            0x000009f8        0x0 ./kernel/sysdepend/nucleo_l476/hw_setting.o
 D_1            0x000009f8        0x0 ./kernel/sysdepend/nucleo_l476/power_save.o
 D_1            0x000009f8        0x0 ./kernel/sysdepend/nucleo_h723/devinit.o
 D_1            0x000009f8        0x0 ./kernel/sysdepend/nucleo_h723/hw_setting.o
 D_1            0x000009f8        0x0 ./kernel/sysdepend/nucleo_h723/power_save.o
 D_1            0x000009f8        0x0 ./kernel/sysdepend/iote_stm32l4/devinit.o
 D_1            0x000009f8        0x0 ./kernel/sysdepend/iote_stm32l4/hw_setting.o
 D_1            0x000009f8        0x0 ./kernel/sysdepend/iote_stm32l4/power_save.o
 D_1            0x000009f8        0x0 ./kernel/sysdepend/iote_rza2m/devinit.o
 D_1            0x000009f8        0x0 ./kernel/sysdepend/iote_rza2m/hw_setting.o
 D_1            0x000009f8        0x0 ./kernel/sysdepend/iote_rza2m/power_save.o
 D_1            0x000009f8        0x0 ./kernel/sysdepend/iote_rx231/devinit.o
 D_1            0x000009f8        0x0 ./kernel/sysdepend/iote_rx231/hw_setting.o
 D_1            0x000009f8        0x0 ./kernel/sysdepend/iote_rx231/power_save.o
 D_1            0x000009f8        0x0 ./kernel/sysdepend/iote_m367/devinit.o
 D_1            0x000009f8        0x0 ./kernel/sysdepend/iote_m367/hw_setting.o
 D_1            0x000009f8        0x0 ./kernel/sysdepend/iote_m367/power_save.o
 D_1            0x000009f8        0x0 ./kernel/sysdepend/cpu/tx03_m367/cpu_clock.o
 D_1            0x000009f8        0x0 ./kernel/sysdepend/cpu/tx03_m367/vector_tbl.o
 D_1            0x000009f8        0x0 ./kernel/sysdepend/cpu/stm32l4/cpu_clock.o
 D_1            0x000009f8        0x0 ./kernel/sysdepend/cpu/stm32l4/vector_tbl.o
 D_1            0x000009f8        0x0 ./kernel/sysdepend/cpu/stm32h7/cpu_clock.o
 D_1            0x000009f8        0x0 ./kernel/sysdepend/cpu/stm32h7/vector_tbl.o
 D_1            0x000009f8        0x0 ./kernel/sysdepend/cpu/rza2m/cpu_clock.o
 D_1            0x000009f8        0x0 ./kernel/sysdepend/cpu/rza2m/sf_boot.o
 D_1            0x000009f8        0x0 ./kernel/sysdepend/cpu/rza2m/ttb_ini.o
 D_1            0x000009f8        0x0 ./kernel/sysdepend/cpu/rx65n/hllint_ent.o
 D_1            0x000009f8        0x0 ./kernel/sysdepend/cpu/rx65n/hllint_tbl.o
 D_1            0x000009f8        0x0 ./kernel/sysdepend/cpu/rx65n/intvect_tbl.o
 D_1            0x000009f8        0x0 ./kernel/sysdepend/cpu/rx231/cpu_clock.o
 D_1            0x000009f8        0x0 ./kernel/sysdepend/cpu/rx231/hllint_ent.o
 D_1            0x000009f8        0x0 ./kernel/sysdepend/cpu/rx231/hllint_tbl.o
 D_1            0x000009f8        0x0 ./kernel/sysdepend/cpu/rx231/intvect_tbl.o
 D_1            0x000009f8        0x0 ./kernel/sysdepend/cpu/core/rxv2/cpu_cntl.o
 D_1            0x000009f8        0x0 ./kernel/sysdepend/cpu/core/rxv2/dispatch.o
 D_1            0x000009f8        0x0 ./kernel/sysdepend/cpu/core/rxv2/exc_hdr.o
 D_1            0x000009f8        0x0 ./kernel/sysdepend/cpu/core/rxv2/int_asm.o
 D_1            0x000009f8        0x0 ./kernel/sysdepend/cpu/core/rxv2/interrupt.o
 D_1            0x000009f8        0x0 ./kernel/sysdepend/cpu/core/rxv2/reset_hdl.o
 D_1            0x000009f8        0x0 ./kernel/sysdepend/cpu/core/rxv2/reset_main.o
 D_1            0x000009f8        0x0 ./kernel/sysdepend/cpu/core/rxv2/vector_tbl.o
 D_1            0x000009f8        0x0 ./kernel/sysdepend/cpu/core/armv7m/cpu_cntl.o
 D_1            0x000009f8        0x0 ./kernel/sysdepend/cpu/core/armv7m/dispatch.o
 D_1            0x000009f8        0x0 ./kernel/sysdepend/cpu/core/armv7m/exc_hdr.o
 D_1            0x000009f8        0x0 ./kernel/sysdepend/cpu/core/armv7m/interrupt.o
 D_1            0x000009f8        0x0 ./kernel/sysdepend/cpu/core/armv7m/reset_hdl.o
 D_1            0x000009f8        0x0 ./kernel/sysdepend/cpu/core/armv7a/cpu_cntl.o
 D_1            0x000009f8        0x0 ./kernel/sysdepend/cpu/core/armv7a/dispatch.o
 D_1            0x000009f8        0x0 ./kernel/sysdepend/cpu/core/armv7a/exc_entry.o
 D_1            0x000009f8        0x0 ./kernel/sysdepend/cpu/core/armv7a/exc_hdl.o
 D_1            0x000009f8        0x0 ./kernel/sysdepend/cpu/core/armv7a/int_asm.o
 D_1            0x000009f8        0x0 ./kernel/sysdepend/cpu/core/armv7a/interrupt.o
 D_1            0x000009f8        0x0 ./kernel/sysdepend/cpu/core/armv7a/reset_hdl.o
 D_1            0x000009f8        0x0 ./kernel/sysdepend/cpu/core/armv7a/reset_main.o
 D_1            0x000009f8        0x0 ./kernel/sysdepend/cpu/core/armv7a/vector_tbl.o
 D_1            0x000009f8        0x0 ./kernel/inittask/inittask.o
 D_1            0x000009f8        0x0 ./device/ser/sysdepend/tx03_m367/ser_m367.o
 D_1            0x000009f8        0x0 ./device/ser/sysdepend/stm32l4/ser_stm32l4.o
 D_1            0x000009f8        0x0 ./device/ser/sysdepend/stm32h7/ser_stm32h7.o
 D_1            0x000009f8        0x0 ./device/ser/sysdepend/rza2m/ser_rza2m.o
 D_1            0x000009f8        0x0 ./device/ser/sysdepend/rx65n/ser_rx65n.o
 D_1            0x000009f8        0x0 ./device/ser/sysdepend/rx231/ser_rx231.o
 D_1            0x000009f8        0x0 ./device/ser/ser.o
 D_1            0x000009f8        0x0 ./device/i2c/sysdepend/tx03_m367/i2c_m367.o
 D_1            0x000009f8        0x0 ./device/i2c/sysdepend/stm32l4/i2c_stm32l4.o
 D_1            0x000009f8        0x0 ./device/i2c/sysdepend/stm32h7/i2c_stm32h7.o
 D_1            0x000009f8        0x0 ./device/i2c/sysdepend/rza2m/i2c_rza2m.o
 D_1            0x000009f8        0x0 ./device/i2c/sysdepend/rx65n/i2c_rx65n.o
 D_1            0x000009f8        0x0 ./device/i2c/sysdepend/rx231/i2c_rx231.o
 D_1            0x000009f8        0x0 ./device/i2c/i2c.o
 D_1            0x000009f8        0x0 ./device/common/drvif/msdrvif.o
 D_1            0x000009f8        0x0 ./device/adc/sysdepend/tx03_m367/adc_m367.o
 D_1            0x000009f8        0x0 ./device/adc/sysdepend/stm32l4/adc_stm32l4.o
 D_1            0x000009f8        0x0 ./device/adc/sysdepend/stm32h7/adc_stm32h7.o
 D_1            0x000009f8        0x0 ./device/adc/sysdepend/rza2m/adc_rza2m.o
 D_1            0x000009f8        0x0 ./device/adc/sysdepend/rx65n/adc_rx65n.o
 D_1            0x000009f8        0x0 ./device/adc/sysdepend/rx231/adc_rx231.o
 D_1            0x000009f8        0x0 ./device/adc/adc.o
 D_1            0x000009f8        0x0 ./app_program/app_main.o
 D_1            0x000009f8        0x0 ./app_program/gesture.o
 *(D_2)
                0x000009f8                __data_end = .

.gcc_exc
 *(.gcc_exc)

.bss            0x000009f8     0x2478 load address 0xfff8f22c
                0x000009f8                __bss_start = .
                0x000009f8                PROVIDE (__noinit_start, .)
 *(.noinit)
 .noinit        0x000009f8      0x264 ./kernel/tkernel/device.o
                0x000009f8                knl_DevMgrLock
                0x00000a08                knl_DefaultIDev
                0x00000a0c                knl_DevCBtbl
                0x00000c4c                knl_UsedDevCB
                0x00000c54                knl_FreeDevCB
 .noinit        0x00000c5c      0x75c ./kernel/tkernel/deviceio.o
                0x00000c5c                knl_OpnCBtbl
                0x0000105c                knl_FreeOpnCB
                0x00001064                knl_ReqCBtbl
                0x000013a4                knl_FreeReqCB
                0x000013ac                knl_resource_control_block
 .noinit        0x000013b8      0x188 ./kernel/tkernel/eventflag.o
                0x000013b8                knl_flgcb_table
                0x00001538                knl_free_flgcb
 .noinit        0x00001540       0xe8 ./kernel/tkernel/mailbox.o
                0x00001540                knl_mbxcb_table
                0x00001620                knl_free_mbxcb
 .noinit        0x00001628        0x4 ./kernel/tkernel/memory.o
                0x00001628                knl_imacb
 .noinit        0x0000162c      0x1c8 ./kernel/tkernel/mempfix.o
                0x0000162c                knl_mpfcb_table
                0x000017ec                knl_free_mpfcb
 .noinit        0x000017f4       0xd8 ./kernel/tkernel/mempool.o
                0x000017f4                knl_mplcb_table
                0x000018c4                knl_free_mplcb
 .noinit        0x000018cc      0x1a8 ./kernel/tkernel/messagebuf.o
                0x000018cc                knl_mbfcb_table
                0x00001a6c                knl_free_mbfcb
 .noinit        0x00001a74       0x88 ./kernel/tkernel/mutex.o
                0x00001a74                knl_mtxcb_table
                0x00001af4                knl_free_mtxcb
 .noinit        0x00001afc      0x1c8 ./kernel/tkernel/semaphore.o
                0x00001afc                knl_semcb_table
                0x00001cbc                knl_free_semcb
 .noinit        0x00001cc4      0xe24 ./kernel/tkernel/task.o
                0x00001cc4                knl_dispatch_disabled
                0x00001cc8                knl_ctxtsk
                0x00001ccc                knl_schedtsk
                0x00001cd0                knl_ready_queue
                0x00001de0                knl_tcb_table
                0x00002ae0                knl_free_tcb
 .noinit        0x00002ae8      0x1d0 ./kernel/tkernel/time_calls.o
                0x00002ae8                knl_cyccb_table
                0x00002b88                knl_free_cyccb
                0x00002b90                knl_almcb_table
                0x00002cb0                knl_free_almcb
 .noinit        0x00002cb8       0x18 ./kernel/tkernel/timer.o
                0x00002cb8                knl_current_time
                0x00002cc0                knl_real_time_ofs
                0x00002cc8                knl_timer_queue
 .noinit        0x00002cd0      0x100 ./kernel/sysdepend/cpu/core/rxv2/cpu_cntl.o
                0x00002cd0                knl_tmp_stack
                0x00002dd0                PROVIDE (__noinit_end, .)
 *(.bss)
 *(.bss.**)
 *(COMMON)
 COMMON         0x00002dd0        0x8 ./kernel/sysdepend/cpu/core/rxv2/reset_main.o
                0x00002dd0                knl_lowmem_top
                0x00002dd4                knl_lowmem_limit
 COMMON         0x00002dd8       0x60 ./device/i2c/sysdepend/rx65n/i2c_rx65n.o
                0x00002dd8                ll_devcb
 COMMON         0x00002e38        0x4 ./app_program/app_main.o
                0x00002e38                flgid1
 *(B)
 B              0x00002e3c        0x4 ./kernel/tkernel/deviceio.o
                0x00002e3c                knl_DisSusCnt
 B              0x00002e40        0x4 ./kernel/tkernel/power.o
                0x00002e40                knl_lowpow_discnt
 B              0x00002e44        0x4 ./kernel/sysdepend/cpu/core/rxv2/cpu_cntl.o
                0x00002e44                knl_taskindp
 B              0x00002e48        0x4 ./kernel/sysdepend/cpu/core/rxv2/interrupt.o
                0x00002e48                knl_int_nest
 *(B_1)
 B_1            0x00002e4c        0x0 ./lib/libtm/sysdepend/nucleo_l476/tm_com.o
 B_1            0x00002e4c        0x0 ./lib/libtm/sysdepend/nucleo_h723/tm_com.o
 B_1            0x00002e4c        0x0 ./lib/libtm/sysdepend/no_device/tm_com.o
 B_1            0x00002e4c        0x0 ./lib/libtm/sysdepend/iote_stm32l4/tm_com.o
 B_1            0x00002e4c        0x0 ./lib/libtm/sysdepend/iote_rza2m/tm_com.o
 B_1            0x00002e4c        0x0 ./lib/libtm/sysdepend/iote_rx231/tm_com.o
 B_1            0x00002e4c        0x0 ./lib/libtm/sysdepend/iote_m367/tm_com.o
 B_1            0x00002e4c        0x0 ./lib/libtm/libtm.o
 B_1            0x00002e4c        0x0 ./lib/libtm/libtm_printf.o
 B_1            0x00002e4c        0x0 ./lib/libtk/sysdepend/cpu/tx03_m367/int_m367.o
 B_1            0x00002e4c        0x0 ./lib/libtk/sysdepend/cpu/tx03_m367/ptimer_m367.o
 B_1            0x00002e4c        0x0 ./lib/libtk/sysdepend/cpu/stm32l4/int_stm32l4.o
 B_1            0x00002e4c        0x0 ./lib/libtk/sysdepend/cpu/stm32l4/ptimer_stm32l4.o
 B_1            0x00002e4c        0x0 ./lib/libtk/sysdepend/cpu/stm32h7/int_stm32h7.o
 B_1            0x00002e4c        0x0 ./lib/libtk/sysdepend/cpu/stm32h7/ptimer_stm32h7.o
 B_1            0x00002e4c        0x0 ./lib/libtk/sysdepend/cpu/rza2m/ptimer_rza2m.o
 B_1            0x00002e4c        0x0 ./lib/libtk/sysdepend/cpu/rx65n/int_rx65n.o
 B_1            0x00002e4c        0x0 ./lib/libtk/sysdepend/cpu/rx65n/ipr_rx65n.o
 B_1            0x00002e4c        0x0 ./lib/libtk/sysdepend/cpu/rx65n/ptimer_rx65n.o
 B_1            0x00002e4c        0x0 ./lib/libtk/sysdepend/cpu/rx231/int_rx231.o
 B_1            0x00002e4c        0x0 ./lib/libtk/sysdepend/cpu/rx231/ipr_rx231.o
 B_1            0x00002e4c        0x0 ./lib/libtk/sysdepend/cpu/rx231/ptimer_rx231.o
 B_1            0x00002e4c        0x0 ./lib/libtk/sysdepend/cpu/core/rxv2/int_rxv2.o
 B_1            0x00002e4c        0x0 ./lib/libtk/sysdepend/cpu/core/rxv2/wusec_rvx2.o
 B_1            0x00002e4c        0x0 ./lib/libtk/sysdepend/cpu/core/armv7m/int_armv7m.o
 B_1            0x00002e4c        0x0 ./lib/libtk/sysdepend/cpu/core/armv7m/wusec_armv7m.o
 B_1            0x00002e4c        0x0 ./lib/libtk/sysdepend/cpu/core/armv7a/int_armv7a.o
 B_1            0x00002e4c        0x0 ./lib/libtk/sysdepend/cpu/core/armv7a/wusec_armv7a.o
 B_1            0x00002e4c        0x0 ./lib/libtk/fastlock.o
 B_1            0x00002e4c        0x0 ./lib/libtk/fastmlock.o
 B_1            0x00002e4c        0x0 ./lib/libtk/kmalloc.o
 B_1            0x00002e4c        0x0 ./kernel/usermain/usermain.o
 B_1            0x00002e4c        0x0 ./kernel/tstdlib/bitop.o
 B_1            0x00002e4c        0x0 ./kernel/tstdlib/string.o
 B_1            0x00002e4c        0x0 ./kernel/tkernel/cpuctl.o
 B_1            0x00002e4c        0x0 ./kernel/tkernel/device.o
 B_1            0x00002e4c        0x0 ./kernel/tkernel/deviceio.o
 B_1            0x00002e4c        0x0 ./kernel/tkernel/eventflag.o
 B_1            0x00002e4c        0x0 ./kernel/tkernel/int.o
 B_1            0x00002e4c        0x0 ./kernel/tkernel/klock.o
 B_1            0x00002e4c        0x0 ./kernel/tkernel/mailbox.o
 B_1            0x00002e4c        0x0 ./kernel/tkernel/memory.o
 B_1            0x00002e4c        0x0 ./kernel/tkernel/mempfix.o
 B_1            0x00002e4c        0x0 ./kernel/tkernel/mempool.o
 B_1            0x00002e4c        0x0 ./kernel/tkernel/messagebuf.o
 B_1            0x00002e4c        0x0 ./kernel/tkernel/misc_calls.o
 B_1            0x00002e4c        0x0 ./kernel/tkernel/mutex.o
 B_1            0x00002e4c        0x0 ./kernel/tkernel/objname.o
 B_1            0x00002e4c        0x0 ./kernel/tkernel/power.o
 B_1            0x00002e4c        0x0 ./kernel/tkernel/rendezvous.o
 B_1            0x00002e4c        0x0 ./kernel/tkernel/semaphore.o
 B_1            0x00002e4c        0x0 ./kernel/tkernel/task.o
 B_1            0x00002e4c        0x0 ./kernel/tkernel/task_manage.o
 B_1            0x00002e4c        0x0 ./kernel/tkernel/task_sync.o
 B_1            0x00002e4c        0x0 ./kernel/tkernel/time_calls.o
 B_1            0x00002e4c        0x0 ./kernel/tkernel/timer.o
 B_1            0x00002e4c        0x0 ./kernel/tkernel/tkinit.o
 B_1            0x00002e4c        0x0 ./kernel/tkernel/wait.o
 B_1            0x00002e4c        0x0 ./kernel/sysinit/sysinit.o
 B_1            0x00002e4c        0x0 ./kernel/sysdepend/rtb_rx65n/cpu_clock.o
 B_1            0x00002e4c        0x0 ./kernel/sysdepend/rtb_rx65n/devinit.o
 B_1            0x00002e4c        0x0 ./kernel/sysdepend/rtb_rx65n/hw_setting.o
 B_1            0x00002e4c        0x0 ./kernel/sysdepend/rtb_rx65n/power_save.o
 B_1            0x00002e4c        0x0 ./kernel/sysdepend/nucleo_l476/devinit.o
 B_1            0x00002e4c        0x0 ./kernel/sysdepend/nucleo_l476/hw_setting.o
 B_1            0x00002e4c        0x0 ./kernel/sysdepend/nucleo_l476/power_save.o
 B_1            0x00002e4c        0x0 ./kernel/sysdepend/nucleo_h723/devinit.o
 B_1            0x00002e4c        0x0 ./kernel/sysdepend/nucleo_h723/hw_setting.o
 B_1            0x00002e4c        0x0 ./kernel/sysdepend/nucleo_h723/power_save.o
 B_1            0x00002e4c        0x0 ./kernel/sysdepend/iote_stm32l4/devinit.o
 B_1            0x00002e4c        0x0 ./kernel/sysdepend/iote_stm32l4/hw_setting.o
 B_1            0x00002e4c        0x0 ./kernel/sysdepend/iote_stm32l4/power_save.o
 B_1            0x00002e4c        0x0 ./kernel/sysdepend/iote_rza2m/devinit.o
 B_1            0x00002e4c        0x0 ./kernel/sysdepend/iote_rza2m/hw_setting.o
 B_1            0x00002e4c        0x0 ./kernel/sysdepend/iote_rza2m/power_save.o
 B_1            0x00002e4c        0x0 ./kernel/sysdepend/iote_rx231/devinit.o
 B_1            0x00002e4c        0x0 ./kernel/sysdepend/iote_rx231/hw_setting.o
 B_1            0x00002e4c        0x0 ./kernel/sysdepend/iote_rx231/power_save.o
 B_1            0x00002e4c        0x0 ./kernel/sysdepend/iote_m367/devinit.o
 B_1            0x00002e4c        0x0 ./kernel/sysdepend/iote_m367/hw_setting.o
 B_1            0x00002e4c        0x0 ./kernel/sysdepend/iote_m367/power_save.o
 B_1            0x00002e4c        0x0 ./kernel/sysdepend/cpu/tx03_m367/cpu_clock.o
 B_1            0x00002e4c        0x0 ./kernel/sysdepend/cpu/tx03_m367/vector_tbl.o
 B_1            0x00002e4c        0x0 ./kernel/sysdepend/cpu/stm32l4/cpu_clock.o
 B_1            0x00002e4c        0x0 ./kernel/sysdepend/cpu/stm32l4/vector_tbl.o
 B_1            0x00002e4c        0x0 ./kernel/sysdepend/cpu/stm32h7/cpu_clock.o
 B_1            0x00002e4c        0x0 ./kernel/sysdepend/cpu/stm32h7/vector_tbl.o
 B_1            0x00002e4c        0x0 ./kernel/sysdepend/cpu/rza2m/cpu_clock.o
 B_1            0x00002e4c        0x0 ./kernel/sysdepend/cpu/rza2m/sf_boot.o
 B_1            0x00002e4c        0x0 ./kernel/sysdepend/cpu/rza2m/ttb_ini.o
 B_1            0x00002e4c        0x0 ./kernel/sysdepend/cpu/rx65n/hllint_ent.o
 B_1            0x00002e4c        0x0 ./kernel/sysdepend/cpu/rx65n/hllint_tbl.o
 B_1            0x00002e4c        0x0 ./kernel/sysdepend/cpu/rx65n/intvect_tbl.o
 B_1            0x00002e4c        0x0 ./kernel/sysdepend/cpu/rx231/cpu_clock.o
 B_1            0x00002e4c        0x0 ./kernel/sysdepend/cpu/rx231/hllint_ent.o
 B_1            0x00002e4c        0x0 ./kernel/sysdepend/cpu/rx231/hllint_tbl.o
 B_1            0x00002e4c        0x0 ./kernel/sysdepend/cpu/rx231/intvect_tbl.o
[...]
 .debug_str     0x00003196       0x2b ./kernel/sysdepend/cpu/rx65n/hllint_tbl.o
                                0x4e1 (size before relaxing)
 .debug_str     0x000031c1       0x2c ./kernel/sysdepend/cpu/rx65n/intvect_tbl.o
                                0x4e2 (size before relaxing)
 .debug_str     0x000031ed       0x2a ./kernel/sysdepend/cpu/rx231/cpu_clock.o
                                 0xe3 (size before relaxing)
 .debug_str     0x00003217       0x2b ./kernel/sysdepend/cpu/rx231/hllint_tbl.o
                                 0xe4 (size before relaxing)
 .debug_str     0x00003242       0x2c ./kernel/sysdepend/cpu/rx231/intvect_tbl.o
                                 0xe5 (size before relaxing)
 .debug_str     0x0000326e       0x73 ./kernel/sysdepend/cpu/core/rxv2/cpu_cntl.o
                                0x56f (size before relaxing)
 .debug_str     0x000032e1       0x9e ./kernel/sysdepend/cpu/core/rxv2/exc_hdr.o
                                0x536 (size before relaxing)
 .debug_str     0x0000337f       0x53 ./kernel/sysdepend/cpu/core/rxv2/interrupt.o
                                0x51d (size before relaxing)
 .debug_str     0x000033d2       0x7b ./kernel/sysdepend/cpu/core/rxv2/reset_main.o
                                0x536 (size before relaxing)
 .debug_str     0x0000344d       0x45 ./kernel/sysdepend/cpu/core/rxv2/vector_tbl.o
                                0x4fb (size before relaxing)
 .debug_str     0x00003492       0x2f ./kernel/sysdepend/cpu/core/armv7m/cpu_cntl.o
                                 0xe8 (size before relaxing)
 .debug_str     0x000034c1       0x2e ./kernel/sysdepend/cpu/core/armv7m/exc_hdr.o
                                 0xe7 (size before relaxing)
 .debug_str     0x000034ef       0x30 ./kernel/sysdepend/cpu/core/armv7m/interrupt.o
                                 0xe9 (size before relaxing)
 .debug_str     0x0000351f       0x30 ./kernel/sysdepend/cpu/core/armv7m/reset_hdl.o
                                 0xe9 (size before relaxing)
 .debug_str     0x0000354f       0x2f ./kernel/sysdepend/cpu/core/armv7a/cpu_cntl.o
                                 0xe8 (size before relaxing)
 .debug_str     0x0000357e       0x2e ./kernel/sysdepend/cpu/core/armv7a/exc_hdl.o
                                 0xe7 (size before relaxing)
 .debug_str     0x000035ac       0x30 ./kernel/sysdepend/cpu/core/armv7a/interrupt.o
                                 0xe9 (size before relaxing)
 .debug_str     0x000035dc       0x31 ./kernel/sysdepend/cpu/core/armv7a/reset_main.o
                                 0xea (size before relaxing)
 .debug_str     0x0000360d       0x4a ./kernel/inittask/inittask.o
                                0x4e1 (size before relaxing)
 .debug_str     0x00003657       0x2d ./device/ser/sysdepend/tx03_m367/ser_m367.o
                                 0xe6 (size before relaxing)
 .debug_str     0x00003684       0x2e ./device/ser/sysdepend/stm32l4/ser_stm32l4.o
                                 0xe7 (size before relaxing)
 .debug_str     0x000036b2       0x2e ./device/ser/sysdepend/stm32h7/ser_stm32h7.o
                                 0xe7 (size before relaxing)
 .debug_str     0x000036e0       0x2a ./device/ser/sysdepend/rza2m/ser_rza2m.o
                                 0xe3 (size before relaxing)
 .debug_str     0x0000370a       0x2a ./device/ser/sysdepend/rx65n/ser_rx65n.o
                                 0xe3 (size before relaxing)
 .debug_str     0x00003734       0x2a ./device/ser/sysdepend/rx231/ser_rx231.o
                                 0xe3 (size before relaxing)
 .debug_str     0x0000375e       0x14 ./device/ser/ser.o
                                0x156 (size before relaxing)
 .debug_str     0x00003772       0x2d ./device/i2c/sysdepend/tx03_m367/i2c_m367.o
                                 0xe6 (size before relaxing)
 .debug_str     0x0000379f       0x2e ./device/i2c/sysdepend/stm32l4/i2c_stm32l4.o
                                 0xe7 (size before relaxing)
 .debug_str     0x000037cd       0x2e ./device/i2c/sysdepend/stm32h7/i2c_stm32h7.o
                                 0xe7 (size before relaxing)
 .debug_str     0x000037fb       0x2a ./device/i2c/sysdepend/rza2m/i2c_rza2m.o
                                 0xe3 (size before relaxing)
 .debug_str     0x00003825      0x1a3 ./device/i2c/sysdepend/rx65n/i2c_rx65n.o
                                0x351 (size before relaxing)
 .debug_str     0x000039c8       0x2a ./device/i2c/sysdepend/rx231/i2c_rx231.o
                                 0xe3 (size before relaxing)
 .debug_str     0x000039f2      0x103 ./device/i2c/i2c.o
                                0x3b9 (size before relaxing)
 .debug_str     0x00003af5       0x86 ./device/common/drvif/msdrvif.o
                                0x31e (size before relaxing)
 .debug_str     0x00003b7b       0x2d ./device/adc/sysdepend/tx03_m367/adc_m367.o
                                 0xe6 (size before relaxing)
 .debug_str     0x00003ba8       0x2e ./device/adc/sysdepend/stm32l4/adc_stm32l4.o
                                 0xe7 (size before relaxing)
 .debug_str     0x00003bd6       0x2e ./device/adc/sysdepend/stm32h7/adc_stm32h7.o
                                 0xe7 (size before relaxing)
 .debug_str     0x00003c04       0x2a ./device/adc/sysdepend/rza2m/adc_rza2m.o
                                 0xe3 (size before relaxing)
 .debug_str     0x00003c2e       0x9e ./device/adc/sysdepend/rx65n/adc_rx65n.o
                                0x25a (size before relaxing)
 .debug_str     0x00003ccc       0x2a ./device/adc/sysdepend/rx231/adc_rx231.o
                                 0xe3 (size before relaxing)
 .debug_str     0x00003cf6       0x7a ./device/adc/adc.o
                                0x331 (size before relaxing)
 .debug_str     0x00003d70       0x55 ./app_program/app_main.o
                                0x204 (size before relaxing)
 .debug_str     0x00003dc5       0x53 ./app_program/gesture.o
                                0x1ac (size before relaxing)

.comment        0x00000000       0x36
 .comment       0x00000000       0x36 ./lib/libtm/sysdepend/nucleo_l476/tm_com.o
                                 0x37 (size before relaxing)
 .comment       0x00000000       0x37 ./lib/libtm/sysdepend/nucleo_h723/tm_com.o
 .comment       0x00000000       0x37 ./lib/libtm/sysdepend/no_device/tm_com.o
 .comment       0x00000000       0x37 ./lib/libtm/sysdepend/iote_stm32l4/tm_com.o
 .comment       0x00000000       0x37 ./lib/libtm/sysdepend/iote_rza2m/tm_com.o
 .comment       0x00000000       0x37 ./lib/libtm/sysdepend/iote_rx231/tm_com.o
 .comment       0x00000000       0x37 ./lib/libtm/sysdepend/iote_m367/tm_com.o
 .comment       0x00000000       0x37 ./lib/libtm/libtm.o
 .comment       0x00000000       0x37 ./lib/libtm/libtm_printf.o
 .comment       0x00000000       0x37 ./lib/libtk/sysdepend/cpu/tx03_m367/int_m367.o
 .comment       0x00000000       0x37 ./lib/libtk/sysdepend/cpu/tx03_m367/ptimer_m367.o
 .comment       0x00000000       0x37 ./lib/libtk/sysdepend/cpu/stm32l4/int_stm32l4.o
 .comment       0x00000000       0x37 ./lib/libtk/sysdepend/cpu/stm32l4/ptimer_stm32l4.o
 .comment       0x00000000       0x37 ./lib/libtk/sysdepend/cpu/stm32h7/int_stm32h7.o
 .comment       0x00000000       0x37 ./lib/libtk/sysdepend/cpu/stm32h7/ptimer_stm32h7.o
 .comment       0x00000000       0x37 ./lib/libtk/sysdepend/cpu/rza2m/ptimer_rza2m.o
 .comment       0x00000000       0x37 ./lib/libtk/sysdepend/cpu/rx65n/int_rx65n.o
 .comment       0x00000000       0x37 ./lib/libtk/sysdepend/cpu/rx65n/ipr_rx65n.o
 .comment       0x00000000       0x37 ./lib/libtk/sysdepend/cpu/rx65n/ptimer_rx65n.o
 .comment       0x00000000       0x37 ./lib/libtk/sysdepend/cpu/rx231/int_rx231.o
 .comment       0x00000000       0x37 ./lib/libtk/sysdepend/cpu/rx231/ipr_rx231.o
 .comment       0x00000000       0x37 ./lib/libtk/sysdepend/cpu/rx231/ptimer_rx231.o
 .comment       0x00000000       0x37 ./lib/libtk/sysdepend/cpu/core/rxv2/int_rxv2.o
 .comment       0x00000000       0x37 ./lib/libtk/sysdepend/cpu/core/rxv2/wusec_rvx2.o
 .comment       0x00000000       0x37 ./lib/libtk/sysdepend/cpu/core/armv7m/int_armv7m.o
 .comment       0x00000000       0x37 ./lib/libtk/sysdepend/cpu/core/armv7m/wusec_armv7m.o
 .comment       0x00000000       0x37 ./lib/libtk/sysdepend/cpu/core/armv7a/int_armv7a.o
 .comment       0x00000000       0x37 ./lib/libtk/sysdepend/cpu/core/armv7a/wusec_armv7a.o
 .comment       0x00000000       0x37 ./lib/libtk/fastlock.o
 .comment       0x00000000       0x37 ./lib/libtk/fastmlock.o
 .comment       0x00000000       0x37 ./lib/libtk/kmalloc.o
 .comment       0x00000000       0x37 ./kernel/usermain/usermain.o
 .comment       0x00000000       0x37 ./kernel/tstdlib/bitop.o
 .comment       0x00000000       0x37 ./kernel/tstdlib/string.o
 .comment       0x00000000       0x37 ./kernel/tkernel/cpuctl.o
 .comment       0x00000000       0x37 ./kernel/tkernel/device.o
 .comment       0x00000000       0x37 ./kernel/tkernel/deviceio.o
 .comment       0x00000000       0x37 ./kernel/tkernel/eventflag.o
 .comment       0x00000000       0x37 ./kernel/tkernel/int.o
 .comment       0x00000000       0x37 ./kernel/tkernel/klock.o
 .comment       0x00000000       0x37 ./kernel/tkernel/mailbox.o
 .comment       0x00000000       0x37 ./kernel/tkernel/memory.o
 .comment       0x00000000       0x37 ./kernel/tkernel/mempfix.o
 .comment       0x00000000       0x37 ./kernel/tkernel/mempool.o
 .comment       0x00000000       0x37 ./kernel/tkernel/messagebuf.o
 .comment       0x00000000       0x37 ./kernel/tkernel/misc_calls.o
 .comment       0x00000000       0x37 ./kernel/tkernel/mutex.o
 .comment       0x00000000       0x37 ./kernel/tkernel/objname.o
 .comment       0x00000000       0x37 ./kernel/tkernel/power.o
 .comment       0x00000000       0x37 ./kernel/tkernel/rendezvous.o
 .comment       0x00000000       0x37 ./kernel/tkernel/semaphore.o
 .comment       0x00000000       0x37 ./kernel/tkernel/task.o
 .comment       0x00000000       0x37 ./kernel/tkernel/task_manage.o
 .comment       0x00000000       0x37 ./kernel/tkernel/task_sync.o
 .comment       0x00000000       0x37 ./kernel/tkernel/time_calls.o
 .comment       0x00000000       0x37 ./kernel/tkernel/timer.o
 .comment       0x00000000       0x37 ./kernel/tkernel/tkinit.o
 .comment       0x00000000       0x37 ./kernel/tkernel/wait.o
 .comment       0x00000000       0x37 ./kernel/sysinit/sysinit.o
 .comment       0x00000000       0x37 ./kernel/sysdepend/rtb_rx65n/cpu_clock.o
 .comment       0x00000000       0x37 ./kernel/sysdepend/rtb_rx65n/devinit.o
 .comment       0x00000000       0x37 ./kernel/sysdepend/rtb_rx65n/hw_setting.o
 .comment       0x00000000       0x37 ./kernel/sysdepend/rtb_rx65n/power_save.o
 .comment       0x00000000       0x37 ./kernel/sysdepend/nucleo_l476/devinit.o
 .comment       0x00000000       0x37 ./kernel/sysdepend/nucleo_l476/hw_setting.o
 .comment       0x00000000       0x37 ./kernel/sysdepend/nucleo_l476/power_save.o
 .comment       0x00000000       0x37 ./kernel/sysdepend/nucleo_h723/devinit.o
 .comment       0x00000000       0x37 ./kernel/sysdepend/nucleo_h723/hw_setting.o
 .comment       0x00000000       0x37 ./kernel/sysdepend/nucleo_h723/power_save.o
 .comment       0x00000000       0x37 ./kernel/sysdepend/iote_stm32l4/devinit.o
 .comment       0x00000000       0x37 ./kernel/sysdepend/iote_stm32l4/hw_setting.o
 .comment       0x00000000       0x37 ./kernel/sysdepend/iote_stm32l4/power_save.o
 .comment       0x00000000       0x37 ./kernel/sysdepend/iote_rza2m/devinit.o
 .comment       0x00000000       0x37 ./kernel/sysdepend/iote_rza2m/hw_setting.o
 .comment       0x00000000       0x37 ./kernel/sysdepend/iote_rza2m/power_save.o
 .comment       0x00000000       0x37 ./kernel/sysdepend/iote_rx231/devinit.o
 .comment       0x00000000       0x37 ./kernel/sysdepend/iote_rx231/hw_setting.o
 .comment       0x00000000       0x37 ./kernel/sysdepend/iote_rx231/power_save.o
 .comment       0x00000000       0x37 ./kernel/sysdepend/iote_m367/devinit.o
 .comment       0x00000000       0x37 ./kernel/sysdepend/iote_m367/hw_setting.o
 .comment       0x00000000       0x37 ./kernel/sysdepend/iote_m367/power_save.o
 .comment       0x00000000       0x37 ./kernel/sysdepend/cpu/tx03_m367/cpu_clock.o
 .comment       0x00000000       0x37 ./kernel/sysdepend/cpu/tx03_m367/vector_tbl.o
 .comment       0x00000000       0x37 ./kernel/sysdepend/cpu/stm32l4/cpu_clock.o
 .comment       0x00000000       0x37 ./kernel/sysdepend/cpu/stm32l4/vector_tbl.o
 .comment       0x00000000       0x37 ./kernel/sysdepend/cpu/stm32h7/cpu_clock.o
 .comment       0x00000000       0x37 ./kernel/sysdepend/cpu/stm32h7/vector_tbl.o
 .comment       0x00000000       0x37 ./kernel/sysdepend/cpu/rza2m/cpu_clock.o
 .comment       0x00000000       0x37 ./kernel/sysdepend/cpu/rza2m/ttb_ini.o
 .comment       0x00000000       0x37 ./kernel/sysdepend/cpu/rx65n/hllint_tbl.o
 .comment       0x00000000       0x37 ./kernel/sysdepend/cpu/rx65n/intvect_tbl.o
 .comment       0x00000000       0x37 ./kernel/sysdepend/cpu/rx231/cpu_clock.o
 .comment       0x00000000       0x37 ./kernel/sysdepend/cpu/rx231/hllint_tbl.o
 .comment       0x00000000       0x37 ./kernel/sysdepend/cpu/rx231/intvect_tbl.o
 .comment       0x00000000       0x37 ./kernel/sysdepend/cpu/core/rxv2/cpu_cntl.o
 .comment       0x00000000       0x37 ./kernel/sysdepend/cpu/core/rxv2/exc_hdr.o
 .comment       0x00000000       0x37 ./kernel/sysdepend/cpu/core/rxv2/interrupt.o
 .comment       0x00000000       0x37 ./kernel/sysdepend/cpu/core/rxv2/reset_main.o
 .comment       0x00000000       0x37 ./kernel/sysdepend/cpu/core/rxv2/vector_tbl.o
 .comment       0x00000000       0x37 ./kernel/sysdepend/cpu/core/armv7m/cpu_cntl.o
 .comment       0x00000000       0x37 ./kernel/sysdepend/cpu/core/armv7m/exc_hdr.o
 .comment       0x00000000       0x37 ./kernel/sysdepend/cpu/core/armv7m/interrupt.o
 .comment       0x00000000       0x37 ./kernel/sysdepend/cpu/core/armv7m/reset_hdl.o
 .comment       0x00000000       0x37 ./kernel/sysdepend/cpu/core/armv7a/cpu_cntl.o
 .comment       0x00000000       0x37 ./kernel/sysdepend/cpu/core/armv7a/exc_hdl.o
 .comment       0x00000000       0x37 ./kernel/sysdepend/cpu/core/armv7a/interrupt.o
 .comment       0x00000000       0x37 ./kernel/sysdepend/cpu/core/armv7a/reset_main.o
 .comment       0x00000000       0x37 ./kernel/inittask/inittask.o
 .comment       0x00000000       0x37 ./device/ser/sysdepend/tx03_m367/ser_m367.o
 .comment       0x00000000       0x37 ./device/ser/sysdepend/stm32l4/ser_stm32l4.o
 .comment       0x00000000       0x37 ./device/ser/sysdepend/stm32h7/ser_stm32h7.o
 .comment       0x00000000       0x37 ./device/ser/sysdepend/rza2m/ser_rza2m.o
 .comment       0x00000000       0x37 ./device/ser/sysdepend/rx65n/ser_rx65n.o
 .comment       0x00000000       0x37 ./device/ser/sysdepend/rx231/ser_rx231.o
 .comment       0x00000000       0x37 ./device/ser/ser.o
 .comment       0x00000000       0x37 ./device/i2c/sysdepend/tx03_m367/i2c_m367.o
 .comment       0x00000000       0x37 ./device/i2c/sysdepend/stm32l4/i2c_stm32l4.o
 .comment       0x00000000       0x37 ./device/i2c/sysdepend/stm32h7/i2c_stm32h7.o
 .comment       0x00000000       0x37 ./device/i2c/sysdepend/rza2m/i2c_rza2m.o
 .comment       0x00000000       0x37 ./device/i2c/sysdepend/rx65n/i2c_rx65n.o
 .comment       0x00000000       0x37 ./device/i2c/sysdepend/rx231/i2c_rx231.o
 .comment       0x00000000       0x37 ./device/i2c/i2c.o
 .comment       0x00000000       0x37 ./device/common/drvif/msdrvif.o
 .comment       0x00000000       0x37 ./device/adc/sysdepend/tx03_m367/adc_m367.o
 .comment       0x00000000       0x37 ./device/adc/sysdepend/stm32l4/adc_stm32l4.o
 .comment       0x00000000       0x37 ./device/adc/sysdepend/stm32h7/adc_stm32h7.o
 .comment       0x00000000       0x37 ./device/adc/sysdepend/rza2m/adc_rza2m.o
 .comment       0x00000000       0x37 ./device/adc/sysdepend/rx65n/adc_rx65n.o
 .comment       0x00000000       0x37 ./device/adc/sysdepend/rx231/adc_rx231.o
 .comment       0x00000000       0x37 ./device/adc/adc.o
 .comment       0x00000000       0x37 ./app_program/app_main.o
 .comment       0x00000000       0x37 ./app_program/gesture.o

.debug_frame    0x00000000     0x4a60
 .debug_frame   0x00000000       0x7c ./lib/libtm/sysdepend/no_device/tm_com.o
 .debug_frame   0x0000007c       0xc4 ./lib/libtm/libtm.o
 .debug_frame   0x00000140       0xf0 ./lib/libtm/libtm_printf.o
 .debug_frame   0x00000230       0x88 ./lib/libtk/sysdepend/cpu/rx65n/int_rx65n.o
 .debug_frame   0x000002b8      0x1a0 ./lib/libtk/sysdepend/cpu/rx65n/ptimer_rx65n.o
 .debug_frame   0x00000458      0x188 ./lib/libtk/sysdepend/cpu/core/rxv2/int_rxv2.o
 .debug_frame   0x000005e0       0x90 ./lib/libtk/sysdepend/cpu/core/rxv2/wusec_rvx2.o
 .debug_frame   0x00000670       0xec ./lib/libtk/fastlock.o
 .debug_frame   0x0000075c      0x170 ./lib/libtk/fastmlock.o
 .debug_frame   0x000008cc       0xa4 ./lib/libtk/kmalloc.o
 .debug_frame   0x00000970       0x34 ./kernel/usermain/usermain.o
 .debug_frame   0x000009a4      0x14c ./kernel/tstdlib/string.o
 .debug_frame   0x00000af0       0xbc ./kernel/tkernel/cpuctl.o
 .debug_frame   0x00000bac      0x368 ./kernel/tkernel/device.o
 .debug_frame   0x00000f14      0x4ac ./kernel/tkernel/deviceio.o
 .debug_frame   0x000013c0      0x214 ./kernel/tkernel/eventflag.o
 .debug_frame   0x000015d4       0x78 ./kernel/tkernel/int.o
 .debug_frame   0x0000164c      0x1cc ./kernel/tkernel/klock.o
 .debug_frame   0x00001818      0x1e8 ./kernel/tkernel/mailbox.o
 .debug_frame   0x00001a00      0x208 ./kernel/tkernel/memory.o
 .debug_frame   0x00001c08      0x20c ./kernel/tkernel/mempfix.o
 .debug_frame   0x00001e14      0x2e4 ./kernel/tkernel/mempool.o
 .debug_frame   0x000020f8      0x29c ./kernel/tkernel/messagebuf.o
 .debug_frame   0x00002394       0x7c ./kernel/tkernel/misc_calls.o
 .debug_frame   0x00002410      0x278 ./kernel/tkernel/mutex.o
 .debug_frame   0x00002688      0x1c4 ./kernel/tkernel/semaphore.o
 .debug_frame   0x0000284c      0x310 ./kernel/tkernel/task.o
 .debug_frame   0x00002b5c      0x320 ./kernel/tkernel/task_manage.o
 .debug_frame   0x00002e7c      0x178 ./kernel/tkernel/task_sync.o
 .debug_frame   0x00002ff4      0x574 ./kernel/tkernel/time_calls.o
 .debug_frame   0x00003568      0x2d8 ./kernel/tkernel/timer.o
 .debug_frame   0x00003840       0x38 ./kernel/tkernel/tkinit.o
 .debug_frame   0x00003878      0x29c ./kernel/tkernel/wait.o
 .debug_frame   0x00003b14       0x58 ./kernel/sysinit/sysinit.o
 .debug_frame   0x00003b6c       0xe4 ./kernel/sysdepend/rtb_rx65n/cpu_clock.o
 .debug_frame   0x00003c50       0x78 ./kernel/sysdepend/rtb_rx65n/devinit.o
 .debug_frame   0x00003cc8       0xe8 ./kernel/sysdepend/rtb_rx65n/hw_setting.o
 .debug_frame   0x00003db0       0x54 ./kernel/sysdepend/rtb_rx65n/power_save.o
 .debug_frame   0x00003e04       0xa0 ./kernel/sysdepend/cpu/core/rxv2/cpu_cntl.o
 .debug_frame   0x00003ea4      0x16c ./kernel/sysdepend/cpu/core/rxv2/exc_hdr.o
 .debug_frame   0x00004010       0x58 ./kernel/sysdepend/cpu/core/rxv2/interrupt.o
 .debug_frame   0x00004068       0x5c ./kernel/sysdepend/cpu/core/rxv2/reset_main.o
 .debug_frame   0x000040c4       0x88 ./kernel/inittask/inittask.o
 .debug_frame   0x0000414c      0x208 ./device/i2c/sysdepend/rx65n/i2c_rx65n.o
 .debug_frame   0x00004354      0x1fc ./device/i2c/i2c.o
 .debug_frame   0x00004550      0x134 ./device/common/drvif/msdrvif.o
 .debug_frame   0x00004684       0xf0 ./device/adc/sysdepend/rx65n/adc_rx65n.o
 .debug_frame   0x00004774      0x170 ./device/adc/adc.o
 .debug_frame   0x000048e4      0x120 ./app_program/app_main.o
 .debug_frame   0x00004a04       0x5c ./app_program/gesture.o
