
Allocating common symbols
Common symbol       size              file

flgid1              0x4               ./app_program/app_main.o
knl_lowmem_top      0x4               ./kernel/sysdepend/cpu/core/rxv2/reset_main.o
knl_lowmem_limit    0x4               ./kernel/sysdepend/cpu/core/rxv2/reset_main.o

Memory Configuration

Name             Origin             Length             Attributes
RAM              0x00000000         0x00040000
RAM2             0x00800000         0x00060000
ROM              0xffe00000         0x00200000
OFS              0xfe7f5d00         0x00000080
*default*        0x00000000         0xffffffff

Linker script and memory map

LOAD ./lib/libtm/sysdepend/nucleo_l476/tm_com.o
LOAD ./lib/libtm/sysdepend/nucleo_h723/tm_com.o
LOAD ./lib/libtm/sysdepend/no_device/tm_com.o
LOAD ./lib/libtm/sysdepend/iote_stm32l4/tm_com.o
LOAD ./lib/libtm/sysdepend/iote_rza2m/tm_com.o
LOAD ./lib/libtm/sysdepend/iote_rx231/tm_com.o
LOAD ./lib/libtm/sysdepend/iote_m367/tm_com.o
LOAD ./lib/libtm/libtm.o
LOAD ./lib/libtm/libtm_printf.o
LOAD ./lib/libtk/sysdepend/cpu/tx03_m367/int_m367.o
LOAD ./lib/libtk/sysdepend/cpu/tx03_m367/ptimer_m367.o
LOAD ./lib/libtk/sysdepend/cpu/stm32l4/int_stm32l4.o
LOAD ./lib/libtk/sysdepend/cpu/stm32l4/ptimer_stm32l4.o
LOAD ./lib/libtk/sysdepend/cpu/stm32h7/int_stm32h7.o
LOAD ./lib/libtk/sysdepend/cpu/stm32h7/ptimer_stm32h7.o
LOAD ./lib/libtk/sysdepend/cpu/rza2m/ptimer_rza2m.o
LOAD ./lib/libtk/sysdepend/cpu/rx65n/int_rx65n.o
LOAD ./lib/libtk/sysdepend/cpu/rx65n/ipr_rx65n.o
LOAD ./lib/libtk/sysdepend/cpu/rx65n/ptimer_rx65n.o
LOAD ./lib/libtk/sysdepend/cpu/rx231/int_rx231.o
LOAD ./lib/libtk/sysdepend/cpu/rx231/ipr_rx231.o
LOAD ./lib/libtk/sysdepend/cpu/rx231/ptimer_rx231.o
LOAD ./lib/libtk/sysdepend/cpu/core/rxv2/int_rxv2.o
LOAD ./lib/libtk/sysdepend/cpu/core/rxv2/wusec_rvx2.o
LOAD ./lib/libtk/sysdepend/cpu/core/armv7m/int_armv7m.o
LOAD ./lib/libtk/sysdepend/cpu/core/armv7m/wusec_armv7m.o
LOAD ./lib/libtk/sysdepend/cpu/core/armv7a/int_armv7a.o
LOAD ./lib/libtk/sysdepend/cpu/core/armv7a/wusec_armv7a.o
LOAD ./lib/libtk/fastlock.o
LOAD ./lib/libtk/fastmlock.o
LOAD ./lib/libtk/kmalloc.o
LOAD ./kernel/usermain/usermain.o
LOAD ./kernel/tstdlib/bitop.o
LOAD ./kernel/tstdlib/string.o
LOAD ./kernel/tkernel/cpuctl.o
LOAD ./kernel/tkernel/device.o
LOAD ./kernel/tkernel/deviceio.o
LOAD ./kernel/tkernel/eventflag.o
LOAD ./kernel/tkernel/int.o
LOAD ./kernel/tkernel/klock.o
LOAD ./kernel/tkernel/mailbox.o
LOAD ./kernel/tkernel/memory.o
LOAD ./kernel/tkernel/mempfix.o
LOAD ./kernel/tkernel/mempool.o
LOAD ./kernel/tkernel/messagebuf.o
LOAD ./kernel/tkernel/misc_calls.o
LOAD ./kernel/tkernel/mutex.o
LOAD ./kernel/tkernel/objname.o
LOAD ./kernel/tkernel/power.o
LOAD ./kernel/tkernel/rendezvous.o
LOAD ./kernel/tkernel/semaphore.o
LOAD ./kernel/tkernel/task.o
LOAD ./kernel/tkernel/task_manage.o
LOAD ./kernel/tkernel/task_sync.o
LOAD ./kernel/tkernel/time_calls.o
LOAD ./kernel/tkernel/timer.o
LOAD ./kernel/tkernel/tkinit.o
LOAD ./kernel/tkernel/wait.o
LOAD ./kernel/sysinit/sysinit.o
LOAD ./kernel/sysdepend/rtb_rx65n/cpu_clock.o
LOAD ./kernel/sysdepend/rtb_rx65n/devinit.o
LOAD ./kernel/sysdepend/rtb_rx65n/hw_setting.o
LOAD ./kernel/sysdepend/rtb_rx65n/power_save.o
LOAD ./kernel/sysdepend/nucleo_l476/devinit.o
LOAD ./kernel/sysdepend/nucleo_l476/hw_setting.o
LOAD ./kernel/sysdepend/nucleo_l476/power_save.o
LOAD ./kernel/sysdepend/nucleo_h723/devinit.o
LOAD ./kernel/sysdepend/nucleo_h723/hw_setting.o
LOAD ./kernel/sysdepend/nucleo_h723/power_save.o
LOAD ./kernel/sysdepend/iote_stm32l4/devinit.o
LOAD ./kernel/sysdepend/iote_stm32l4/hw_setting.o
LOAD ./kernel/sysdepend/iote_stm32l4/power_save.o
LOAD ./kernel/sysdepend/iote_rza2m/devinit.o
LOAD ./kernel/sysdepend/iote_rza2m/hw_setting.o
LOAD ./kernel/sysdepend/iote_rza2m/power_save.o
LOAD ./kernel/sysdepend/iote_rx231/devinit.o
LOAD ./kernel/sysdepend/iote_rx231/hw_setting.o
LOAD ./kernel/sysdepend/iote_rx231/power_save.o
LOAD ./kernel/sysdepend/iote_m367/devinit.o
LOAD ./kernel/sysdepend/iote_m367/hw_setting.o
LOAD ./kernel/sysdepend/iote_m367/power_save.o
LOAD ./kernel/sysdepend/cpu/tx03_m367/cpu_clock.o
LOAD ./kernel/sysdepend/cpu/tx03_m367/vector_tbl.o
LOAD ./kernel/sysdepend/cpu/stm32l4/cpu_clock.o
LOAD ./kernel/sysdepend/cpu/stm32l4/vector_tbl.o
LOAD ./kernel/sysdepend/cpu/stm32h7/cpu_clock.o
LOAD ./kernel/sysdepend/cpu/stm32h7/vector_tbl.o
LOAD ./kernel/sysdepend/cpu/rza2m/cpu_clock.o
LOAD ./kernel/sysdepend/cpu/rza2m/sf_boot.o
LOAD ./kernel/sysdepend/cpu/rza2m/ttb_ini.o
LOAD ./kernel/sysdepend/cpu/rx65n/hllint_ent.o
LOAD ./kernel/sysdepend/cpu/rx65n/hllint_tbl.o
LOAD ./kernel/sysdepend/cpu/rx65n/intvect_tbl.o
LOAD ./kernel/sysdepend/cpu/rx231/cpu_clock.o
LOAD ./kernel/sysdepend/cpu/rx231/hllint_ent.o
LOAD ./kernel/sysdepend/cpu/rx231/hllint_tbl.o
LOAD ./kernel/sysdepend/cpu/rx231/intvect_tbl.o
LOAD ./kernel/sysdepend/cpu/core/rxv2/cpu_cntl.o
LOAD ./kernel/sysdepend/cpu/core/rxv2/dispatch.o
LOAD ./kernel/sysdepend/cpu/core/rxv2/exc_hdr.o
LOAD ./kernel/sysdepend/cpu/core/rxv2/int_asm.o
LOAD ./kernel/sysdepend/cpu/core/rxv2/interrupt.o
LOAD ./kernel/sysdepend/cpu/core/rxv2/reset_hdl.o
LOAD ./kernel/sysdepend/cpu/core/rxv2/reset_main.o
LOAD ./kernel/sysdepend/cpu/core/rxv2/vector_tbl.o
LOAD ./kernel/sysdepend/cpu/core/armv7m/cpu_cntl.o
LOAD ./kernel/sysdepend/cpu/core/armv7m/dispatch.o
LOAD ./kernel/sysdepend/cpu/core/armv7m/exc_hdr.o
LOAD ./kernel/sysdepend/cpu/core/armv7m/interrupt.o
LOAD ./kernel/sysdepend/cpu/core/armv7m/reset_hdl.o
LOAD ./kernel/sysdepend/cpu/core/armv7a/cpu_cntl.o
LOAD ./kernel/sysdepend/cpu/core/armv7a/dispatch.o
LOAD ./kernel/sysdepend/cpu/core/armv7a/exc_entry.o
LOAD ./kernel/sysdepend/cpu/core/armv7a/exc_hdl.o
LOAD ./kernel/sysdepend/cpu/core/armv7a/int_asm.o
LOAD ./kernel/sysdepend/cpu/core/armv7a/interrupt.o
LOAD ./kernel/sysdepend/cpu/core/armv7a/reset_hdl.o
LOAD ./kernel/sysdepend/cpu/core/armv7a/reset_main.o
LOAD ./kernel/sysdepend/cpu/core/armv7a/vector_tbl.o
LOAD ./kernel/inittask/inittask.o
LOAD ./device/ser/sysdepend/tx03_m367/ser_m367.o
LOAD ./device/ser/sysdepend/stm32l4/ser_stm32l4.o
LOAD ./device/ser/sysdepend/stm32h7/ser_stm32h7.o
LOAD ./device/ser/sysdepend/rza2m/ser_rza2m.o
LOAD ./device/ser/sysdepend/rx65n/ser_rx65n.o
LOAD ./device/ser/sysdepend/rx231/ser_rx231.o
LOAD ./device/ser/ser.o
LOAD ./device/i2c/sysdepend/tx03_m367/i2c_m367.o
LOAD ./device/i2c/sysdepend/stm32l4/i2c_stm32l4.o
LOAD ./device/i2c/sysdepend/stm32h7/i2c_stm32h7.o
LOAD ./device/i2c/sysdepend/rza2m/i2c_rza2m.o
LOAD ./device/i2c/sysdepend/rx65n/i2c_rx65n.o
LOAD ./device/i2c/sysdepend/rx231/i2c_rx231.o
LOAD ./device/i2c/i2c.o
LOAD ./device/common/drvif/msdrvif.o
LOAD ./device/adc/sysdepend/tx03_m367/adc_m367.o
LOAD ./device/adc/sysdepend/stm32l4/adc_stm32l4.o
LOAD ./device/adc/sysdepend/stm32h7/adc_stm32h7.o
LOAD ./device/adc/sysdepend/rza2m/adc_rza2m.o
LOAD ./device/adc/sysdepend/rx65n/adc_rx65n.o
LOAD ./device/adc/sysdepend/rx231/adc_rx231.o
LOAD ./device/adc/adc.o
LOAD ./app_program/app_main.o
START GROUP
LOAD d:/tkernel_dev/tools_rx/gcc for renesas rx 8.3.0.202004-gnurx-elf/rx-elf/rx-elf/bin/../lib/gcc/rx-elf/8.3.0.202004-GNURX/../../../../rx-elf/lib/rxv2\libm.a
LOAD d:/tkernel_dev/tools_rx/gcc for renesas rx 8.3.0.202004-gnurx-elf/rx-elf/rx-elf/bin/../lib/gcc/rx-elf/8.3.0.202004-GNURX/../../../../rx-elf/lib/rxv2\libc.a
LOAD d:/tkernel_dev/tools_rx/gcc for renesas rx 8.3.0.202004-gnurx-elf/rx-elf/rx-elf/bin/../lib/gcc/rx-elf/8.3.0.202004-GNURX/rxv2\libgcc.a
END GROUP

.exvectors      0xffffff80       0x7c
                0xffffff80                _exvectors_start = .
 *(.exvectors)
 .exvectors     0xffffff80       0x7c ./kernel/sysdepend/cpu/core/rxv2/vector_tbl.o
                0xffffff80                exvect_tbl
                0xfffffffc                _exvectors_end = .

.fvectors       0xfffffffc        0x4
 *(.fvectors)
 .fvectors      0xfffffffc        0x4 ./kernel/sysdepend/cpu/core/rxv2/vector_tbl.o
                0xfffffffc                reset_vect

.text           0xfff80000     0xc535
 *(.text)
 .text          0xfff80000      0xcf0 ./kernel/sysdepend/cpu/rx65n/hllint_ent.o
                0xfff80000                hll_inthdr_entry_0
                0xfff8000c                hll_inthdr_entry_1
                0xfff80018                hll_inthdr_entry_2
                0xfff80024                hll_inthdr_entry_3
                0xfff80030                hll_inthdr_entry_4
                0xfff8003c                hll_inthdr_entry_5
                0xfff80048                hll_inthdr_entry_6
                0xfff80054                hll_inthdr_entry_7
                0xfff80060                hll_inthdr_entry_8
                0xfff8006c                hll_inthdr_entry_9
                0xfff80078                hll_inthdr_entry_10
                0xfff80084                hll_inthdr_entry_11
                0xfff80090                hll_inthdr_entry_12
                0xfff8009c                hll_inthdr_entry_13
                0xfff800a8                hll_inthdr_entry_14
                0xfff800b4                hll_inthdr_entry_15
                0xfff800c0                hll_inthdr_entry_16
                0xfff800cd                hll_inthdr_entry_17
                0xfff800da                hll_inthdr_entry_18
                0xfff800e7                hll_inthdr_entry_19
                0xfff800f4                hll_inthdr_entry_20
                0xfff80101                hll_inthdr_entry_21
                0xfff8010e                hll_inthdr_entry_22
                0xfff8011b                hll_inthdr_entry_23
                0xfff80128                hll_inthdr_entry_24
                0xfff80135                hll_inthdr_entry_25
                0xfff80142                hll_inthdr_entry_26
                0xfff8014f                hll_inthdr_entry_27
                0xfff8015c                hll_inthdr_entry_28
                0xfff80169                hll_inthdr_entry_29
                0xfff80176                hll_inthdr_entry_30
                0xfff80183                hll_inthdr_entry_31
                0xfff80190                hll_inthdr_entry_32
                0xfff8019d                hll_inthdr_entry_33
                0xfff801aa                hll_inthdr_entry_34
                0xfff801b7                hll_inthdr_entry_35
                0xfff801c4                hll_inthdr_entry_36
                0xfff801d1                hll_inthdr_entry_37
                0xfff801de                hll_inthdr_entry_38
                0xfff801eb                hll_inthdr_entry_39
                0xfff801f8                hll_inthdr_entry_40
                0xfff80205                hll_inthdr_entry_41
                0xfff80212                hll_inthdr_entry_42
                0xfff8021f                hll_inthdr_entry_43
                0xfff8022c                hll_inthdr_entry_44
                0xfff80239                hll_inthdr_entry_45
                0xfff80246                hll_inthdr_entry_46
                0xfff80253                hll_inthdr_entry_47
                0xfff80260                hll_inthdr_entry_48
                0xfff8026d                hll_inthdr_entry_49
                0xfff8027a                hll_inthdr_entry_50
                0xfff80287                hll_inthdr_entry_51
                0xfff80294                hll_inthdr_entry_52
                0xfff802a1                hll_inthdr_entry_53
                0xfff802ae                hll_inthdr_entry_54
                0xfff802bb                hll_inthdr_entry_55
                0xfff802c8                hll_inthdr_entry_56
                0xfff802d5                hll_inthdr_entry_57
                0xfff802e2                hll_inthdr_entry_58
                0xfff802ef                hll_inthdr_entry_59
                0xfff802fc                hll_inthdr_entry_60
                0xfff80309                hll_inthdr_entry_61
                0xfff80316                hll_inthdr_entry_62
                0xfff80323                hll_inthdr_entry_63
                0xfff80330                hll_inthdr_entry_64
                0xfff8033d                hll_inthdr_entry_65
                0xfff8034a                hll_inthdr_entry_66
                0xfff80357                hll_inthdr_entry_67
                0xfff80364                hll_inthdr_entry_68
                0xfff80371                hll_inthdr_entry_69
                0xfff8037e                hll_inthdr_entry_70
                0xfff8038b                hll_inthdr_entry_71
                0xfff80398                hll_inthdr_entry_72
                0xfff803a5                hll_inthdr_entry_73
                0xfff803b2                hll_inthdr_entry_74
                0xfff803bf                hll_inthdr_entry_75
                0xfff803cc                hll_inthdr_entry_76
                0xfff803d9                hll_inthdr_entry_77
                0xfff803e6                hll_inthdr_entry_78
                0xfff803f3                hll_inthdr_entry_79
                0xfff80400                hll_inthdr_entry_80
                0xfff8040d                hll_inthdr_entry_81
                0xfff8041a                hll_inthdr_entry_82
                0xfff80427                hll_inthdr_entry_83
                0xfff80434                hll_inthdr_entry_84
                0xfff80441                hll_inthdr_entry_85
                0xfff8044e                hll_inthdr_entry_86
                0xfff8045b                hll_inthdr_entry_87
                0xfff80468                hll_inthdr_entry_88
                0xfff80475                hll_inthdr_entry_89
                0xfff80482                hll_inthdr_entry_90
                0xfff8048f                hll_inthdr_entry_91
                0xfff8049c                hll_inthdr_entry_92
                0xfff804a9                hll_inthdr_entry_93
                0xfff804b6                hll_inthdr_entry_94
                0xfff804c3                hll_inthdr_entry_95
                0xfff804d0                hll_inthdr_entry_96
                0xfff804dd                hll_inthdr_entry_97
                0xfff804ea                hll_inthdr_entry_98
                0xfff804f7                hll_inthdr_entry_99
                0xfff80504                hll_inthdr_entry_100
                0xfff80511                hll_inthdr_entry_101
                0xfff8051e                hll_inthdr_entry_102
                0xfff8052b                hll_inthdr_entry_103
                0xfff80538                hll_inthdr_entry_104
                0xfff80545                hll_inthdr_entry_105
                0xfff80552                hll_inthdr_entry_106
                0xfff8055f                hll_inthdr_entry_107
                0xfff8056c                hll_inthdr_entry_108
                0xfff80579                hll_inthdr_entry_109
                0xfff80586                hll_inthdr_entry_110
                0xfff80593                hll_inthdr_entry_111
                0xfff805a0                hll_inthdr_entry_112
                0xfff805ad                hll_inthdr_entry_113
                0xfff805ba                hll_inthdr_entry_114
                0xfff805c7                hll_inthdr_entry_115
                0xfff805d4                hll_inthdr_entry_116
                0xfff805e1                hll_inthdr_entry_117
                0xfff805ee                hll_inthdr_entry_118
                0xfff805fb                hll_inthdr_entry_119
                0xfff80608                hll_inthdr_entry_120
                0xfff80615                hll_inthdr_entry_121
                0xfff80622                hll_inthdr_entry_122
                0xfff8062f                hll_inthdr_entry_123
                0xfff8063c                hll_inthdr_entry_124
                0xfff80649                hll_inthdr_entry_125
                0xfff80656                hll_inthdr_entry_126
                0xfff80663                hll_inthdr_entry_127
                0xfff80670                hll_inthdr_entry_128
                0xfff8067d                hll_inthdr_entry_129
                0xfff8068a                hll_inthdr_entry_130
                0xfff80697                hll_inthdr_entry_131
                0xfff806a4                hll_inthdr_entry_132
                0xfff806b1                hll_inthdr_entry_133
                0xfff806be                hll_inthdr_entry_134
                0xfff806cb                hll_inthdr_entry_135
                0xfff806d8                hll_inthdr_entry_136
                0xfff806e5                hll_inthdr_entry_137
                0xfff806f2                hll_inthdr_entry_138
                0xfff806ff                hll_inthdr_entry_139
                0xfff8070c                hll_inthdr_entry_140
                0xfff80719                hll_inthdr_entry_141
                0xfff80726                hll_inthdr_entry_142
                0xfff80733                hll_inthdr_entry_143
                0xfff80740                hll_inthdr_entry_144
                0xfff8074d                hll_inthdr_entry_145
                0xfff8075a                hll_inthdr_entry_146
                0xfff80767                hll_inthdr_entry_147
                0xfff80774                hll_inthdr_entry_148
                0xfff80781                hll_inthdr_entry_149
                0xfff8078e                hll_inthdr_entry_150
                0xfff8079b                hll_inthdr_entry_151
                0xfff807a8                hll_inthdr_entry_152
                0xfff807b5                hll_inthdr_entry_153
                0xfff807c2                hll_inthdr_entry_154
                0xfff807cf                hll_inthdr_entry_155
                0xfff807dc                hll_inthdr_entry_156
                0xfff807e9                hll_inthdr_entry_157
                0xfff807f6                hll_inthdr_entry_158
                0xfff80803                hll_inthdr_entry_159
                0xfff80810                hll_inthdr_entry_160
                0xfff8081d                hll_inthdr_entry_161
                0xfff8082a                hll_inthdr_entry_162
                0xfff80837                hll_inthdr_entry_163
                0xfff80844                hll_inthdr_entry_164
                0xfff80851                hll_inthdr_entry_165
                0xfff8085e                hll_inthdr_entry_166
                0xfff8086b                hll_inthdr_entry_167
                0xfff80878                hll_inthdr_entry_168
                0xfff80885                hll_inthdr_entry_169
                0xfff80892                hll_inthdr_entry_170
                0xfff8089f                hll_inthdr_entry_171
                0xfff808ac                hll_inthdr_entry_172
                0xfff808b9                hll_inthdr_entry_173
                0xfff808c6                hll_inthdr_entry_174
                0xfff808d3                hll_inthdr_entry_175
                0xfff808e0                hll_inthdr_entry_176
                0xfff808ed                hll_inthdr_entry_177
                0xfff808fa                hll_inthdr_entry_178
                0xfff80907                hll_inthdr_entry_179
                0xfff80914                hll_inthdr_entry_180
                0xfff80921                hll_inthdr_entry_181
                0xfff8092e                hll_inthdr_entry_182
                0xfff8093b                hll_inthdr_entry_183
                0xfff80948                hll_inthdr_entry_184
                0xfff80955                hll_inthdr_entry_185
                0xfff80962                hll_inthdr_entry_186
                0xfff8096f                hll_inthdr_entry_187
                0xfff8097c                hll_inthdr_entry_188
                0xfff80989                hll_inthdr_entry_189
                0xfff80996                hll_inthdr_entry_190
                0xfff809a3                hll_inthdr_entry_191
                0xfff809b0                hll_inthdr_entry_192
                0xfff809bd                hll_inthdr_entry_193
                0xfff809ca                hll_inthdr_entry_194
                0xfff809d7                hll_inthdr_entry_195
                0xfff809e4                hll_inthdr_entry_196
                0xfff809f1                hll_inthdr_entry_197
                0xfff809fe                hll_inthdr_entry_198
                0xfff80a0b                hll_inthdr_entry_199
                0xfff80a18                hll_inthdr_entry_200
                0xfff80a25                hll_inthdr_entry_201
                0xfff80a32                hll_inthdr_entry_202
                0xfff80a3f                hll_inthdr_entry_203
                0xfff80a4c                hll_inthdr_entry_204
                0xfff80a59                hll_inthdr_entry_205
                0xfff80a66                hll_inthdr_entry_206
                0xfff80a73                hll_inthdr_entry_207
                0xfff80a80                hll_inthdr_entry_208
                0xfff80a8d                hll_inthdr_entry_209
                0xfff80a9a                hll_inthdr_entry_210
                0xfff80aa7                hll_inthdr_entry_211
                0xfff80ab4                hll_inthdr_entry_212
                0xfff80ac1                hll_inthdr_entry_213
                0xfff80ace                hll_inthdr_entry_214
                0xfff80adb                hll_inthdr_entry_215
                0xfff80ae8                hll_inthdr_entry_216
                0xfff80af5                hll_inthdr_entry_217
                0xfff80b02                hll_inthdr_entry_218
                0xfff80b0f                hll_inthdr_entry_219
                0xfff80b1c                hll_inthdr_entry_220
                0xfff80b29                hll_inthdr_entry_221
                0xfff80b36                hll_inthdr_entry_222
                0xfff80b43                hll_inthdr_entry_223
                0xfff80b50                hll_inthdr_entry_224
                0xfff80b5d                hll_inthdr_entry_225
                0xfff80b6a                hll_inthdr_entry_226
                0xfff80b77                hll_inthdr_entry_227
                0xfff80b84                hll_inthdr_entry_228
                0xfff80b91                hll_inthdr_entry_229
                0xfff80b9e                hll_inthdr_entry_230
                0xfff80bab                hll_inthdr_entry_231
                0xfff80bb8                hll_inthdr_entry_232
                0xfff80bc5                hll_inthdr_entry_233
                0xfff80bd2                hll_inthdr_entry_234
                0xfff80bdf                hll_inthdr_entry_235
                0xfff80bec                hll_inthdr_entry_236
                0xfff80bf9                hll_inthdr_entry_237
                0xfff80c06                hll_inthdr_entry_238
                0xfff80c13                hll_inthdr_entry_239
                0xfff80c20                hll_inthdr_entry_240
                0xfff80c2d                hll_inthdr_entry_241
                0xfff80c3a                hll_inthdr_entry_242
                0xfff80c47                hll_inthdr_entry_243
                0xfff80c54                hll_inthdr_entry_244
                0xfff80c61                hll_inthdr_entry_245
                0xfff80c6e                hll_inthdr_entry_246
                0xfff80c7b                hll_inthdr_entry_247
                0xfff80c88                hll_inthdr_entry_248
                0xfff80c95                hll_inthdr_entry_249
                0xfff80ca2                hll_inthdr_entry_250
                0xfff80caf                hll_inthdr_entry_251
                0xfff80cbc                hll_inthdr_entry_252
                0xfff80cc9                hll_inthdr_entry_253
                0xfff80cd6                hll_inthdr_entry_254
                0xfff80ce3                hll_inthdr_entry_255
 .text          0xfff80cf0       0x78 ./kernel/sysdepend/cpu/core/rxv2/dispatch.o
                0xfff80cf0                knl_dispatch_to_schedtsk
                0xfff80d0d                knl_dispatch_entry
                0xfff80d18                ret_int_dispatch
 .text          0xfff80d68       0x88 ./kernel/sysdepend/cpu/core/rxv2/int_asm.o
                0xfff80d68                knl_hll_inthdr
                0xfff80db9                knl_return_inthdr
 .text          0xfff80df0       0x23 ./kernel/sysdepend/cpu/core/rxv2/reset_hdl.o
                0xfff80df0                Reset_Handler
 *(.text.*)
 *(P)
 P              0xfff80e13        0x0 ./lib/libtm/sysdepend/nucleo_l476/tm_com.o
 P              0xfff80e13        0x0 ./lib/libtm/sysdepend/nucleo_h723/tm_com.o
 P              0xfff80e13       0x28 ./lib/libtm/sysdepend/no_device/tm_com.o
                0xfff80e13                tm_snd_dat
                0xfff80e23                tm_rcv_dat
                0xfff80e33                tm_com_init
 P              0xfff80e3b        0x0 ./lib/libtm/sysdepend/iote_stm32l4/tm_com.o
 P              0xfff80e3b        0x0 ./lib/libtm/sysdepend/iote_rza2m/tm_com.o
 P              0xfff80e3b        0x0 ./lib/libtm/sysdepend/iote_rx231/tm_com.o
 P              0xfff80e3b        0x0 ./lib/libtm/sysdepend/iote_m367/tm_com.o
 P              0xfff80e3b      0x13c ./lib/libtm/libtm.o
                0xfff80e3b                libtm_init
                0xfff80e47                tm_getchar
                0xfff80e72                tm_getline
                0xfff80eeb                tm_putchar
                0xfff80f32                tm_putstring
 *fill*         0xfff80f77        0x1 
 P              0xfff80f78      0x750 ./lib/libtm/libtm_printf.o
                0xfff81603                tm_printf
                0xfff81681                tm_sprintf
 P              0xfff816c8        0x0 ./lib/libtk/sysdepend/cpu/tx03_m367/int_m367.o
 P              0xfff816c8        0x0 ./lib/libtk/sysdepend/cpu/tx03_m367/ptimer_m367.o
 P              0xfff816c8        0x0 ./lib/libtk/sysdepend/cpu/stm32l4/int_stm32l4.o
 P              0xfff816c8        0x0 ./lib/libtk/sysdepend/cpu/stm32l4/ptimer_stm32l4.o
 P              0xfff816c8        0x0 ./lib/libtk/sysdepend/cpu/stm32h7/int_stm32h7.o
 P              0xfff816c8        0x0 ./lib/libtk/sysdepend/cpu/stm32h7/ptimer_stm32h7.o
 P              0xfff816c8        0x0 ./lib/libtk/sysdepend/cpu/rza2m/ptimer_rza2m.o
 P              0xfff816c8        0x0 ./lib/libtk/sysdepend/cpu/rx65n/int_rx65n.o
 P              0xfff816c8        0x0 ./lib/libtk/sysdepend/cpu/rx65n/ipr_rx65n.o
 P              0xfff816c8      0x388 ./lib/libtk/sysdepend/cpu/rx65n/ptimer_rx65n.o
                0xfff81784                StartPhysicalTimer
                0xfff818ad                StopPhysicalTimer
                0xfff818f6                GetPhysicalTimerCount
                0xfff8194c                DefinePhysicalTimerHandler
                0xfff819a0                GetPhysicalTimerConfig
 P              0xfff81a50        0x0 ./lib/libtk/sysdepend/cpu/rx231/int_rx231.o
 P              0xfff81a50        0x0 ./lib/libtk/sysdepend/cpu/rx231/ipr_rx231.o
 P              0xfff81a50        0x0 ./lib/libtk/sysdepend/cpu/rx231/ptimer_rx231.o
 P              0xfff81a50      0x2b8 ./lib/libtk/sysdepend/cpu/core/rxv2/int_rxv2.o
                0xfff81a50                disint
                0xfff81a7c                setint
                0xfff81aa7                SetCpuIntLevel
                0xfff81ace                GetCpuIntLevel
                0xfff81ae7                EnableInt
                0xfff81ba2                DisableInt
                0xfff81bfd                ClearInt
                0xfff81c14                EndOfInt
                0xfff81c21                CheckInt
                0xfff81c3a                SetIntMode
 P              0xfff81d08       0xff ./lib/libtk/sysdepend/cpu/core/rxv2/wusec_rvx2.o
                0xfff81d97                WaitUsec
                0xfff81dc2                WaitNsec
 P              0xfff81e07        0x0 ./lib/libtk/sysdepend/cpu/core/armv7m/int_armv7m.o
 P              0xfff81e07        0x0 ./lib/libtk/sysdepend/cpu/core/armv7m/wusec_armv7m.o
 P              0xfff81e07        0x0 ./lib/libtk/sysdepend/cpu/core/armv7a/int_armv7a.o
 P              0xfff81e07        0x0 ./lib/libtk/sysdepend/cpu/core/armv7a/wusec_armv7a.o
 P              0xfff81e07      0x153 ./lib/libtk/fastlock.o
                0xfff81e68                Lock
                0xfff81e8f                Unlock
                0xfff81eb3                CreateLock
                0xfff81f36                DeleteLock
 P              0xfff81f5a      0x270 ./lib/libtk/fastmlock.o
                0xfff8202b                MLockTmo
                0xfff8209f                MLock
                0xfff820be                MUnlock
                0xfff8210a                CreateMLock
                0xfff8218f                DeleteMLock
 P              0xfff821ca       0x61 ./lib/libtk/kmalloc.o
                0xfff821ca                Kmalloc
                0xfff821e0                Kcalloc
                0xfff821fc                Krealloc
                0xfff82218                Kfree
 P              0xfff8222b        0xb ./kernel/usermain/usermain.o
 P              0xfff82236        0x0 ./kernel/tstdlib/bitop.o
 P              0xfff82236      0x22e ./kernel/tstdlib/string.o
                0xfff82236                knl_memset
                0xfff822cf                knl_memcpy
                0xfff82307                knl_strlen
                0xfff8232d                knl_strcpy
                0xfff82365                knl_strncpy
                0xfff823c7                knl_strcmp
                0xfff8241c                knl_strcat
 *fill*         0xfff82464        0x4 
 P              0xfff82468      0x2b8 ./kernel/tkernel/cpuctl.o
                0xfff82480                tk_dis_dsp
                0xfff824b8                tk_ena_dsp
                0xfff82507                tk_set_reg
                0xfff82610                tk_get_reg
 P              0xfff82720      0x970 ./kernel/tkernel/device.o
                0xfff8280e                knl_searchDevCB
                0xfff828db                tk_def_dev
                0xfff82a4d                tk_ref_idv
                0xfff82a81                knl_phydevnm
                0xfff82bb9                tk_get_dev
                0xfff82c67                tk_ref_dev
                0xfff82d19                tk_oref_dev
                0xfff82dc2                tk_lst_dev
                0xfff82ea8                tk_evt_dev
                0xfff82ff7                knl_initialize_devmgr
                0xfff83064                knl_finish_devmgr
 P              0xfff83090     0x12b8 ./kernel/tkernel/deviceio.o
                0xfff83158                knl_GetResCB
                0xfff83193                knl_check_devdesc
                0xfff831fb                knl_delOpnCB
                0xfff83234                knl_delReqCB
                0xfff8325a                knl_chkopen
                0xfff8342f                tk_opn_dev
                0xfff837fb                knl_close_device
                0xfff83916                tk_cls_dev
                0xfff839b5                knl_request
                0xfff83b9d                tk_rea_dev
                0xfff83bd6                tk_srea_dev
                0xfff83c3b                tk_wri_dev
                0xfff83c74                tk_swri_dev
                0xfff83d1e                tk_wai_dev
                0xfff840c5                tk_sus_dev
                0xfff841e1                knl_devmgr_startup
                0xfff84213                knl_devmgr_cleanup
                0xfff842ab                knl_initDevIO
                0xfff8433c                knl_finishDevIO
 P              0xfff84348      0x708 ./kernel/tkernel/eventflag.o
                0xfff8443f                knl_eventflag_initialize
                0xfff84487                tk_cre_flg
                0xfff84554                tk_del_flg
                0xfff845f9                tk_set_flg
                0xfff84722                tk_clr_flg
                0xfff847e7                tk_wai_flg
                0xfff8499c                tk_ref_flg
 P              0xfff84a50       0xc8 ./kernel/tkernel/int.o
                0xfff84a68                tk_def_int
                0xfff84b0b                tk_ret_int
 P              0xfff84b18      0x408 ./kernel/tkernel/klock.o
                0xfff84d7b                knl_LockOBJ
                0xfff84e6b                knl_UnlockOBJ
 P              0xfff84f20      0x5d8 ./kernel/tkernel/mailbox.o
                0xfff85020                knl_mailbox_initialize
                0xfff85068                tk_cre_mbx
                0xfff85131                tk_del_mbx
                0xfff851d6                tk_snd_mbx
                0xfff85315                tk_rcv_mbx
                0xfff85445                tk_ref_mbx
 P              0xfff854f8      0x5e0 ./kernel/tkernel/memory.o
                0xfff8556c                knl_searchFreeArea
                0xfff8560e                knl_appendFreeArea
                0xfff856d2                knl_removeFreeQue
                0xfff8573b                knl_insertAreaQue
                0xfff85775                knl_removeAreaQue
                0xfff857a8                knl_Imalloc
                0xfff85868                knl_Icalloc
                0xfff858a5                knl_Irealloc
                0xfff85915                knl_Ifree
                0xfff859c3                knl_init_Imalloc
 P              0xfff85ad8      0x748 ./kernel/tkernel/mempfix.o
                0xfff85bb7                knl_fix_memorypool_initialize
                0xfff85c09                tk_cre_mpf
                0xfff85d9d                tk_del_mpf
                0xfff85ead                tk_get_mpf
                0xfff86033                tk_rel_mpf
                0xfff86160                tk_ref_mpf
 P              0xfff86220      0xb18 ./kernel/tkernel/mempool.o
                0xfff8631b                knl_memorypool_initialize
                0xfff865e4                knl_mpl_wakeup
                0xfff86688                tk_cre_mpl
                0xfff86810                tk_del_mpl
                0xfff86963                tk_get_mpl
                0xfff86af7                tk_rel_mpl
                0xfff86bf3                tk_ref_mpl
 P              0xfff86d38      0xa98 ./kernel/tkernel/messagebuf.o
                0xfff86e2b                knl_messagebuffer_initialize
                0xfff86f9e                tk_cre_mbf
                0xfff87130                tk_del_mbf
                0xfff87251                tk_snd_mbf
                0xfff8750e                tk_rcv_mbf
                0xfff876ba                tk_ref_mbf
 P              0xfff877d0      0x168 ./kernel/tkernel/misc_calls.o
                0xfff877e8                tk_ref_sys
                0xfff878fe                tk_ref_ver
 P              0xfff87938      0xa50 ./kernel/tkernel/mutex.o
                0xfff87a4e                knl_mutex_initialize
                0xfff87a96                knl_release_mutex
                0xfff87b51                knl_signal_all_mutex
                0xfff87be8                knl_chg_pri_mutex
                0xfff87cda                tk_cre_mtx
                0xfff87de0                tk_del_mtx
                0xfff87f56                tk_loc_mtx
                0xfff88197                tk_unl_mtx
                0xfff882ca                tk_ref_mtx
 P              0xfff88388        0x0 ./kernel/tkernel/objname.o
 P              0xfff88388        0x0 ./kernel/tkernel/power.o
 P              0xfff88388        0x0 ./kernel/tkernel/rendezvous.o
 P              0xfff88388      0x678 ./kernel/tkernel/semaphore.o
                0xfff88422                knl_semaphore_initialize
                0xfff8846a                tk_cre_sem
                0xfff88573                tk_del_sem
                0xfff88618                tk_sig_sem
                0xfff887d8                tk_wai_sem
                0xfff8894d                tk_ref_sem
 P              0xfff88a00      0x570 ./kernel/tkernel/task.o
                0xfff88d53                knl_task_initialize
                0xfff88ddb                knl_make_dormant
                0xfff88e3c                knl_make_ready
                0xfff88e6a                knl_make_non_ready
                0xfff88ea3                knl_change_task_priority
                0xfff88f24                knl_rotate_ready_queue
                0xfff88f3f                knl_rotate_ready_queue_run
 P              0xfff88f70      0xb48 ./kernel/tkernel/task_manage.o
                0xfff8909e                tk_cre_tsk
                0xfff8924a                tk_del_tsk
                0xfff89338                tk_sta_tsk
                0xfff8948e                tk_ext_tsk
                0xfff89516                tk_exd_tsk
                0xfff89597                tk_ter_tsk
                0xfff896a6                tk_chg_pri
                0xfff897c5                tk_rot_rdq
                0xfff89871                tk_get_tid
                0xfff89893                tk_ref_tsk
                0xfff899e6                tk_rel_wai
 P              0xfff89ab8      0x7c0 ./kernel/tkernel/task_sync.o
                0xfff89b02                tk_sus_tsk
                0xfff89c56                tk_rsm_tsk
                0xfff89d91                tk_frsm_tsk
                0xfff89ea7                tk_slp_tsk
                0xfff89fa2                tk_wup_tsk
                0xfff8a0ce                tk_can_wup
                0xfff8a19b                tk_dly_tsk
 P              0xfff8a278      0xf08 ./kernel/tkernel/time_calls.o
                0xfff8a4e7                tk_set_utc
                0xfff8a56b                tk_get_utc
                0xfff8a5e8                tk_set_tim
                0xfff8a686                tk_get_tim
                0xfff8a71b                tk_get_otm
                0xfff8a78c                knl_cyclichandler_initialize
                0xfff8a7d2                knl_call_cychdr
                0xfff8a830                tk_cre_cyc
                0xfff8a97b                tk_del_cyc
                0xfff8aa2a                tk_sta_cyc
                0xfff8ab3e                tk_stp_cyc
                0xfff8abea                tk_ref_cyc
                0xfff8acef                knl_alarmhandler_initialize
                0xfff8ad35                knl_call_almhdr
                0xfff8ad65                tk_cre_alm
                0xfff8ae33                tk_del_alm
                0xfff8af0e                tk_sta_alm
                0xfff8afe0                tk_stp_alm
                0xfff8b08c                tk_ref_alm
 P              0xfff8b180      0x3b0 ./kernel/tkernel/timer.o
                0xfff8b2e8                knl_timer_startup
                0xfff8b323                knl_timer_shutdown
                0xfff8b396                knl_timer_insert
                0xfff8b3ee                knl_timer_insert_reltim
                0xfff8b433                knl_timer_insert_abs
                0xfff8b463                knl_timer_handler
 P              0xfff8b530       0xb0 ./kernel/tkernel/tkinit.o
                0xfff8b530                knl_init_object
 P              0xfff8b5e0      0x3e0 ./kernel/tkernel/wait.o
                0xfff8b712                knl_wait_release_ok
                0xfff8b72b                knl_wait_release_ok_ercd
                0xfff8b749                knl_wait_release_ng
                0xfff8b77b                knl_wait_release_tmout
                0xfff8b7a8                knl_make_wait
                0xfff8b818                knl_make_wait_reltim
                0xfff8b888                knl_wait_delete
                0xfff8b8b7                knl_wait_tskid
                0xfff8b8d8                knl_gcb_make_wait
                0xfff8b945                knl_gcb_change_priority
                0xfff8b967                knl_gcb_top_of_wait_queue
 P              0xfff8b9c0       0xe0 ./kernel/sysinit/sysinit.o
                0xfff8b9c0                main
                0xfff8ba92                knl_tkernel_exit
 P              0xfff8baa0      0x108 ./kernel/sysdepend/rtb_rx65n/cpu_clock.o
                0xfff8baf9                startup_clock
                0xfff8bba0                shutdown_clock
 P              0xfff8bba8       0x21 ./kernel/sysdepend/rtb_rx65n/devinit.o
                0xfff8bba8                knl_init_device
                0xfff8bbb3                knl_start_device
                0xfff8bbbe                knl_finish_device
 *fill*         0xfff8bbc9        0x7 
 P              0xfff8bbd0      0x160 ./kernel/sysdepend/rtb_rx65n/hw_setting.o
                0xfff8bc15                knl_startup_hw
                0xfff8bccb                knl_shutdown_hw
                0xfff8bcd9                knl_restart_hw
 P              0xfff8bd30       0x10 ./kernel/sysdepend/rtb_rx65n/power_save.o
                0xfff8bd30                low_pow
                0xfff8bd38                off_pow
 P              0xfff8bd40        0x0 ./kernel/sysdepend/nucleo_l476/devinit.o
 P              0xfff8bd40        0x0 ./kernel/sysdepend/nucleo_l476/hw_setting.o
 P              0xfff8bd40        0x0 ./kernel/sysdepend/nucleo_l476/power_save.o
 P              0xfff8bd40        0x0 ./kernel/sysdepend/nucleo_h723/devinit.o
 P              0xfff8bd40        0x0 ./kernel/sysdepend/nucleo_h723/hw_setting.o
 P              0xfff8bd40        0x0 ./kernel/sysdepend/nucleo_h723/power_save.o
 P              0xfff8bd40        0x0 ./kernel/sysdepend/iote_stm32l4/devinit.o
 P              0xfff8bd40        0x0 ./kernel/sysdepend/iote_stm32l4/hw_setting.o
 P              0xfff8bd40        0x0 ./kernel/sysdepend/iote_stm32l4/power_save.o
 P              0xfff8bd40        0x0 ./kernel/sysdepend/iote_rza2m/devinit.o
 P              0xfff8bd40        0x0 ./kernel/sysdepend/iote_rza2m/hw_setting.o
 P              0xfff8bd40        0x0 ./kernel/sysdepend/iote_rza2m/power_save.o
 P              0xfff8bd40        0x0 ./kernel/sysdepend/iote_rx231/devinit.o
 P              0xfff8bd40        0x0 ./kernel/sysdepend/iote_rx231/hw_setting.o
 P              0xfff8bd40        0x0 ./kernel/sysdepend/iote_rx231/power_save.o
 P              0xfff8bd40        0x0 ./kernel/sysdepend/iote_m367/devinit.o
 P              0xfff8bd40        0x0 ./kernel/sysdepend/iote_m367/hw_setting.o
 P              0xfff8bd40        0x0 ./kernel/sysdepend/iote_m367/power_save.o
 P              0xfff8bd40        0x0 ./kernel/sysdepend/cpu/tx03_m367/cpu_clock.o
 P              0xfff8bd40        0x0 ./kernel/sysdepend/cpu/tx03_m367/vector_tbl.o
 P              0xfff8bd40        0x0 ./kernel/sysdepend/cpu/stm32l4/cpu_clock.o
 P              0xfff8bd40        0x0 ./kernel/sysdepend/cpu/stm32l4/vector_tbl.o
 P              0xfff8bd40        0x0 ./kernel/sysdepend/cpu/stm32h7/cpu_clock.o
 P              0xfff8bd40        0x0 ./kernel/sysdepend/cpu/stm32h7/vector_tbl.o
 P              0xfff8bd40        0x0 ./kernel/sysdepend/cpu/rza2m/cpu_clock.o
 P              0xfff8bd40        0x0 ./kernel/sysdepend/cpu/rza2m/sf_boot.o
 P              0xfff8bd40        0x0 ./kernel/sysdepend/cpu/rza2m/ttb_ini.o
 P              0xfff8bd40        0x0 ./kernel/sysdepend/cpu/rx65n/hllint_ent.o
 P              0xfff8bd40        0x0 ./kernel/sysdepend/cpu/rx65n/hllint_tbl.o
 P              0xfff8bd40        0x0 ./kernel/sysdepend/cpu/rx65n/intvect_tbl.o
 P              0xfff8bd40        0x0 ./kernel/sysdepend/cpu/rx231/cpu_clock.o
 P              0xfff8bd40        0x0 ./kernel/sysdepend/cpu/rx231/hllint_ent.o
 P              0xfff8bd40        0x0 ./kernel/sysdepend/cpu/rx231/hllint_tbl.o
 P              0xfff8bd40        0x0 ./kernel/sysdepend/cpu/rx231/intvect_tbl.o
 P              0xfff8bd40      0x113 ./kernel/sysdepend/cpu/core/rxv2/cpu_cntl.o
                0xfff8bd40                knl_set_reg
                0xfff8bdbf                knl_get_reg
                0xfff8be32                knl_force_dispatch
                0xfff8be47                knl_dispatch
 P              0xfff8be53        0x0 ./kernel/sysdepend/cpu/core/rxv2/dispatch.o
 P              0xfff8be53       0x74 ./kernel/sysdepend/cpu/core/rxv2/exc_hdr.o
                0xfff8be53                NMI_Handler
                0xfff8be65                SuperVisorInst_Handler
                0xfff8be77                AccessInst_Handler
                0xfff8be89                UndefinedInst_Handler
                0xfff8be9b                FloatingPoint_Handler
                0xfff8bead                Default_Handler
 P              0xfff8bec7        0x0 ./kernel/sysdepend/cpu/core/rxv2/int_asm.o
 P              0xfff8bec7       0x94 ./kernel/sysdepend/cpu/core/rxv2/interrupt.o
                0xfff8bec7                knl_define_inthdr
                0xfff8bf50                knl_init_interrupt
 P              0xfff8bf5b        0x0 ./kernel/sysdepend/cpu/core/rxv2/reset_hdl.o
 P              0xfff8bf5b      0x13c ./kernel/sysdepend/cpu/core/rxv2/reset_main.o
                0xfff8bf6d                reset_main
 P              0xfff8c097        0x0 ./kernel/sysdepend/cpu/core/rxv2/vector_tbl.o
 P              0xfff8c097        0x0 ./kernel/sysdepend/cpu/core/armv7m/cpu_cntl.o
 P              0xfff8c097        0x0 ./kernel/sysdepend/cpu/core/armv7m/dispatch.o
 P              0xfff8c097        0x0 ./kernel/sysdepend/cpu/core/armv7m/exc_hdr.o
 P              0xfff8c097        0x0 ./kernel/sysdepend/cpu/core/armv7m/interrupt.o
 P              0xfff8c097        0x0 ./kernel/sysdepend/cpu/core/armv7m/reset_hdl.o
 P              0xfff8c097        0x0 ./kernel/sysdepend/cpu/core/armv7a/cpu_cntl.o
 P              0xfff8c097        0x0 ./kernel/sysdepend/cpu/core/armv7a/dispatch.o
 P              0xfff8c097        0x0 ./kernel/sysdepend/cpu/core/armv7a/exc_entry.o
 P              0xfff8c097        0x0 ./kernel/sysdepend/cpu/core/armv7a/exc_hdl.o
 P              0xfff8c097        0x0 ./kernel/sysdepend/cpu/core/armv7a/int_asm.o
 P              0xfff8c097        0x0 ./kernel/sysdepend/cpu/core/armv7a/interrupt.o
 P              0xfff8c097        0x0 ./kernel/sysdepend/cpu/core/armv7a/reset_hdl.o
 P              0xfff8c097        0x0 ./kernel/sysdepend/cpu/core/armv7a/reset_main.o
 P              0xfff8c097        0x0 ./kernel/sysdepend/cpu/core/armv7a/vector_tbl.o
 P              0xfff8c097       0x9d ./kernel/inittask/inittask.o
 P              0xfff8c134        0x0 ./device/ser/sysdepend/tx03_m367/ser_m367.o
 P              0xfff8c134        0x0 ./device/ser/sysdepend/stm32l4/ser_stm32l4.o
 P              0xfff8c134        0x0 ./device/ser/sysdepend/stm32h7/ser_stm32h7.o
 P              0xfff8c134        0x0 ./device/ser/sysdepend/rza2m/ser_rza2m.o
 P              0xfff8c134        0x0 ./device/ser/sysdepend/rx65n/ser_rx65n.o
 P              0xfff8c134        0x0 ./device/ser/sysdepend/rx231/ser_rx231.o
 P              0xfff8c134        0x0 ./device/ser/ser.o
 P              0xfff8c134        0x0 ./device/i2c/sysdepend/tx03_m367/i2c_m367.o
 P              0xfff8c134        0x0 ./device/i2c/sysdepend/stm32l4/i2c_stm32l4.o
 P              0xfff8c134        0x0 ./device/i2c/sysdepend/stm32h7/i2c_stm32h7.o
 P              0xfff8c134        0x0 ./device/i2c/sysdepend/rza2m/i2c_rza2m.o
 P              0xfff8c134        0x0 ./device/i2c/sysdepend/rx65n/i2c_rx65n.o
 P              0xfff8c134        0x0 ./device/i2c/sysdepend/rx231/i2c_rx231.o
 P              0xfff8c134        0x0 ./device/i2c/i2c.o
 P              0xfff8c134      0x2c7 ./device/common/drvif/msdrvif.o
                0xfff8c2c3                msdi_def_dev
                0xfff8c3bd                msdi_del_dev
 P              0xfff8c3fb        0x0 ./device/adc/sysdepend/tx03_m367/adc_m367.o
 P              0xfff8c3fb        0x0 ./device/adc/sysdepend/stm32l4/adc_stm32l4.o
 P              0xfff8c3fb        0x0 ./device/adc/sysdepend/stm32h7/adc_stm32h7.o
 P              0xfff8c3fb        0x0 ./device/adc/sysdepend/rza2m/adc_rza2m.o
 P              0xfff8c3fb        0x0 ./device/adc/sysdepend/rx65n/adc_rx65n.o
 P              0xfff8c3fb        0x0 ./device/adc/sysdepend/rx231/adc_rx231.o
 P              0xfff8c3fb        0x0 ./device/adc/adc.o
 P              0xfff8c3fb      0x13a ./app_program/app_main.o
                0xfff8c438                tsk1
                0xfff8c484                tsk2
                0xfff8c4b2                tsk3
                0xfff8c4e0                usermain
                0xfff8c535                etext = .

.rvectors       0xfff8c538      0x800
                0xfff8c538                _rvectors_start = .
 *(.rvectors)
 .rvectors      0xfff8c538      0x400 ./kernel/sysdepend/cpu/rx65n/intvect_tbl.o
                0xfff8c538                knl_int_vect_rom
                0xfff8c938                _rvectors_end = .
                0xfff8c938                . = ALIGN (0x4)
 *(.hvectors)
 .hvectors      0xfff8c938      0x400 ./kernel/sysdepend/cpu/rx65n/hllint_tbl.o
                0xfff8c938                knl_hll_inthdr_rom

.init           0xfff8cd38        0x0
 *(.init)
                0xfff8cd38                __preinit_array_start = .
 *(.preinit_array)
                0xfff8cd38                __preinit_array_end = .
                0xfff8cd38                __init_array_start = ((. + 0x3) & 0xfffffffc)
 *(.init_array)
 *(SORT(.init_array.*))
                0xfff8cd38                __init_array_end = .
                0xfff8cd38                __fini_array_start = .
 *(.fini_array)
 *(SORT(.fini_array.*))
                0xfff8cd38                __fini_array_end = .

.fini
 *(.fini)

.got
 *(.got)
 *(.got.plt)

.rodata         0xfff8cd38      0x698
 *(.rodata)
 *(.rodata.*)
 *(C_1)
 *(C_2)
 *(C)
 C              0xfff8cd38        0x4 ./lib/libtm/libtm.o
 C              0xfff8cd3c       0x28 ./lib/libtm/libtm_printf.o
 C              0xfff8cd64      0x1e0 ./lib/libtk/sysdepend/cpu/rx65n/ipr_rx65n.o
                0xfff8cd64                IPR_index
 C              0xfff8cf44        0x8 ./lib/libtk/sysdepend/cpu/rx65n/ptimer_rx65n.o
 C              0xfff8cf4c        0x8 ./lib/libtk/fastlock.o
 C              0xfff8cf54        0x8 ./lib/libtk/fastmlock.o
 C              0xfff8cf5c        0x8 ./kernel/tkernel/device.o
 C              0xfff8cf64       0x10 ./kernel/tkernel/deviceio.o
 C              0xfff8cf74       0x18 ./kernel/tkernel/eventflag.o
 C              0xfff8cf8c       0x18 ./kernel/tkernel/mailbox.o
 C              0xfff8cfa4       0x18 ./kernel/tkernel/mempfix.o
 C              0xfff8cfbc       0x18 ./kernel/tkernel/mempool.o
 C              0xfff8cfd4       0x24 ./kernel/tkernel/messagebuf.o
 C              0xfff8cff8       0x24 ./kernel/tkernel/mutex.o
 C              0xfff8d01c       0x18 ./kernel/tkernel/semaphore.o
 C              0xfff8d034       0xc0 ./kernel/tkernel/task_manage.o
 C              0xfff8d0f4       0x18 ./kernel/tkernel/task_sync.o
 C              0xfff8d10c       0xcc ./kernel/sysinit/sysinit.o
 C              0xfff8d1d8       0x9c ./kernel/sysdepend/rtb_rx65n/hw_setting.o
 C              0xfff8d274       0xa8 ./kernel/sysdepend/cpu/core/rxv2/exc_hdr.o
 C              0xfff8d31c       0x6c ./kernel/inittask/inittask.o
                0xfff8d31c                knl_init_ctsk
 C              0xfff8d388       0x48 ./app_program/app_main.o
                0xfff8d388                ctsk1
                0xfff8d3a0                ctsk2
                0xfff8d3b8                ctsk3
                0xfff8d3d0                _erodata = .

.eh_frame_hdr
 *(.eh_frame_hdr)

.eh_frame
 *(.eh_frame)

.jcr
 *(.jcr)

.tors           0xfff8d3d0        0x0
                0xfff8d3d0                __CTOR_LIST__ = .
                0xfff8d3d0                . = ALIGN (0x2)
                0xfff8d3d0                ___ctors = .
 *(.ctors)
                0xfff8d3d0                ___ctors_end = .
                0xfff8d3d0                __CTOR_END__ = .
                0xfff8d3d0                __DTOR_LIST__ = .
                0xfff8d3d0                ___dtors = .
 *(.dtors)
                0xfff8d3d0                ___dtors_end = .
                0xfff8d3d0                __DTOR_END__ = .
                0xfff8d3d0                . = ALIGN (0x2)
                0xfff8d3d0                __data_org = .

.vector         0x00000000      0x800
                0x00000000                . = ALIGN (0x4)
 *(.data_ivector)
 .data_ivector  0x00000000      0x400 ./kernel/sysdepend/cpu/core/rxv2/interrupt.o
                0x00000000                knl_int_vect_ram
                0x00000400                . = ALIGN (0x4)
 *(.data_hvector)
 .data_hvector  0x00000400      0x400 ./kernel/sysdepend/cpu/core/rxv2/interrupt.o
                0x00000400                knl_hll_inthdr_ram

.data           0x00000800       0x40 load address 0xfff8d3d0
                0x00000800                . = ALIGN (0x4)
                0x00000800                __data_start = .
 *(.data)
 *(.data.*)
 *(D)
 D              0x00000800       0x40 ./lib/libtk/sysdepend/cpu/rx65n/ptimer_rx65n.o
                0x00000800                ptmrcb
 *(D_1)
 D_1            0x00000840        0x0 ./lib/libtm/sysdepend/nucleo_l476/tm_com.o
 D_1            0x00000840        0x0 ./lib/libtm/sysdepend/nucleo_h723/tm_com.o
 D_1            0x00000840        0x0 ./lib/libtm/sysdepend/no_device/tm_com.o
 D_1            0x00000840        0x0 ./lib/libtm/sysdepend/iote_stm32l4/tm_com.o
 D_1            0x00000840        0x0 ./lib/libtm/sysdepend/iote_rza2m/tm_com.o
 D_1            0x00000840        0x0 ./lib/libtm/sysdepend/iote_rx231/tm_com.o
 D_1            0x00000840        0x0 ./lib/libtm/sysdepend/iote_m367/tm_com.o
 D_1            0x00000840        0x0 ./lib/libtm/libtm.o
 D_1            0x00000840        0x0 ./lib/libtm/libtm_printf.o
 D_1            0x00000840        0x0 ./lib/libtk/sysdepend/cpu/tx03_m367/int_m367.o
 D_1            0x00000840        0x0 ./lib/libtk/sysdepend/cpu/tx03_m367/ptimer_m367.o
 D_1            0x00000840        0x0 ./lib/libtk/sysdepend/cpu/stm32l4/int_stm32l4.o
 D_1            0x00000840        0x0 ./lib/libtk/sysdepend/cpu/stm32l4/ptimer_stm32l4.o
 D_1            0x00000840        0x0 ./lib/libtk/sysdepend/cpu/stm32h7/int_stm32h7.o
 D_1            0x00000840        0x0 ./lib/libtk/sysdepend/cpu/stm32h7/ptimer_stm32h7.o
 D_1            0x00000840        0x0 ./lib/libtk/sysdepend/cpu/rza2m/ptimer_rza2m.o
 D_1            0x00000840        0x0 ./lib/libtk/sysdepend/cpu/rx65n/int_rx65n.o
 D_1            0x00000840        0x0 ./lib/libtk/sysdepend/cpu/rx65n/ipr_rx65n.o
 D_1            0x00000840        0x0 ./lib/libtk/sysdepend/cpu/rx65n/ptimer_rx65n.o
 D_1            0x00000840        0x0 ./lib/libtk/sysdepend/cpu/rx231/int_rx231.o
 D_1            0x00000840        0x0 ./lib/libtk/sysdepend/cpu/rx231/ipr_rx231.o
 D_1            0x00000840        0x0 ./lib/libtk/sysdepend/cpu/rx231/ptimer_rx231.o
 D_1            0x00000840        0x0 ./lib/libtk/sysdepend/cpu/core/rxv2/int_rxv2.o
 D_1            0x00000840        0x0 ./lib/libtk/sysdepend/cpu/core/rxv2/wusec_rvx2.o
 D_1            0x00000840        0x0 ./lib/libtk/sysdepend/cpu/core/armv7m/int_armv7m.o
 D_1            0x00000840        0x0 ./lib/libtk/sysdepend/cpu/core/armv7m/wusec_armv7m.o
 D_1            0x00000840        0x0 ./lib/libtk/sysdepend/cpu/core/armv7a/int_armv7a.o
 D_1            0x00000840        0x0 ./lib/libtk/sysdepend/cpu/core/armv7a/wusec_armv7a.o
 D_1            0x00000840        0x0 ./lib/libtk/fastlock.o
 D_1            0x00000840        0x0 ./lib/libtk/fastmlock.o
 D_1            0x00000840        0x0 ./lib/libtk/kmalloc.o
 D_1            0x00000840        0x0 ./kernel/usermain/usermain.o
 D_1            0x00000840        0x0 ./kernel/tstdlib/bitop.o
 D_1            0x00000840        0x0 ./kernel/tstdlib/string.o
 D_1            0x00000840        0x0 ./kernel/tkernel/cpuctl.o
 D_1            0x00000840        0x0 ./kernel/tkernel/device.o
 D_1            0x00000840        0x0 ./kernel/tkernel/deviceio.o
 D_1            0x00000840        0x0 ./kernel/tkernel/eventflag.o
 D_1            0x00000840        0x0 ./kernel/tkernel/int.o
 D_1            0x00000840        0x0 ./kernel/tkernel/klock.o
 D_1            0x00000840        0x0 ./kernel/tkernel/mailbox.o
 D_1            0x00000840        0x0 ./kernel/tkernel/memory.o
 D_1            0x00000840        0x0 ./kernel/tkernel/mempfix.o
 D_1            0x00000840        0x0 ./kernel/tkernel/mempool.o
 D_1            0x00000840        0x0 ./kernel/tkernel/messagebuf.o
 D_1            0x00000840        0x0 ./kernel/tkernel/misc_calls.o
 D_1            0x00000840        0x0 ./kernel/tkernel/mutex.o
 D_1            0x00000840        0x0 ./kernel/tkernel/objname.o
 D_1            0x00000840        0x0 ./kernel/tkernel/power.o
 D_1            0x00000840        0x0 ./kernel/tkernel/rendezvous.o
 D_1            0x00000840        0x0 ./kernel/tkernel/semaphore.o
 D_1            0x00000840        0x0 ./kernel/tkernel/task.o
 D_1            0x00000840        0x0 ./kernel/tkernel/task_manage.o
 D_1            0x00000840        0x0 ./kernel/tkernel/task_sync.o
 D_1            0x00000840        0x0 ./kernel/tkernel/time_calls.o
 D_1            0x00000840        0x0 ./kernel/tkernel/timer.o
 D_1            0x00000840        0x0 ./kernel/tkernel/tkinit.o
 D_1            0x00000840        0x0 ./kernel/tkernel/wait.o
 D_1            0x00000840        0x0 ./kernel/sysinit/sysinit.o
 D_1            0x00000840        0x0 ./kernel/sysdepend/rtb_rx65n/cpu_clock.o
 D_1            0x00000840        0x0 ./kernel/sysdepend/rtb_rx65n/devinit.o
 D_1            0x00000840        0x0 ./kernel/sysdepend/rtb_rx65n/hw_setting.o
 D_1            0x00000840        0x0 ./kernel/sysdepend/rtb_rx65n/power_save.o
 D_1            0x00000840        0x0 ./kernel/sysdepend/nucleo_l476/devinit.o
 D_1            0x00000840        0x0 ./kernel/sysdepend/nucleo_l476/hw_setting.o
 D_1            0x00000840        0x0 ./kernel/sysdepend/nucleo_l476/power_save.o
 D_1            0x00000840        0x0 ./kernel/sysdepend/nucleo_h723/devinit.o
 D_1            0x00000840        0x0 ./kernel/sysdepend/nucleo_h723/hw_setting.o
 D_1            0x00000840        0x0 ./kernel/sysdepend/nucleo_h723/power_save.o
 D_1            0x00000840        0x0 ./kernel/sysdepend/iote_stm32l4/devinit.o
 D_1            0x00000840        0x0 ./kernel/sysdepend/iote_stm32l4/hw_setting.o
 D_1            0x00000840        0x0 ./kernel/sysdepend/iote_stm32l4/power_save.o
 D_1            0x00000840        0x0 ./kernel/sysdepend/iote_rza2m/devinit.o
 D_1            0x00000840        0x0 ./kernel/sysdepend/iote_rza2m/hw_setting.o
 D_1            0x00000840        0x0 ./kernel/sysdepend/iote_rza2m/power_save.o
 D_1            0x00000840        0x0 ./kernel/sysdepend/iote_rx231/devinit.o
 D_1            0x00000840        0x0 ./kernel/sysdepend/iote_rx231/hw_setting.o
 D_1            0x00000840        0x0 ./kernel/sysdepend/iote_rx231/power_save.o
 D_1            0x00000840        0x0 ./kernel/sysdepend/iote_m367/devinit.o
 D_1            0x00000840        0x0 ./kernel/sysdepend/iote_m367/hw_setting.o
 D_1            0x00000840        0x0 ./kernel/sysdepend/iote_m367/power_save.o
 D_1            0x00000840        0x0 ./kernel/sysdepend/cpu/tx03_m367/cpu_clock.o
 D_1            0x00000840        0x0 ./kernel/sysdepend/cpu/tx03_m367/vector_tbl.o
 D_1            0x00000840        0x0 ./kernel/sysdepend/cpu/stm32l4/cpu_clock.o
 D_1            0x00000840        0x0 ./kernel/sysdepend/cpu/stm32l4/vector_tbl.o
 D_1            0x00000840        0x0 ./kernel/sysdepend/cpu/stm32h7/cpu_clock.o
 D_1            0x00000840        0x0 ./kernel/sysdepend/cpu/stm32h7/vector_tbl.o
 D_1            0x00000840        0x0 ./kernel/sysdepend/cpu/rza2m/cpu_clock.o
 D_1            0x00000840        0x0 ./kernel/sysdepend/cpu/rza2m/sf_boot.o
 D_1            0x00000840        0x0 ./kernel/sysdepend/cpu/rza2m/ttb_ini.o
 D_1            0x00000840        0x0 ./kernel/sysdepend/cpu/rx65n/hllint_ent.o
 D_1            0x00000840        0x0 ./kernel/sysdepend/cpu/rx65n/hllint_tbl.o
 D_1            0x00000840        0x0 ./kernel/sysdepend/cpu/rx65n/intvect_tbl.o
 D_1            0x00000840        0x0 ./kernel/sysdepend/cpu/rx231/cpu_clock.o
 D_1            0x00000840        0x0 ./kernel/sysdepend/cpu/rx231/hllint_ent.o
 D_1            0x00000840        0x0 ./kernel/sysdepend/cpu/rx231/hllint_tbl.o
 D_1            0x00000840        0x0 ./kernel/sysdepend/cpu/rx231/intvect_tbl.o
 D_1            0x00000840        0x0 ./kernel/sysdepend/cpu/core/rxv2/cpu_cntl.o
 D_1            0x00000840        0x0 ./kernel/sysdepend/cpu/core/rxv2/dispatch.o
 D_1            0x00000840        0x0 ./kernel/sysdepend/cpu/core/rxv2/exc_hdr.o
 D_1            0x00000840        0x0 ./kernel/sysdepend/cpu/core/rxv2/int_asm.o
 D_1            0x00000840        0x0 ./kernel/sysdepend/cpu/core/rxv2/interrupt.o
 D_1            0x00000840        0x0 ./kernel/sysdepend/cpu/core/rxv2/reset_hdl.o
 D_1            0x00000840        0x0 ./kernel/sysdepend/cpu/core/rxv2/reset_main.o
 D_1            0x00000840        0x0 ./kernel/sysdepend/cpu/core/rxv2/vector_tbl.o
 D_1            0x00000840        0x0 ./kernel/sysdepend/cpu/core/armv7m/cpu_cntl.o
 D_1            0x00000840        0x0 ./kernel/sysdepend/cpu/core/armv7m/dispatch.o
 D_1            0x00000840        0x0 ./kernel/sysdepend/cpu/core/armv7m/exc_hdr.o
 D_1            0x00000840        0x0 ./kernel/sysdepend/cpu/core/armv7m/interrupt.o
 D_1            0x00000840        0x0 ./kernel/sysdepend/cpu/core/armv7m/reset_hdl.o
 D_1            0x00000840        0x0 ./kernel/sysdepend/cpu/core/armv7a/cpu_cntl.o
 D_1            0x00000840        0x0 ./kernel/sysdepend/cpu/core/armv7a/dispatch.o
 D_1            0x00000840        0x0 ./kernel/sysdepend/cpu/core/armv7a/exc_entry.o
 D_1            0x00000840        0x0 ./kernel/sysdepend/cpu/core/armv7a/exc_hdl.o
 D_1            0x00000840        0x0 ./kernel/sysdepend/cpu/core/armv7a/int_asm.o
 D_1            0x00000840        0x0 ./kernel/sysdepend/cpu/core/armv7a/interrupt.o
 D_1            0x00000840        0x0 ./kernel/sysdepend/cpu/core/armv7a/reset_hdl.o
 D_1            0x00000840        0x0 ./kernel/sysdepend/cpu/core/armv7a/reset_main.o
 D_1            0x00000840        0x0 ./kernel/sysdepend/cpu/core/armv7a/vector_tbl.o
 D_1            0x00000840        0x0 ./kernel/inittask/inittask.o
 D_1            0x00000840        0x0 ./device/ser/sysdepend/tx03_m367/ser_m367.o
 D_1            0x00000840        0x0 ./device/ser/sysdepend/stm32l4/ser_stm32l4.o
 D_1            0x00000840        0x0 ./device/ser/sysdepend/stm32h7/ser_stm32h7.o
 D_1            0x00000840        0x0 ./device/ser/sysdepend/rza2m/ser_rza2m.o
 D_1            0x00000840        0x0 ./device/ser/sysdepend/rx65n/ser_rx65n.o
 D_1            0x00000840        0x0 ./device/ser/sysdepend/rx231/ser_rx231.o
 D_1            0x00000840        0x0 ./device/ser/ser.o
 D_1            0x00000840        0x0 ./device/i2c/sysdepend/tx03_m367/i2c_m367.o
 D_1            0x00000840        0x0 ./device/i2c/sysdepend/stm32l4/i2c_stm32l4.o
 D_1            0x00000840        0x0 ./device/i2c/sysdepend/stm32h7/i2c_stm32h7.o
 D_1            0x00000840        0x0 ./device/i2c/sysdepend/rza2m/i2c_rza2m.o
 D_1            0x00000840        0x0 ./device/i2c/sysdepend/rx65n/i2c_rx65n.o
 D_1            0x00000840        0x0 ./device/i2c/sysdepend/rx231/i2c_rx231.o
 D_1            0x00000840        0x0 ./device/i2c/i2c.o
 D_1            0x00000840        0x0 ./device/common/drvif/msdrvif.o
 D_1            0x00000840        0x0 ./device/adc/sysdepend/tx03_m367/adc_m367.o
 D_1            0x00000840        0x0 ./device/adc/sysdepend/stm32l4/adc_stm32l4.o
 D_1            0x00000840        0x0 ./device/adc/sysdepend/stm32h7/adc_stm32h7.o
 D_1            0x00000840        0x0 ./device/adc/sysdepend/rza2m/adc_rza2m.o
 D_1            0x00000840        0x0 ./device/adc/sysdepend/rx65n/adc_rx65n.o
 D_1            0x00000840        0x0 ./device/adc/sysdepend/rx231/adc_rx231.o
 D_1            0x00000840        0x0 ./device/adc/adc.o
 D_1            0x00000840        0x0 ./app_program/app_main.o
 *(D_2)
                0x00000840                __data_end = .

.gcc_exc
 *(.gcc_exc)

.bss            0x00000840     0x23f4 load address 0xfff8d410
                0x00000840                __bss_start = .
                0x00000840                PROVIDE (__noinit_start, .)
 *(.noinit)
 .noinit        0x00000840      0x264 ./kernel/tkernel/device.o
                0x00000840                knl_DevMgrLock
                0x00000850                knl_DefaultIDev
                0x00000854                knl_DevCBtbl
                0x00000a94                knl_UsedDevCB
                0x00000a9c                knl_FreeDevCB
 .noinit        0x00000aa4      0x75c ./kernel/tkernel/deviceio.o
                0x00000aa4                knl_OpnCBtbl
                0x00000ea4                knl_FreeOpnCB
                0x00000eac                knl_ReqCBtbl
                0x000011ec                knl_FreeReqCB
                0x000011f4                knl_resource_control_block
 .noinit        0x00001200      0x188 ./kernel/tkernel/eventflag.o
                0x00001200                knl_flgcb_table
                0x00001380                knl_free_flgcb
 .noinit        0x00001388       0xe8 ./kernel/tkernel/mailbox.o
                0x00001388                knl_mbxcb_table
                0x00001468                knl_free_mbxcb
 .noinit        0x00001470        0x4 ./kernel/tkernel/memory.o
                0x00001470                knl_imacb
 .noinit        0x00001474      0x1c8 ./kernel/tkernel/mempfix.o
                0x00001474                knl_mpfcb_table
                0x00001634                knl_free_mpfcb
 .noinit        0x0000163c       0xd8 ./kernel/tkernel/mempool.o
                0x0000163c                knl_mplcb_table
                0x0000170c                knl_free_mplcb
 .noinit        0x00001714      0x1a8 ./kernel/tkernel/messagebuf.o
                0x00001714                knl_mbfcb_table
                0x000018b4                knl_free_mbfcb
 .noinit        0x000018bc       0x88 ./kernel/tkernel/mutex.o
                0x000018bc                knl_mtxcb_table
                0x0000193c                knl_free_mtxcb
 .noinit        0x00001944      0x1c8 ./kernel/tkernel/semaphore.o
                0x00001944                knl_semcb_table
                0x00001b04                knl_free_semcb
 .noinit        0x00001b0c      0xe24 ./kernel/tkernel/task.o
                0x00001b0c                knl_dispatch_disabled
                0x00001b10                knl_ctxtsk
                0x00001b14                knl_schedtsk
                0x00001b18                knl_ready_queue
                0x00001c28                knl_tcb_table
                0x00002928                knl_free_tcb
 .noinit        0x00002930      0x1d0 ./kernel/tkernel/time_calls.o
                0x00002930                knl_cyccb_table
                0x000029d0                knl_free_cyccb
                0x000029d8                knl_almcb_table
                0x00002af8                knl_free_almcb
 .noinit        0x00002b00       0x18 ./kernel/tkernel/timer.o
                0x00002b00                knl_current_time
                0x00002b08                knl_real_time_ofs
                0x00002b10                knl_timer_queue
 .noinit        0x00002b18      0x100 ./kernel/sysdepend/cpu/core/rxv2/cpu_cntl.o
                0x00002b18                knl_tmp_stack
                0x00002c18                PROVIDE (__noinit_end, .)
 *(.bss)
 *(.bss.**)
 *(COMMON)
 COMMON         0x00002c18        0x8 ./kernel/sysdepend/cpu/core/rxv2/reset_main.o
                0x00002c18                knl_lowmem_top
                0x00002c1c                knl_lowmem_limit
 COMMON         0x00002c20        0x4 ./app_program/app_main.o
                0x00002c20                flgid1
 *(B)
 B              0x00002c24        0x4 ./kernel/tkernel/deviceio.o
                0x00002c24                knl_DisSusCnt
 B              0x00002c28        0x4 ./kernel/tkernel/power.o
                0x00002c28                knl_lowpow_discnt
 B              0x00002c2c        0x4 ./kernel/sysdepend/cpu/core/rxv2/cpu_cntl.o
                0x00002c2c                knl_taskindp
 B              0x00002c30        0x4 ./kernel/sysdepend/cpu/core/rxv2/interrupt.o
                0x00002c30                knl_int_nest
 *(B_1)
 B_1            0x00002c34        0x0 ./lib/libtm/sysdepend/nucleo_l476/tm_com.o
 B_1            0x00002c34        0x0 ./lib/libtm/sysdepend/nucleo_h723/tm_com.o
 B_1            0x00002c34        0x0 ./lib/libtm/sysdepend/no_device/tm_com.o
 B_1            0x00002c34        0x0 ./lib/libtm/sysdepend/iote_stm32l4/tm_com.o
 B_1            0x00002c34        0x0 ./lib/libtm/sysdepend/iote_rza2m/tm_com.o
 B_1            0x00002c34        0x0 ./lib/libtm/sysdepend/iote_rx231/tm_com.o
 B_1            0x00002c34        0x0 ./lib/libtm/sysdepend/iote_m367/tm_com.o
 B_1            0x00002c34        0x0 ./lib/libtm/libtm.o
 B_1            0x00002c34        0x0 ./lib/libtm/libtm_printf.o
 B_1            0x00002c34        0x0 ./lib/libtk/sysdepend/cpu/tx03_m367/int_m367.o
 B_1            0x00002c34        0x0 ./lib/libtk/sysdepend/cpu/tx03_m367/ptimer_m367.o
 B_1            0x00002c34        0x0 ./lib/libtk/sysdepend/cpu/stm32l4/int_stm32l4.o
 B_1            0x00002c34        0x0 ./lib/libtk/sysdepend/cpu/stm32l4/ptimer_stm32l4.o
 B_1            0x00002c34        0x0 ./lib/libtk/sysdepend/cpu/stm32h7/int_stm32h7.o
 B_1            0x00002c34        0x0 ./lib/libtk/sysdepend/cpu/stm32h7/ptimer_stm32h7.o
 B_1            0x00002c34        0x0 ./lib/libtk/sysdepend/cpu/rza2m/ptimer_rza2m.o
 B_1            0x00002c34        0x0 ./lib/libtk/sysdepend/cpu/rx65n/int_rx65n.o
 B_1            0x00002c34        0x0 ./lib/libtk/sysdepend/cpu/rx65n/ipr_rx65n.o
 B_1            0x00002c34        0x0 ./lib/libtk/sysdepend/cpu/rx65n/ptimer_rx65n.o
 B_1            0x00002c34        0x0 ./lib/libtk/sysdepend/cpu/rx231/int_rx231.o
 B_1            0x00002c34        0x0 ./lib/libtk/sysdepend/cpu/rx231/ipr_rx231.o
 B_1            0x00002c34        0x0 ./lib/libtk/sysdepend/cpu/rx231/ptimer_rx231.o
 B_1            0x00002c34        0x0 ./lib/libtk/sysdepend/cpu/core/rxv2/int_rxv2.o
 B_1            0x00002c34        0x0 ./lib/libtk/sysdepend/cpu/core/rxv2/wusec_rvx2.o
 B_1            0x00002c34        0x0 ./lib/libtk/sysdepend/cpu/core/armv7m/int_armv7m.o
 B_1            0x00002c34        0x0 ./lib/libtk/sysdepend/cpu/core/armv7m/wusec_armv7m.o
 B_1            0x00002c34        0x0 ./lib/libtk/sysdepend/cpu/core/armv7a/int_armv7a.o
 B_1            0x00002c34        0x0 ./lib/libtk/sysdepend/cpu/core/armv7a/wusec_armv7a.o
 B_1            0x00002c34        0x0 ./lib/libtk/fastlock.o
 B_1            0x00002c34        0x0 ./lib/libtk/fastmlock.o
 B_1            0x00002c34        0x0 ./lib/libtk/kmalloc.o
 B_1            0x00002c34        0x0 ./kernel/usermain/usermain.o
 B_1            0x00002c34        0x0 ./kernel/tstdlib/bitop.o
 B_1            0x00002c34        0x0 ./kernel/tstdlib/string.o
 B_1            0x00002c34        0x0 ./kernel/tkernel/cpuctl.o
 B_1            0x00002c34        0x0 ./kernel/tkernel/device.o
 B_1            0x00002c34        0x0 ./kernel/tkernel/deviceio.o
 B_1            0x00002c34        0x0 ./kernel/tkernel/eventflag.o
 B_1            0x00002c34        0x0 ./kernel/tkernel/int.o
 B_1            0x00002c34        0x0 ./kernel/tkernel/klock.o
 B_1            0x00002c34        0x0 ./kernel/tkernel/mailbox.o
 B_1            0x00002c34        0x0 ./kernel/tkernel/memory.o
 B_1            0x00002c34        0x0 ./kernel/tkernel/mempfix.o
 B_1            0x00002c34        0x0 ./kernel/tkernel/mempool.o
 B_1            0x00002c34        0x0 ./kernel/tkernel/messagebuf.o
 B_1            0x00002c34        0x0 ./kernel/tkernel/misc_calls.o
 B_1            0x00002c34        0x0 ./kernel/tkernel/mutex.o
 B_1            0x00002c34        0x0 ./kernel/tkernel/objname.o
 B_1            0x00002c34        0x0 ./kernel/tkernel/power.o
 B_1            0x00002c34        0x0 ./kernel/tkernel/rendezvous.o
 B_1            0x00002c34        0x0 ./kernel/tkernel/semaphore.o
 B_1            0x00002c34        0x0 ./kernel/tkernel/task.o
 B_1            0x00002c34        0x0 ./kernel/tkernel/task_manage.o
 B_1            0x00002c34        0x0 ./kernel/tkernel/task_sync.o
 B_1            0x00002c34        0x0 ./kernel/tkernel/time_calls.o
 B_1            0x00002c34        0x0 ./kernel/tkernel/timer.o
 B_1            0x00002c34        0x0 ./kernel/tkernel/tkinit.o
 B_1            0x00002c34        0x0 ./kernel/tkernel/wait.o
 B_1            0x00002c34        0x0 ./kernel/sysinit/sysinit.o
 B_1            0x00002c34        0x0 ./kernel/sysdepend/rtb_rx65n/cpu_clock.o
 B_1            0x00002c34        0x0 ./kernel/sysdepend/rtb_rx65n/devinit.o
 B_1            0x00002c34        0x0 ./kernel/sysdepend/rtb_rx65n/hw_setting.o
 B_1            0x00002c34        0x0 ./kernel/sysdepend/rtb_rx65n/power_save.o
 B_1            0x00002c34        0x0 ./kernel/sysdepend/nucleo_l476/devinit.o
 B_1            0x00002c34        0x0 ./kernel/sysdepend/nucleo_l476/hw_setting.o
 B_1            0x00002c34        0x0 ./kernel/sysdepend/nucleo_l476/power_save.o
 B_1            0x00002c34        0x0 ./kernel/sysdepend/nucleo_h723/devinit.o
 B_1            0x00002c34        0x0 ./kernel/sysdepend/nucleo_h723/hw_setting.o
 B_1            0x00002c34        0x0 ./kernel/sysdepend/nucleo_h723/power_save.o
 B_1            0x00002c34        0x0 ./kernel/sysdepend/iote_stm32l4/devinit.o
 B_1            0x00002c34        0x0 ./kernel/sysdepend/iote_stm32l4/hw_setting.o
 B_1            0x00002c34        0x0 ./kernel/sysdepend/iote_stm32l4/power_save.o
 B_1            0x00002c34        0x0 ./kernel/sysdepend/iote_rza2m/devinit.o
 B_1            0x00002c34        0x0 ./kernel/sysdepend/iote_rza2m/hw_setting.o
 B_1            0x00002c34        0x0 ./kernel/sysdepend/iote_rza2m/power_save.o
 B_1            0x00002c34        0x0 ./kernel/sysdepend/iote_rx231/devinit.o
 B_1            0x00002c34        0x0 ./kernel/sysdepend/iote_rx231/hw_setting.o
 B_1            0x00002c34        0x0 ./kernel/sysdepend/iote_rx231/power_save.o
 B_1            0x00002c34        0x0 ./kernel/sysdepend/iote_m367/devinit.o
 B_1            0x00002c34        0x0 ./kernel/sysdepend/iote_m367/hw_setting.o
 B_1            0x00002c34        0x0 ./kernel/sysdepend/iote_m367/power_save.o
 B_1            0x00002c34        0x0 ./kernel/sysdepend/cpu/tx03_m367/cpu_clock.o
 B_1            0x00002c34        0x0 ./kernel/sysdepend/cpu/tx03_m367/vector_tbl.o
 B_1            0x00002c34        0x0 ./kernel/sysdepend/cpu/stm32l4/cpu_clock.o
 B_1            0x00002c34        0x0 ./kernel/sysdepend/cpu/stm32l4/vector_tbl.o
 B_1            0x00002c34        0x0 ./kernel/sysdepend/cpu/stm32h7/cpu_clock.o
 B_1            0x00002c34        0x0 ./kernel/sysdepend/cpu/stm32h7/vector_tbl.o
 B_1            0x00002c34        0x0 ./kernel/sysdepend/cpu/rza2m/cpu_clock.o
 B_1            0x00002c34        0x0 ./kernel/sysdepend/cpu/rza2m/sf_boot.o
 B_1            0x00002c34        0x0 ./kernel/sysdepend/cpu/rza2m/ttb_ini.o
 B_1            0x00002c34        0x0 ./kernel/sysdepend/cpu/rx65n/hllint_ent.o
 B_1            0x00002c34        0x0 ./kernel/sysdepend/cpu/rx65n/hllint_tbl.o
 B_1            0x00002c34        0x0 ./kernel/sysdepend/cpu/rx65n/intvect_tbl.o
 B_1            0x00002c34        0x0 ./kernel/sysdepend/cpu/rx231/cpu_clock.o
 B_1            0x00002c34        0x0 ./kernel/sysdepend/cpu/rx231/hllint_ent.o
 B_1            0x00002c34        0x0 ./kernel/sysdepend/cpu/rx231/hllint_tbl.o
 B_1            0x00002c34        0x0 ./kernel/sysdepend/cpu/rx231/intvect_tbl.o
 B_1            0x00002c34        0x0 ./kernel/sysdepend/cpu/core/rxv2/cpu_cntl.o
 B_1            0x00002c34        0x0 ./kernel/sysdepend/cpu/core/rxv2/dispatch.o
 B_1            0x00002c34        0x0 ./kernel/sysdepend/cpu/core/rxv2/exc_hdr.o
 B_1            0x00002c34        0x0 ./kernel/sysdepend/cpu/core/rxv2/int_asm.o
 B_1            0x00002c34        0x0 ./kernel/sysdepend/cpu/core/rxv2/interrupt.o
 B_1            0x00002c34        0x0 ./kernel/sysdepend/cpu/core/rxv2/reset_hdl.o
 B_1            0x00002c34        0x0 ./kernel/sysdepend/cpu/core/rxv2/reset_main.o
 B_1            0x00002c34        0x0 ./kernel/sysdepend/cpu/core/rxv2/vector_tbl.o
 B_1            0x00002c34        0x0 ./kernel/sysdepend/cpu/core/armv7m/cpu_cntl.o
 B_1            0x00002c34        0x0 ./kernel/sysdepend/cpu/core/armv7m/dispatch.o
 B_1            0x00002c34        0x0 ./kernel/sysdepend/cpu/core/armv7m/exc_hdr.o
 B_1            0x00002c34        0x0 ./kernel/sysdepend/cpu/core/armv7m/interrupt.o
 B_1            0x00002c34        0x0 ./kernel/sysdepend/cpu/core/armv7m/reset_hdl.o
 B_1            0x00002c34        0x0 ./kernel/sysdepend/cpu/core/armv7a/cpu_cntl.o
 B_1            0x00002c34        0x0 ./kernel/sysdepend/cpu/core/armv7a/dispatch.o
 B_1            0x00002c34        0x0 ./kernel/sysdepend/cpu/core/armv7a/exc_entry.o
 B_1            0x00002c34        0x0 ./kernel/sysdepend/cpu/core/armv7a/exc_hdl.o
 B_1            0x00002c34        0x0 ./kernel/sysdepend/cpu/core/armv7a/int_asm.o
 B_1            0x00002c34        0x0 ./kernel/sysdepend/cpu/core/armv7a/interrupt.o
 B_1            0x00002c34        0x0 ./kernel/sysdepend/cpu/core/armv7a/reset_hdl.o
 B_1            0x00002c34        0x0 ./kernel/sysdepend/cpu/core/armv7a/reset_main.o
 B_1            0x00002c34        0x0 ./kernel/sysdepend/cpu/core/armv7a/vector_tbl.o
 B_1            0x00002c34        0x0 ./kernel/inittask/inittask.o
 B_1            0x00002c34        0x0 ./device/ser/sysdepend/tx03_m367/ser_m367.o
 B_1            0x00002c34        0x0 ./device/ser/sysdepend/stm32l4/ser_stm32l4.o
[...]
 .debug_str     0x000030e3       0x2c ./kernel/sysdepend/cpu/stm32h7/cpu_clock.o
                                 0xe5 (size before relaxing)
 .debug_str     0x0000310f       0x2d ./kernel/sysdepend/cpu/stm32h7/vector_tbl.o
                                 0xe6 (size before relaxing)
 .debug_str     0x0000313c       0x2a ./kernel/sysdepend/cpu/rza2m/cpu_clock.o
                                 0xe3 (size before relaxing)
 .debug_str     0x00003166       0x28 ./kernel/sysdepend/cpu/rza2m/ttb_ini.o
                                 0xe1 (size before relaxing)
 .debug_str     0x0000318e       0x2b ./kernel/sysdepend/cpu/rx65n/hllint_tbl.o
                                0x4e1 (size before relaxing)
 .debug_str     0x000031b9       0x2c ./kernel/sysdepend/cpu/rx65n/intvect_tbl.o
                                0x4e2 (size before relaxing)
 .debug_str     0x000031e5       0x2a ./kernel/sysdepend/cpu/rx231/cpu_clock.o
                                 0xe3 (size before relaxing)
 .debug_str     0x0000320f       0x2b ./kernel/sysdepend/cpu/rx231/hllint_tbl.o
                                 0xe4 (size before relaxing)
 .debug_str     0x0000323a       0x2c ./kernel/sysdepend/cpu/rx231/intvect_tbl.o
                                 0xe5 (size before relaxing)
 .debug_str     0x00003266       0x73 ./kernel/sysdepend/cpu/core/rxv2/cpu_cntl.o
                                0x56f (size before relaxing)
 .debug_str     0x000032d9       0x9e ./kernel/sysdepend/cpu/core/rxv2/exc_hdr.o
                                0x536 (size before relaxing)
 .debug_str     0x00003377       0x53 ./kernel/sysdepend/cpu/core/rxv2/interrupt.o
                                0x51d (size before relaxing)
 .debug_str     0x000033ca       0x7b ./kernel/sysdepend/cpu/core/rxv2/reset_main.o
                                0x536 (size before relaxing)
 .debug_str     0x00003445       0x45 ./kernel/sysdepend/cpu/core/rxv2/vector_tbl.o
                                0x4fb (size before relaxing)
 .debug_str     0x0000348a       0x2f ./kernel/sysdepend/cpu/core/armv7m/cpu_cntl.o
                                 0xe8 (size before relaxing)
 .debug_str     0x000034b9       0x2e ./kernel/sysdepend/cpu/core/armv7m/exc_hdr.o
                                 0xe7 (size before relaxing)
 .debug_str     0x000034e7       0x30 ./kernel/sysdepend/cpu/core/armv7m/interrupt.o
                                 0xe9 (size before relaxing)
 .debug_str     0x00003517       0x30 ./kernel/sysdepend/cpu/core/armv7m/reset_hdl.o
                                 0xe9 (size before relaxing)
 .debug_str     0x00003547       0x2f ./kernel/sysdepend/cpu/core/armv7a/cpu_cntl.o
                                 0xe8 (size before relaxing)
 .debug_str     0x00003576       0x2e ./kernel/sysdepend/cpu/core/armv7a/exc_hdl.o
                                 0xe7 (size before relaxing)
 .debug_str     0x000035a4       0x30 ./kernel/sysdepend/cpu/core/armv7a/interrupt.o
                                 0xe9 (size before relaxing)
 .debug_str     0x000035d4       0x31 ./kernel/sysdepend/cpu/core/armv7a/reset_main.o
                                 0xea (size before relaxing)
 .debug_str     0x00003605       0x4a ./kernel/inittask/inittask.o
                                0x4e1 (size before relaxing)
 .debug_str     0x0000364f       0x2d ./device/ser/sysdepend/tx03_m367/ser_m367.o
                                 0xe6 (size before relaxing)
 .debug_str     0x0000367c       0x2e ./device/ser/sysdepend/stm32l4/ser_stm32l4.o
                                 0xe7 (size before relaxing)
 .debug_str     0x000036aa       0x2e ./device/ser/sysdepend/stm32h7/ser_stm32h7.o
                                 0xe7 (size before relaxing)
 .debug_str     0x000036d8       0x2a ./device/ser/sysdepend/rza2m/ser_rza2m.o
                                 0xe3 (size before relaxing)
 .debug_str     0x00003702       0x2a ./device/ser/sysdepend/rx65n/ser_rx65n.o
                                 0xe3 (size before relaxing)
 .debug_str     0x0000372c       0x2a ./device/ser/sysdepend/rx231/ser_rx231.o
                                 0xe3 (size before relaxing)
 .debug_str     0x00003756       0x14 ./device/ser/ser.o
                                0x156 (size before relaxing)
 .debug_str     0x0000376a       0x2d ./device/i2c/sysdepend/tx03_m367/i2c_m367.o
                                 0xe6 (size before relaxing)
 .debug_str     0x00003797       0x2e ./device/i2c/sysdepend/stm32l4/i2c_stm32l4.o
                                 0xe7 (size before relaxing)
 .debug_str     0x000037c5       0x2e ./device/i2c/sysdepend/stm32h7/i2c_stm32h7.o
                                 0xe7 (size before relaxing)
 .debug_str     0x000037f3       0x2a ./device/i2c/sysdepend/rza2m/i2c_rza2m.o
                                 0xe3 (size before relaxing)
 .debug_str     0x0000381d       0x2a ./device/i2c/sysdepend/rx65n/i2c_rx65n.o
                                0x16c (size before relaxing)
 .debug_str     0x00003847       0x2a ./device/i2c/sysdepend/rx231/i2c_rx231.o
                                 0xe3 (size before relaxing)
 .debug_str     0x00003871       0x14 ./device/i2c/i2c.o
                                0x156 (size before relaxing)
 .debug_str     0x00003885       0xb8 ./device/common/drvif/msdrvif.o
                                0x31e (size before relaxing)
 .debug_str     0x0000393d       0x2d ./device/adc/sysdepend/tx03_m367/adc_m367.o
                                 0xe6 (size before relaxing)
 .debug_str     0x0000396a       0x2e ./device/adc/sysdepend/stm32l4/adc_stm32l4.o
                                 0xe7 (size before relaxing)
 .debug_str     0x00003998       0x2e ./device/adc/sysdepend/stm32h7/adc_stm32h7.o
                                 0xe7 (size before relaxing)
 .debug_str     0x000039c6       0x2a ./device/adc/sysdepend/rza2m/adc_rza2m.o
                                 0xe3 (size before relaxing)
 .debug_str     0x000039f0       0x2a ./device/adc/sysdepend/rx65n/adc_rx65n.o
                                0x16c (size before relaxing)
 .debug_str     0x00003a1a       0x2a ./device/adc/sysdepend/rx231/adc_rx231.o
                                 0xe3 (size before relaxing)
 .debug_str     0x00003a44       0x14 ./device/adc/adc.o
                                0x156 (size before relaxing)
 .debug_str     0x00003a58       0x53 ./app_program/app_main.o
                                0x1fd (size before relaxing)

.comment        0x00000000       0x36
 .comment       0x00000000       0x36 ./lib/libtm/sysdepend/nucleo_l476/tm_com.o
                                 0x37 (size before relaxing)
 .comment       0x00000000       0x37 ./lib/libtm/sysdepend/nucleo_h723/tm_com.o
 .comment       0x00000000       0x37 ./lib/libtm/sysdepend/no_device/tm_com.o
 .comment       0x00000000       0x37 ./lib/libtm/sysdepend/iote_stm32l4/tm_com.o
 .comment       0x00000000       0x37 ./lib/libtm/sysdepend/iote_rza2m/tm_com.o
 .comment       0x00000000       0x37 ./lib/libtm/sysdepend/iote_rx231/tm_com.o
 .comment       0x00000000       0x37 ./lib/libtm/sysdepend/iote_m367/tm_com.o
 .comment       0x00000000       0x37 ./lib/libtm/libtm.o
 .comment       0x00000000       0x37 ./lib/libtm/libtm_printf.o
 .comment       0x00000000       0x37 ./lib/libtk/sysdepend/cpu/tx03_m367/int_m367.o
 .comment       0x00000000       0x37 ./lib/libtk/sysdepend/cpu/tx03_m367/ptimer_m367.o
 .comment       0x00000000       0x37 ./lib/libtk/sysdepend/cpu/stm32l4/int_stm32l4.o
 .comment       0x00000000       0x37 ./lib/libtk/sysdepend/cpu/stm32l4/ptimer_stm32l4.o
 .comment       0x00000000       0x37 ./lib/libtk/sysdepend/cpu/stm32h7/int_stm32h7.o
 .comment       0x00000000       0x37 ./lib/libtk/sysdepend/cpu/stm32h7/ptimer_stm32h7.o
 .comment       0x00000000       0x37 ./lib/libtk/sysdepend/cpu/rza2m/ptimer_rza2m.o
 .comment       0x00000000       0x37 ./lib/libtk/sysdepend/cpu/rx65n/int_rx65n.o
 .comment       0x00000000       0x37 ./lib/libtk/sysdepend/cpu/rx65n/ipr_rx65n.o
 .comment       0x00000000       0x37 ./lib/libtk/sysdepend/cpu/rx65n/ptimer_rx65n.o
 .comment       0x00000000       0x37 ./lib/libtk/sysdepend/cpu/rx231/int_rx231.o
 .comment       0x00000000       0x37 ./lib/libtk/sysdepend/cpu/rx231/ipr_rx231.o
 .comment       0x00000000       0x37 ./lib/libtk/sysdepend/cpu/rx231/ptimer_rx231.o
 .comment       0x00000000       0x37 ./lib/libtk/sysdepend/cpu/core/rxv2/int_rxv2.o
 .comment       0x00000000       0x37 ./lib/libtk/sysdepend/cpu/core/rxv2/wusec_rvx2.o
 .comment       0x00000000       0x37 ./lib/libtk/sysdepend/cpu/core/armv7m/int_armv7m.o
 .comment       0x00000000       0x37 ./lib/libtk/sysdepend/cpu/core/armv7m/wusec_armv7m.o
 .comment       0x00000000       0x37 ./lib/libtk/sysdepend/cpu/core/armv7a/int_armv7a.o
 .comment       0x00000000       0x37 ./lib/libtk/sysdepend/cpu/core/armv7a/wusec_armv7a.o
 .comment       0x00000000       0x37 ./lib/libtk/fastlock.o
 .comment       0x00000000       0x37 ./lib/libtk/fastmlock.o
 .comment       0x00000000       0x37 ./lib/libtk/kmalloc.o
 .comment       0x00000000       0x37 ./kernel/usermain/usermain.o
 .comment       0x00000000       0x37 ./kernel/tstdlib/bitop.o
 .comment       0x00000000       0x37 ./kernel/tstdlib/string.o
 .comment       0x00000000       0x37 ./kernel/tkernel/cpuctl.o
 .comment       0x00000000       0x37 ./kernel/tkernel/device.o
 .comment       0x00000000       0x37 ./kernel/tkernel/deviceio.o
 .comment       0x00000000       0x37 ./kernel/tkernel/eventflag.o
 .comment       0x00000000       0x37 ./kernel/tkernel/int.o
 .comment       0x00000000       0x37 ./kernel/tkernel/klock.o
 .comment       0x00000000       0x37 ./kernel/tkernel/mailbox.o
 .comment       0x00000000       0x37 ./kernel/tkernel/memory.o
 .comment       0x00000000       0x37 ./kernel/tkernel/mempfix.o
 .comment       0x00000000       0x37 ./kernel/tkernel/mempool.o
 .comment       0x00000000       0x37 ./kernel/tkernel/messagebuf.o
 .comment       0x00000000       0x37 ./kernel/tkernel/misc_calls.o
 .comment       0x00000000       0x37 ./kernel/tkernel/mutex.o
 .comment       0x00000000       0x37 ./kernel/tkernel/objname.o
 .comment       0x00000000       0x37 ./kernel/tkernel/power.o
 .comment       0x00000000       0x37 ./kernel/tkernel/rendezvous.o
 .comment       0x00000000       0x37 ./kernel/tkernel/semaphore.o
 .comment       0x00000000       0x37 ./kernel/tkernel/task.o
 .comment       0x00000000       0x37 ./kernel/tkernel/task_manage.o
 .comment       0x00000000       0x37 ./kernel/tkernel/task_sync.o
 .comment       0x00000000       0x37 ./kernel/tkernel/time_calls.o
 .comment       0x00000000       0x37 ./kernel/tkernel/timer.o
 .comment       0x00000000       0x37 ./kernel/tkernel/tkinit.o
 .comment       0x00000000       0x37 ./kernel/tkernel/wait.o
 .comment       0x00000000       0x37 ./kernel/sysinit/sysinit.o
 .comment       0x00000000       0x37 ./kernel/sysdepend/rtb_rx65n/cpu_clock.o
 .comment       0x00000000       0x37 ./kernel/sysdepend/rtb_rx65n/devinit.o
 .comment       0x00000000       0x37 ./kernel/sysdepend/rtb_rx65n/hw_setting.o
 .comment       0x00000000       0x37 ./kernel/sysdepend/rtb_rx65n/power_save.o
 .comment       0x00000000       0x37 ./kernel/sysdepend/nucleo_l476/devinit.o
 .comment       0x00000000       0x37 ./kernel/sysdepend/nucleo_l476/hw_setting.o
 .comment       0x00000000       0x37 ./kernel/sysdepend/nucleo_l476/power_save.o
 .comment       0x00000000       0x37 ./kernel/sysdepend/nucleo_h723/devinit.o
 .comment       0x00000000       0x37 ./kernel/sysdepend/nucleo_h723/hw_setting.o
 .comment       0x00000000       0x37 ./kernel/sysdepend/nucleo_h723/power_save.o
 .comment       0x00000000       0x37 ./kernel/sysdepend/iote_stm32l4/devinit.o
 .comment       0x00000000       0x37 ./kernel/sysdepend/iote_stm32l4/hw_setting.o
 .comment       0x00000000       0x37 ./kernel/sysdepend/iote_stm32l4/power_save.o
 .comment       0x00000000       0x37 ./kernel/sysdepend/iote_rza2m/devinit.o
 .comment       0x00000000       0x37 ./kernel/sysdepend/iote_rza2m/hw_setting.o
 .comment       0x00000000       0x37 ./kernel/sysdepend/iote_rza2m/power_save.o
 .comment       0x00000000       0x37 ./kernel/sysdepend/iote_rx231/devinit.o
 .comment       0x00000000       0x37 ./kernel/sysdepend/iote_rx231/hw_setting.o
 .comment       0x00000000       0x37 ./kernel/sysdepend/iote_rx231/power_save.o
 .comment       0x00000000       0x37 ./kernel/sysdepend/iote_m367/devinit.o
 .comment       0x00000000       0x37 ./kernel/sysdepend/iote_m367/hw_setting.o
 .comment       0x00000000       0x37 ./kernel/sysdepend/iote_m367/power_save.o
 .comment       0x00000000       0x37 ./kernel/sysdepend/cpu/tx03_m367/cpu_clock.o
 .comment       0x00000000       0x37 ./kernel/sysdepend/cpu/tx03_m367/vector_tbl.o
 .comment       0x00000000       0x37 ./kernel/sysdepend/cpu/stm32l4/cpu_clock.o
 .comment       0x00000000       0x37 ./kernel/sysdepend/cpu/stm32l4/vector_tbl.o
 .comment       0x00000000       0x37 ./kernel/sysdepend/cpu/stm32h7/cpu_clock.o
 .comment       0x00000000       0x37 ./kernel/sysdepend/cpu/stm32h7/vector_tbl.o
 .comment       0x00000000       0x37 ./kernel/sysdepend/cpu/rza2m/cpu_clock.o
 .comment       0x00000000       0x37 ./kernel/sysdepend/cpu/rza2m/ttb_ini.o
 .comment       0x00000000       0x37 ./kernel/sysdepend/cpu/rx65n/hllint_tbl.o
 .comment       0x00000000       0x37 ./kernel/sysdepend/cpu/rx65n/intvect_tbl.o
 .comment       0x00000000       0x37 ./kernel/sysdepend/cpu/rx231/cpu_clock.o
 .comment       0x00000000       0x37 ./kernel/sysdepend/cpu/rx231/hllint_tbl.o
 .comment       0x00000000       0x37 ./kernel/sysdepend/cpu/rx231/intvect_tbl.o
 .comment       0x00000000       0x37 ./kernel/sysdepend/cpu/core/rxv2/cpu_cntl.o
 .comment       0x00000000       0x37 ./kernel/sysdepend/cpu/core/rxv2/exc_hdr.o
 .comment       0x00000000       0x37 ./kernel/sysdepend/cpu/core/rxv2/interrupt.o
 .comment       0x00000000       0x37 ./kernel/sysdepend/cpu/core/rxv2/reset_main.o
 .comment       0x00000000       0x37 ./kernel/sysdepend/cpu/core/rxv2/vector_tbl.o
 .comment       0x00000000       0x37 ./kernel/sysdepend/cpu/core/armv7m/cpu_cntl.o
 .comment       0x00000000       0x37 ./kernel/sysdepend/cpu/core/armv7m/exc_hdr.o
 .comment       0x00000000       0x37 ./kernel/sysdepend/cpu/core/armv7m/interrupt.o
 .comment       0x00000000       0x37 ./kernel/sysdepend/cpu/core/armv7m/reset_hdl.o
 .comment       0x00000000       0x37 ./kernel/sysdepend/cpu/core/armv7a/cpu_cntl.o
 .comment       0x00000000       0x37 ./kernel/sysdepend/cpu/core/armv7a/exc_hdl.o
 .comment       0x00000000       0x37 ./kernel/sysdepend/cpu/core/armv7a/interrupt.o
 .comment       0x00000000       0x37 ./kernel/sysdepend/cpu/core/armv7a/reset_main.o
 .comment       0x00000000       0x37 ./kernel/inittask/inittask.o
 .comment       0x00000000       0x37 ./device/ser/sysdepend/tx03_m367/ser_m367.o
 .comment       0x00000000       0x37 ./device/ser/sysdepend/stm32l4/ser_stm32l4.o
 .comment       0x00000000       0x37 ./device/ser/sysdepend/stm32h7/ser_stm32h7.o
 .comment       0x00000000       0x37 ./device/ser/sysdepend/rza2m/ser_rza2m.o
 .comment       0x00000000       0x37 ./device/ser/sysdepend/rx65n/ser_rx65n.o
 .comment       0x00000000       0x37 ./device/ser/sysdepend/rx231/ser_rx231.o
 .comment       0x00000000       0x37 ./device/ser/ser.o
 .comment       0x00000000       0x37 ./device/i2c/sysdepend/tx03_m367/i2c_m367.o
 .comment       0x00000000       0x37 ./device/i2c/sysdepend/stm32l4/i2c_stm32l4.o
 .comment       0x00000000       0x37 ./device/i2c/sysdepend/stm32h7/i2c_stm32h7.o
 .comment       0x00000000       0x37 ./device/i2c/sysdepend/rza2m/i2c_rza2m.o
 .comment       0x00000000       0x37 ./device/i2c/sysdepend/rx65n/i2c_rx65n.o
 .comment       0x00000000       0x37 ./device/i2c/sysdepend/rx231/i2c_rx231.o
 .comment       0x00000000       0x37 ./device/i2c/i2c.o
 .comment       0x00000000       0x37 ./device/common/drvif/msdrvif.o
 .comment       0x00000000       0x37 ./device/adc/sysdepend/tx03_m367/adc_m367.o
 .comment       0x00000000       0x37 ./device/adc/sysdepend/stm32l4/adc_stm32l4.o
 .comment       0x00000000       0x37 ./device/adc/sysdepend/stm32h7/adc_stm32h7.o
 .comment       0x00000000       0x37 ./device/adc/sysdepend/rza2m/adc_rza2m.o
 .comment       0x00000000       0x37 ./device/adc/sysdepend/rx65n/adc_rx65n.o
 .comment       0x00000000       0x37 ./device/adc/sysdepend/rx231/adc_rx231.o
 .comment       0x00000000       0x37 ./device/adc/adc.o
 .comment       0x00000000       0x37 ./app_program/app_main.o

.debug_frame    0x00000000     0x4304
 .debug_frame   0x00000000       0x7c ./lib/libtm/sysdepend/no_device/tm_com.o
 .debug_frame   0x0000007c       0xc4 ./lib/libtm/libtm.o
 .debug_frame   0x00000140       0xf0 ./lib/libtm/libtm_printf.o
 .debug_frame   0x00000230      0x1a0 ./lib/libtk/sysdepend/cpu/rx65n/ptimer_rx65n.o
 .debug_frame   0x000003d0      0x188 ./lib/libtk/sysdepend/cpu/core/rxv2/int_rxv2.o
 .debug_frame   0x00000558       0x90 ./lib/libtk/sysdepend/cpu/core/rxv2/wusec_rvx2.o
 .debug_frame   0x000005e8       0xec ./lib/libtk/fastlock.o
 .debug_frame   0x000006d4      0x170 ./lib/libtk/fastmlock.o
 .debug_frame   0x00000844       0xa4 ./lib/libtk/kmalloc.o
 .debug_frame   0x000008e8       0x34 ./kernel/usermain/usermain.o
 .debug_frame   0x0000091c      0x14c ./kernel/tstdlib/string.o
 .debug_frame   0x00000a68       0xbc ./kernel/tkernel/cpuctl.o
 .debug_frame   0x00000b24      0x368 ./kernel/tkernel/device.o
 .debug_frame   0x00000e8c      0x4ac ./kernel/tkernel/deviceio.o
 .debug_frame   0x00001338      0x214 ./kernel/tkernel/eventflag.o
 .debug_frame   0x0000154c       0x78 ./kernel/tkernel/int.o
 .debug_frame   0x000015c4      0x1cc ./kernel/tkernel/klock.o
 .debug_frame   0x00001790      0x1e8 ./kernel/tkernel/mailbox.o
 .debug_frame   0x00001978      0x208 ./kernel/tkernel/memory.o
 .debug_frame   0x00001b80      0x20c ./kernel/tkernel/mempfix.o
 .debug_frame   0x00001d8c      0x2e4 ./kernel/tkernel/mempool.o
 .debug_frame   0x00002070      0x29c ./kernel/tkernel/messagebuf.o
 .debug_frame   0x0000230c       0x7c ./kernel/tkernel/misc_calls.o
 .debug_frame   0x00002388      0x278 ./kernel/tkernel/mutex.o
 .debug_frame   0x00002600      0x1c4 ./kernel/tkernel/semaphore.o
 .debug_frame   0x000027c4      0x310 ./kernel/tkernel/task.o
 .debug_frame   0x00002ad4      0x320 ./kernel/tkernel/task_manage.o
 .debug_frame   0x00002df4      0x178 ./kernel/tkernel/task_sync.o
 .debug_frame   0x00002f6c      0x574 ./kernel/tkernel/time_calls.o
 .debug_frame   0x000034e0      0x2d8 ./kernel/tkernel/timer.o
 .debug_frame   0x000037b8       0x38 ./kernel/tkernel/tkinit.o
 .debug_frame   0x000037f0      0x29c ./kernel/tkernel/wait.o
 .debug_frame   0x00003a8c       0x58 ./kernel/sysinit/sysinit.o
 .debug_frame   0x00003ae4       0xe4 ./kernel/sysdepend/rtb_rx65n/cpu_clock.o
 .debug_frame   0x00003bc8       0x74 ./kernel/sysdepend/rtb_rx65n/devinit.o
 .debug_frame   0x00003c3c       0xe8 ./kernel/sysdepend/rtb_rx65n/hw_setting.o
 .debug_frame   0x00003d24       0x54 ./kernel/sysdepend/rtb_rx65n/power_save.o
 .debug_frame   0x00003d78       0xa0 ./kernel/sysdepend/cpu/core/rxv2/cpu_cntl.o
 .debug_frame   0x00003e18      0x16c ./kernel/sysdepend/cpu/core/rxv2/exc_hdr.o
 .debug_frame   0x00003f84       0x58 ./kernel/sysdepend/cpu/core/rxv2/interrupt.o
 .debug_frame   0x00003fdc       0x5c ./kernel/sysdepend/cpu/core/rxv2/reset_main.o
 .debug_frame   0x00004038       0x88 ./kernel/inittask/inittask.o
 .debug_frame   0x000040c0      0x134 ./device/common/drvif/msdrvif.o
 .debug_frame   0x000041f4      0x110 ./app_program/app_main.o
