   1                             		.file	"power.c"
   2                             		.section P,"ax"
   3                             	.Ltext0:
   4                             		.global	_knl_lowpow_discnt
   5                             		.section B,"w",@nobits
   6                             		.p2align 2
   7                             		.balign 4
  10                             	_knl_lowpow_discnt:
  11 0000 00 00 00 00             		.zero	4
  12                             		.section P,"ax"
  13                             	.Letext0:
  14                             		.file 1 "D:\\tkernel_dev\\mtk3_bsp\\dev_bsp_b2_rskrx65n\\include/tk/typedef.h"
  15                             		.file 2 "D:\\tkernel_dev\\mtk3_bsp\\dev_bsp_b2_rskrx65n\\include/tk/syscall.h"
  16                             		.file 3 "D:\\tkernel_dev\\mtk3_bsp\\dev_bsp_b2_rskrx65n\\include/sys/queue.h"
  17                             		.file 4 "D:\\tkernel_dev\\mtk3_bsp\\dev_bsp_b2_rskrx65n\\kernel\\knlinc/kernel.h"
  18                             		.file 5 "d:\\tkernel_dev\\mtk3_bsp\\dev_bsp_b2_rskrx65n\\kernel\\tkernel\\timer.h"
  19                             		.file 6 "d:\\tkernel_dev\\mtk3_bsp\\dev_bsp_b2_rskrx65n\\kernel\\tkernel\\winfo.h"
  20                             		.file 7 "d:\\tkernel_dev\\mtk3_bsp\\dev_bsp_b2_rskrx65n\\kernel\\tkernel\\mutex.h"
  21                             		.file 8 "d:\\tkernel_dev\\mtk3_bsp\\dev_bsp_b2_rskrx65n\\kernel\\sysdepend\\cpu\\core\\rxv2\\sysde
  22                             		.file 9 "d:\\tkernel_dev\\mtk3_bsp\\dev_bsp_b2_rskrx65n\\kernel\\sysdepend\\cpu\\core\\rxv2\\cpu_s
  23                             		.file 10 "../kernel/tkernel/power.c"
