   1                             		.file	"usermain.c"
   2                             		.section P,"ax"
   3                             	.Ltext0:
   4                             		.weak	_usermain
   6                             	_usermain:
   7                             	.LFB6:
   8                             		.file 1 "../kernel/usermain/usermain.c"
   1:../kernel/usermain/usermain.c **** /*
   2:../kernel/usermain/usermain.c ****  *----------------------------------------------------------------------
   3:../kernel/usermain/usermain.c ****  *    micro T-Kernel 3.00.00
   4:../kernel/usermain/usermain.c ****  *
   5:../kernel/usermain/usermain.c ****  *    Copyright (C) 2006-2019 by Ken Sakamura.
   6:../kernel/usermain/usermain.c ****  *    This software is distributed under the T-License 2.1.
   7:../kernel/usermain/usermain.c ****  *----------------------------------------------------------------------
   8:../kernel/usermain/usermain.c ****  *
   9:../kernel/usermain/usermain.c ****  *    Released by TRON Forum(http://www.tron.org) at 2019/12/11.
  10:../kernel/usermain/usermain.c ****  *
  11:../kernel/usermain/usermain.c ****  *----------------------------------------------------------------------
  12:../kernel/usermain/usermain.c ****  */
  13:../kernel/usermain/usermain.c **** 
  14:../kernel/usermain/usermain.c **** #include <tk/tkernel.h>
  15:../kernel/usermain/usermain.c **** #include <tm/tmonitor.h>
  16:../kernel/usermain/usermain.c **** 
  17:../kernel/usermain/usermain.c **** /*
  18:../kernel/usermain/usermain.c ****  * Entry routine for the user application.
  19:../kernel/usermain/usermain.c ****  * At this point, Initialize and start the user application.
  20:../kernel/usermain/usermain.c ****  *
  21:../kernel/usermain/usermain.c ****  * Entry routine is called from the initial task for Kernel,
  22:../kernel/usermain/usermain.c ****  * so system call for stopping the task should not be issued 
  23:../kernel/usermain/usermain.c ****  * from the contexts of entry routine.
  24:../kernel/usermain/usermain.c ****  * We recommend that:
  25:../kernel/usermain/usermain.c ****  * (1)'usermain()' only generates the user initial task.
  26:../kernel/usermain/usermain.c ****  * (2)initialize and start the user application by the user
  27:../kernel/usermain/usermain.c ****  * initial task.
  28:../kernel/usermain/usermain.c ****  */
  29:../kernel/usermain/usermain.c **** 
  30:../kernel/usermain/usermain.c **** WEAK_FUNC EXPORT INT	usermain( void )
  31:../kernel/usermain/usermain.c **** {
   9                             		.loc 1 31 1
  10 0000 7E AA                   		push.l	r10
  11                             	.LCFI0:
  12 0002 EF 0A                   		mov.L	r0, r10
  13                             	.LCFI1:
  32:../kernel/usermain/usermain.c **** 	return 0;
  14                             		.loc 1 32 9
  15 0004 66 05                   		mov.L	#0, r5
  33:../kernel/usermain/usermain.c **** }
  16                             		.loc 1 33 1
  17 0006 EF 51                   		mov.L	r5, r1
  18 0008 3F AA 01                		rtsd	#4, r10-r10
  19                             	.LFE6:
  57                             	.Letext0:
  58                             		.file 2 "D:\\tkernel_dev\\mtk3_bsp\\dev_bsp_b2_rskrx65n\\include/tk/typedef.h"
